Archive member included because of file (symbol)

c:/program files (x86)/atmel/atmel toolchain/avr8 gcc/native/3.4.2.1002/avr8-gnu-toolchain/bin/../lib/gcc/avr/4.7.2/../../../../avr/lib/avrxmega7\libm.a(addsf3.o)
                              src/ASF/common/services/sensors/drivers/akm/ak8975.o (__subsf3)
c:/program files (x86)/atmel/atmel toolchain/avr8 gcc/native/3.4.2.1002/avr8-gnu-toolchain/bin/../lib/gcc/avr/4.7.2/../../../../avr/lib/avrxmega7\libm.a(addsf3x.o)
                              c:/program files (x86)/atmel/atmel toolchain/avr8 gcc/native/3.4.2.1002/avr8-gnu-toolchain/bin/../lib/gcc/avr/4.7.2/../../../../avr/lib/avrxmega7\libm.a(addsf3.o) (__addsf3x)
c:/program files (x86)/atmel/atmel toolchain/avr8 gcc/native/3.4.2.1002/avr8-gnu-toolchain/bin/../lib/gcc/avr/4.7.2/../../../../avr/lib/avrxmega7\libm.a(asin.o)
                              src/ASF/common/services/sensors/physics/physics.o (asin)
c:/program files (x86)/atmel/atmel toolchain/avr8 gcc/native/3.4.2.1002/avr8-gnu-toolchain/bin/../lib/gcc/avr/4.7.2/../../../../avr/lib/avrxmega7\libm.a(atan2.o)
                              src/ASF/common/services/sensors/physics/physics.o (atan2)
c:/program files (x86)/atmel/atmel toolchain/avr8 gcc/native/3.4.2.1002/avr8-gnu-toolchain/bin/../lib/gcc/avr/4.7.2/../../../../avr/lib/avrxmega7\libm.a(atan.o)
                              c:/program files (x86)/atmel/atmel toolchain/avr8 gcc/native/3.4.2.1002/avr8-gnu-toolchain/bin/../lib/gcc/avr/4.7.2/../../../../avr/lib/avrxmega7\libm.a(atan2.o) (atan)
c:/program files (x86)/atmel/atmel toolchain/avr8 gcc/native/3.4.2.1002/avr8-gnu-toolchain/bin/../lib/gcc/avr/4.7.2/../../../../avr/lib/avrxmega7\libm.a(cmpsf2.o)
                              src/ASF/common/services/sensors/physics/physics.o (__eqsf2)
c:/program files (x86)/atmel/atmel toolchain/avr8 gcc/native/3.4.2.1002/avr8-gnu-toolchain/bin/../lib/gcc/avr/4.7.2/../../../../avr/lib/avrxmega7\libm.a(divsf3.o)
                              src/ASF/common/services/sensors/drivers/bosch/bmp.o (__divsf3)
c:/program files (x86)/atmel/atmel toolchain/avr8 gcc/native/3.4.2.1002/avr8-gnu-toolchain/bin/../lib/gcc/avr/4.7.2/../../../../avr/lib/avrxmega7\libm.a(divsf3x.o)
                              c:/program files (x86)/atmel/atmel toolchain/avr8 gcc/native/3.4.2.1002/avr8-gnu-toolchain/bin/../lib/gcc/avr/4.7.2/../../../../avr/lib/avrxmega7\libm.a(divsf3.o) (__divsf3x)
c:/program files (x86)/atmel/atmel toolchain/avr8 gcc/native/3.4.2.1002/avr8-gnu-toolchain/bin/../lib/gcc/avr/4.7.2/../../../../avr/lib/avrxmega7\libm.a(fixsfdi.o)
                              src/ASF/common/services/sensors/drivers/bosch/bmp.o (__fixunssfdi)
c:/program files (x86)/atmel/atmel toolchain/avr8 gcc/native/3.4.2.1002/avr8-gnu-toolchain/bin/../lib/gcc/avr/4.7.2/../../../../avr/lib/avrxmega7\libm.a(fixsfsi.o)
                              src/ASF/common/services/sensors/drivers/akm/ak8975.o (__fixsfsi)
c:/program files (x86)/atmel/atmel toolchain/avr8 gcc/native/3.4.2.1002/avr8-gnu-toolchain/bin/../lib/gcc/avr/4.7.2/../../../../avr/lib/avrxmega7\libm.a(fixunssfsi.o)
                              c:/program files (x86)/atmel/atmel toolchain/avr8 gcc/native/3.4.2.1002/avr8-gnu-toolchain/bin/../lib/gcc/avr/4.7.2/../../../../avr/lib/avrxmega7\libm.a(fixsfsi.o) (__fixunssfsi)
c:/program files (x86)/atmel/atmel toolchain/avr8 gcc/native/3.4.2.1002/avr8-gnu-toolchain/bin/../lib/gcc/avr/4.7.2/../../../../avr/lib/avrxmega7\libm.a(floatsisf.o)
                              src/ASF/common/services/sensors/drivers/akm/ak8975.o (__floatsisf)
c:/program files (x86)/atmel/atmel toolchain/avr8 gcc/native/3.4.2.1002/avr8-gnu-toolchain/bin/../lib/gcc/avr/4.7.2/../../../../avr/lib/avrxmega7\libm.a(floatundisf.o)
                              src/ASF/common/services/sensors/drivers/bosch/bmp.o (__floatundisf)
c:/program files (x86)/atmel/atmel toolchain/avr8 gcc/native/3.4.2.1002/avr8-gnu-toolchain/bin/../lib/gcc/avr/4.7.2/../../../../avr/lib/avrxmega7\libm.a(fp_arccos.o)
                              c:/program files (x86)/atmel/atmel toolchain/avr8 gcc/native/3.4.2.1002/avr8-gnu-toolchain/bin/../lib/gcc/avr/4.7.2/../../../../avr/lib/avrxmega7\libm.a(asin.o) (__fp_arccos)
c:/program files (x86)/atmel/atmel toolchain/avr8 gcc/native/3.4.2.1002/avr8-gnu-toolchain/bin/../lib/gcc/avr/4.7.2/../../../../avr/lib/avrxmega7\libm.a(fp_cmp.o)
                              c:/program files (x86)/atmel/atmel toolchain/avr8 gcc/native/3.4.2.1002/avr8-gnu-toolchain/bin/../lib/gcc/avr/4.7.2/../../../../avr/lib/avrxmega7\libm.a(cmpsf2.o) (__fp_cmp)
c:/program files (x86)/atmel/atmel toolchain/avr8 gcc/native/3.4.2.1002/avr8-gnu-toolchain/bin/../lib/gcc/avr/4.7.2/../../../../avr/lib/avrxmega7\libm.a(fp_inf.o)
                              c:/program files (x86)/atmel/atmel toolchain/avr8 gcc/native/3.4.2.1002/avr8-gnu-toolchain/bin/../lib/gcc/avr/4.7.2/../../../../avr/lib/avrxmega7\libm.a(addsf3x.o) (__fp_inf)
[...]
Memory Configuration

Name             Origin             Length             Attributes
text             0x00000000         0x00100000         xr
data             0x00802000         0x0000ffa0         rw !x
eeprom           0x00810000         0x00010000         rw !x
fuse             0x00820000         0x00000400         rw !x
lock             0x00830000         0x00000400         rw !x
signature        0x00840000         0x00000400         rw !x
user_signatures  0x00850000         0x00000400         rw !x
*default*        0x00000000         0xffffffff

Linker script and memory map

LOAD c:/program files (x86)/atmel/atmel toolchain/avr8 gcc/native/3.4.2.1002/avr8-gnu-toolchain/bin/../lib/gcc/avr/4.7.2/../../../../avr/lib/avrxmega7/crtx128a1.o
LOAD src/ASF/common/boards/sensors_xplained/sensors_xplained.o
LOAD src/ASF/common/services/clock/xmega/sysclk.o
LOAD src/ASF/common/services/ioport/xmega/ioport_compat.o
LOAD src/ASF/common/services/sensors/drivers/akm/ak8975.o
LOAD src/ASF/common/services/sensors/drivers/bosch/bma020.o
LOAD src/ASF/common/services/sensors/drivers/bosch/bma150.o
LOAD src/ASF/common/services/sensors/drivers/bosch/bma180.o
LOAD src/ASF/common/services/sensors/drivers/bosch/bma220.o
LOAD src/ASF/common/services/sensors/drivers/bosch/bma222.o
LOAD src/ASF/common/services/sensors/drivers/bosch/bma250.o
LOAD src/ASF/common/services/sensors/drivers/bosch/bma_axis.inc.o
LOAD src/ASF/common/services/sensors/drivers/bosch/bmp.o
LOAD src/ASF/common/services/sensors/drivers/honeywell/hmc5883l.o
LOAD src/ASF/common/services/sensors/drivers/invensense/imu3000.o
LOAD src/ASF/common/services/sensors/drivers/invensense/itg3200.o
LOAD src/ASF/common/services/sensors/drivers/kionix/kxtf9.o
LOAD src/ASF/common/services/sensors/drivers/osram/sfh5712.o
LOAD src/ASF/common/services/sensors/drivers/osram/sfh7770.o
LOAD src/ASF/common/services/sensors/physics/physics.o
LOAD src/ASF/common/services/sensors/sensor.o
LOAD src/ASF/common/services/sensors/sensor_bus.o
LOAD src/ASF/common/services/sensors/sensor_nvram.o
LOAD src/ASF/common/services/sensors/sensor_platform.o
LOAD src/ASF/common/services/serial/usart_serial.o
LOAD src/ASF/common/services/sleepmgr/xmega/sleepmgr.o
LOAD src/ASF/common/utils/stdio/read.o
LOAD src/ASF/common/utils/stdio/write.o
LOAD src/ASF/xmega/boards/xmega_a1_xplained/init.o
LOAD src/ASF/xmega/drivers/cpu/ccp.o
LOAD src/ASF/xmega/drivers/nvm/nvm.o
LOAD src/ASF/xmega/drivers/nvm/nvm_asm.o
LOAD src/ASF/xmega/drivers/twi/twim.o
LOAD src/ASF/xmega/drivers/twi/twis.o
LOAD src/ASF/xmega/drivers/usart/usart.o
LOAD src/main.o
START GROUP
LOAD c:/program files (x86)/atmel/atmel toolchain/avr8 gcc/native/3.4.2.1002/avr8-gnu-toolchain/bin/../lib/gcc/avr/4.7.2/../../../../avr/lib/avrxmega7\libm.a
END GROUP
Address of section .BOOT set to 0x20000
LOAD c:/program files (x86)/atmel/atmel toolchain/avr8 gcc/native/3.4.2.1002/avr8-gnu-toolchain/bin/../lib/gcc/avr/4.7.2/../../../../avr/lib/avrxmega7\libprintf_flt.a
LOAD c:/program files (x86)/atmel/atmel toolchain/avr8 gcc/native/3.4.2.1002/avr8-gnu-toolchain/bin/../lib/gcc/avr/4.7.2/avrxmega7\libgcc.a
LOAD c:/program files (x86)/atmel/atmel toolchain/avr8 gcc/native/3.4.2.1002/avr8-gnu-toolchain/bin/../lib/gcc/avr/4.7.2/../../../../avr/lib/avrxmega7\libc.a
LOAD c:/program files (x86)/atmel/atmel toolchain/avr8 gcc/native/3.4.2.1002/avr8-gnu-toolchain/bin/../lib/gcc/avr/4.7.2/avrxmega7\libgcc.a

.hash
 *(.hash)

.dynsym
 *(.dynsym)

.dynstr
 *(.dynstr)

.gnu.version
 *(.gnu.version)

.gnu.version_d
 *(.gnu.version_d)

.gnu.version_r
 *(.gnu.version_r)

.rel.init
 *(.rel.init)

.rela.init
 *(.rela.init)

.rel.text
 *(.rel.text)
 *(.rel.text.*)
 *(.rel.gnu.linkonce.t*)

.rela.text
 *(.rela.text)
 *(.rela.text.*)
 *(.rela.gnu.linkonce.t*)

.rel.fini
 *(.rel.fini)

.rela.fini
 *(.rela.fini)

.rel.rodata
 *(.rel.rodata)
 *(.rel.rodata.*)
 *(.rel.gnu.linkonce.r*)

.rela.rodata
 *(.rela.rodata)
 *(.rela.rodata.*)
 *(.rela.gnu.linkonce.r*)

.rel.data
 *(.rel.data)
 *(.rel.data.*)
 *(.rel.gnu.linkonce.d*)

.rela.data
 *(.rela.data)
 *(.rela.data.*)
 *(.rela.gnu.linkonce.d*)

.rel.ctors
 *(.rel.ctors)

.rela.ctors
 *(.rela.ctors)

.rel.dtors
 *(.rel.dtors)

.rela.dtors
 *(.rela.dtors)

.rel.got
 *(.rel.got)

.rela.got
 *(.rela.got)

.rel.bss
 *(.rel.bss)

.rela.bss
 *(.rela.bss)

.rel.plt
 *(.rel.plt)

.rela.plt
 *(.rela.plt)

.text           0x00000000     0x370e
 *(.vectors)
 .vectors       0x00000000      0x1f4 c:/program files (x86)/atmel/atmel toolchain/avr8 gcc/native/3.4.2.1002/avr8-gnu-toolchain/bin/../lib/gcc/avr/4.7.2/../../../../avr/lib/avrxmega7/crtx128a1.o
                0x00000000                __vector_default
                0x00000000                __vectors
 *(.vectors)
 *(.progmem.gcc*)
 *(.progmem*)
 .progmem.data  0x000001f4        0x8 c:/program files (x86)/atmel/atmel toolchain/avr8 gcc/native/3.4.2.1002/avr8-gnu-toolchain/bin/../lib/gcc/avr/4.7.2/../../../../avr/lib/avrxmega7\libprintf_flt.a(vfprintf_flt.o)
 .progmem.data  0x000001fc       0xfa c:/program files (x86)/atmel/atmel toolchain/avr8 gcc/native/3.4.2.1002/avr8-gnu-toolchain/bin/../lib/gcc/avr/4.7.2/../../../../avr/lib/avrxmega7\libc.a(ftoa_engine.o)
                0x000002f6                . = ALIGN (0x2)
                0x000002f6                __trampolines_start = .
 *(.trampolines)
 .trampolines   0x000002f6        0x0 linker stubs
 *(.trampolines*)
                0x000002f6                __trampolines_end = .
 *(.jumptables)
 *(.jumptables*)
 *(.lowtext)
 *(.lowtext*)
                0x000002f6                __ctors_start = .
 *(.ctors)
                0x000002f6                __ctors_end = .
                0x000002f6                __dtors_start = .
 *(.dtors)
                0x000002f6                __dtors_end = .
 SORT(*)(.ctors)
 SORT(*)(.dtors)
 *(.init0)
 .init0         0x000002f6        0x0 c:/program files (x86)/atmel/atmel toolchain/avr8 gcc/native/3.4.2.1002/avr8-gnu-toolchain/bin/../lib/gcc/avr/4.7.2/../../../../avr/lib/avrxmega7/crtx128a1.o
                0x000002f6                __init
 *(.init0)
 *(.init1)
 *(.init1)
 *(.init2)
 .init2         0x000002f6       0x18 c:/program files (x86)/atmel/atmel toolchain/avr8 gcc/native/3.4.2.1002/avr8-gnu-toolchain/bin/../lib/gcc/avr/4.7.2/../../../../avr/lib/avrxmega7/crtx128a1.o
 *(.init2)
 *(.init3)
 *(.init3)
 *(.init4)
 .init4         0x0000030e       0x1c c:/program files (x86)/atmel/atmel toolchain/avr8 gcc/native/3.4.2.1002/avr8-gnu-toolchain/bin/../lib/gcc/avr/4.7.2/avrxmega7\libgcc.a(_copy_data.o)
                0x0000030e                __do_copy_data
 .init4         0x0000032a       0x10 c:/program files (x86)/atmel/atmel toolchain/avr8 gcc/native/3.4.2.1002/avr8-gnu-toolchain/bin/../lib/gcc/avr/4.7.2/avrxmega7\libgcc.a(_clear_bss.o)
                0x0000032a                __do_clear_bss
 *(.init4)
 *(.init5)
 *(.init5)
 *(.init6)
 *(.init6)
 *(.init7)
 *(.init7)
 *(.init8)
 *(.init8)
 *(.init9)
 .init9         0x0000033a        0x8 c:/program files (x86)/atmel/atmel toolchain/avr8 gcc/native/3.4.2.1002/avr8-gnu-toolchain/bin/../lib/gcc/avr/4.7.2/../../../../avr/lib/avrxmega7/crtx128a1.o
 *(.init9)
 *(.text)
 .text          0x00000342        0x2 c:/program files (x86)/atmel/atmel toolchain/avr8 gcc/native/3.4.2.1002/avr8-gnu-toolchain/bin/../lib/gcc/avr/4.7.2/../../../../avr/lib/avrxmega7/crtx128a1.o
                0x00000342                __vector_38
                0x00000342                __vector_22
                0x00000342                __vector_63
                0x00000342                __vector_28
                0x00000342                __vector_67
                0x00000342                __vector_1
                0x00000342                __vector_119
                0x00000342                __vector_32
                0x00000342                __vector_75
                0x00000342                __vector_71
                0x00000342                __vector_91
                0x00000342                __vector_34
                0x00000342                __vector_62
                0x00000342                __vector_77
                0x00000342                __vector_102
                0x00000342                __vector_24
                0x00000342                __vector_12
                0x00000342                __vector_55
                0x00000342                __vector_69
                0x00000342                __vector_81
                0x00000342                __vector_90
                0x00000342                __bad_interrupt
                0x00000342                __vector_122
                0x00000342                __vector_72
                0x00000342                __vector_114
                0x00000342                __vector_6
                0x00000342                __vector_110
                0x00000342                __vector_31
                0x00000342                __vector_92
                0x00000342                __vector_35
                0x00000342                __vector_78
                0x00000342                __vector_74
                0x00000342                __vector_117
                0x00000342                __vector_39
                0x00000342                __vector_3
                0x00000342                __vector_105
                0x00000342                __vector_98
                0x00000342                __vector_23
                0x00000342                __vector_68
                0x00000342                __vector_30
                0x00000342                __vector_73
                0x00000342                __vector_45
                0x00000342                __vector_25
                0x00000342                __vector_93
                0x00000342                __vector_61
                0x00000342                __vector_11
                0x00000342                __vector_54
                0x00000342                __vector_99
                0x00000342                __vector_17
                0x00000342                __vector_19
                0x00000342                __vector_56
                0x00000342                __vector_7
                0x00000342                __vector_49
                0x00000342                __vector_123
                0x00000342                __vector_41
                0x00000342                __vector_86
                0x00000342                __vector_100
                0x00000342                __vector_101
                0x00000342                __vector_64
                0x00000342                __vector_88
                0x00000342                __vector_109
                0x00000342                __vector_43
                0x00000342                __vector_27
                0x00000342                __vector_5
                0x00000342                __vector_113
                0x00000342                __vector_33
                0x00000342                __vector_115
                0x00000342                __vector_47
                0x00000342                __vector_52
                0x00000342                __vector_37
                0x00000342                __vector_95
                0x00000342                __vector_103
                0x00000342                __vector_96
                0x00000342                __vector_89
                0x00000342                __vector_108
                0x00000342                __vector_4
                0x00000342                __vector_44
                0x00000342                __vector_82
                0x00000342                __vector_106
                0x00000342                __vector_118
                0x00000342                __vector_51
                0x00000342                __vector_9
                0x00000342                __vector_2
                0x00000342                __vector_21
                0x00000342                __vector_15
                0x00000342                __vector_66
                0x00000342                __vector_36
                0x00000342                __vector_79
                0x00000342                __vector_58
                0x00000342                __vector_70
                0x00000342                __vector_83
                0x00000342                __vector_29
                0x00000342                __vector_60
                0x00000342                __vector_121
                0x00000342                __vector_40
                0x00000342                __vector_85
                0x00000342                __vector_94
                0x00000342                __vector_8
                0x00000342                __vector_26
                0x00000342                __vector_48
                0x00000342                __vector_124
                0x00000342                __vector_116
                0x00000342                __vector_112
                0x00000342                __vector_111
                0x00000342                __vector_80
                0x00000342                __vector_14
                0x00000342                __vector_84
                0x00000342                __vector_57
                0x00000342                __vector_53
                0x00000342                __vector_10
                0x00000342                __vector_50
                0x00000342                __vector_16
                0x00000342                __vector_59
                0x00000342                __vector_18
                0x00000342                __vector_97
                0x00000342                __vector_20
                0x00000342                __vector_42
                0x00000342                __vector_87
                0x00000342                __vector_65
                0x00000342                __vector_120
                0x00000344                . = ALIGN (0x2)
 *(.text.*)
 .text.__vector_104
                0x00000344       0xd4 src/ASF/common/boards/sensors_xplained/sensors_xplained.o
                0x00000344                __vector_104
 .text.sensor_board_irq_connect
                0x00000418       0xcc src/ASF/common/boards/sensors_xplained/sensors_xplained.o
                0x00000418                sensor_board_irq_connect
 .text.sensor_board_init
                0x000004e4       0x1a src/ASF/common/boards/sensors_xplained/sensors_xplained.o
                0x000004e4                sensor_board_init
 .text.sysclk_init
                0x000004fe       0x80 src/ASF/common/services/clock/xmega/sysclk.o
                0x000004fe                sysclk_init
 .text.sysclk_enable_module
                0x0000057e       0x18 src/ASF/common/services/clock/xmega/sysclk.o
                0x0000057e                sysclk_enable_module
 .text.ioport_configure_port_pin
                0x00000596       0x50 src/ASF/common/services/ioport/xmega/ioport_compat.o
                0x00000596                ioport_configure_port_pin
 .text.sfh7770_isr
                0x000005e6      0x1da src/ASF/common/services/sensors/drivers/osram/sfh7770.o
 .text.sfh7770_read
                0x000007c0      0x176 src/ASF/common/services/sensors/drivers/osram/sfh7770.o
 .text.sfh7770_event
                0x00000936      0x122 src/ASF/common/services/sensors/drivers/osram/sfh7770.o
 .text.sfh7770_calibrate
                0x00000a58      0x112 src/ASF/common/services/sensors/drivers/osram/sfh7770.o
 .text.sfh7770_ioctl
                0x00000b6a      0x452 src/ASF/common/services/sensors/drivers/osram/sfh7770.o
 .text.sfh7770_init
                0x00000fbc      0x18a src/ASF/common/services/sensors/drivers/osram/sfh7770.o
                0x00000fbc                sfh7770_init
 .text.default_event_handler
                0x00001146        0x2 src/ASF/common/services/sensors/sensor.o
                0x00001146                default_event_handler
 .text.sensor_attach
                0x00001148       0x66 src/ASF/common/services/sensors/sensor.o
                0x00001148                sensor_attach
 .text.sensor_read
                0x000011ae       0x48 src/ASF/common/services/sensors/sensor.o
                0x000011ae                sensor_read
 .text.sensor_calibrate
                0x000011f6       0x26 src/ASF/common/services/sensors/sensor.o
                0x000011f6                sensor_calibrate
 .text.sensor_get_threshold
                0x0000121c       0x60 src/ASF/common/services/sensors/sensor.o
                0x0000121c                sensor_get_threshold
 .text.sensor_ioctl
                0x0000127c      0x25c src/ASF/common/services/sensors/sensor.o
                0x0000127c                sensor_ioctl
 .text.bus_init
                0x000014d8      0x330 src/ASF/common/services/sensors/sensor_bus.o
                0x000014d8                bus_init
 .text.bus_read
                0x00001808       0x7e src/ASF/common/services/sensors/sensor_bus.o
                0x00001808                bus_read
 .text.bus_write
                0x00001886       0x7e src/ASF/common/services/sensors/sensor_bus.o
                0x00001886                bus_write
 .text.nvram_write
                0x00001904       0x20 src/ASF/common/services/sensors/sensor_nvram.o
                0x00001904                nvram_write
 .text.nvram_read
                0x00001924       0x18 src/ASF/common/services/sensors/sensor_nvram.o
                0x00001924                nvram_read
 .text.usart_serial_getchar
                0x0000193c       0x10 src/ASF/common/services/sensors/sensor_platform.o
 .text.usart_serial_putchar
                0x0000194c        0x4 src/ASF/common/services/sensors/sensor_platform.o
 .text.sensor_timestamp
                0x00001950        0x8 src/ASF/common/services/sensors/sensor_platform.o
                0x00001950                sensor_timestamp
 .text.sensor_irq_connect
                0x00001958        0x6 src/ASF/common/services/sensors/sensor_platform.o
                0x00001958                sensor_irq_connect
 .text.sensor_list
                0x0000195e       0x10 src/ASF/common/services/sensors/sensor_platform.o
                0x0000195e                sensor_list
 .text.sensor_find
                0x0000196e       0x7c src/ASF/common/services/sensors/sensor_platform.o
                0x0000196e                sensor_find
 .text.sensor_platform_init
                0x000019ea       0xa2 src/ASF/common/services/sensors/sensor_platform.o
                0x000019ea                sensor_platform_init
 .text._read    0x00001a8c       0x36 src/ASF/common/utils/stdio/read.o
                0x00001a8c                _read
 .text._write   0x00001ac2       0x28 src/ASF/common/utils/stdio/write.o
                0x00001ac2                _write
 .text.board_init
                0x00001aea      0x11c src/ASF/xmega/boards/xmega_a1_xplained/init.o
                0x00001aea                board_init
 .text.ccp_write_io
                0x00001c06        0xc src/ASF/xmega/drivers/cpu/ccp.o
                0x00001c06                ccp_write_io
 .text.nvm_user_sig_read_buffer
                0x00001c12       0x46 src/ASF/xmega/drivers/nvm/nvm.o
                0x00001c12                nvm_user_sig_read_buffer
 .text.nvm_user_sig_write_buffer
                0x00001c58      0x146 src/ASF/xmega/drivers/nvm/nvm.o
                0x00001c58                nvm_user_sig_write_buffer
 .text.nvm_read_byte
                0x00001d9e       0x14 src/ASF/xmega/drivers/nvm/nvm_asm.o
                0x00001d9e                nvm_read_byte
 .text.twim_interrupt_handler
                0x00001db2      0x12a src/ASF/xmega/drivers/twi/twim.o
 .text.__vector_13
                0x00001edc       0x64 src/ASF/xmega/drivers/twi/twim.o
                0x00001edc                __vector_13
 .text.__vector_76
                0x00001f40       0x64 src/ASF/xmega/drivers/twi/twim.o
                0x00001f40                __vector_76
 .text.__vector_46
                0x00001fa4       0x64 src/ASF/xmega/drivers/twi/twim.o
                0x00001fa4                __vector_46
 .text.__vector_107
                0x00002008       0x64 src/ASF/xmega/drivers/twi/twim.o
                0x00002008                __vector_107
 .text.twi_master_init
                0x0000206c       0x2a src/ASF/xmega/drivers/twi/twim.o
                0x0000206c                twi_master_init
 .text.twi_master_transfer
                0x00002096       0xb6 src/ASF/xmega/drivers/twi/twim.o
                0x00002096                twi_master_transfer
 .text.usart_putchar
                0x0000214c       0x10 src/ASF/xmega/drivers/usart/usart.o
                0x0000214c                usart_putchar
 .text.usart_getchar
                0x0000215c        0xc src/ASF/xmega/drivers/usart/usart.o
                0x0000215c                usart_getchar
 .text.usart_set_baudrate
                0x00002168      0x21c src/ASF/xmega/drivers/usart/usart.o
                0x00002168                usart_set_baudrate
 .text.usart_init_rs232
                0x00002384      0x316 src/ASF/xmega/drivers/usart/usart.o
                0x00002384                usart_init_rs232
 .text.prompt_user
                0x0000269a       0x62 src/main.o
 .text.main     0x000026fc      0x240 src/main.o
                0x000026fc                main
 .text.avr-libc
                0x0000293c      0x710 c:/program files (x86)/atmel/atmel toolchain/avr8 gcc/native/3.4.2.1002/avr8-gnu-toolchain/bin/../lib/gcc/avr/4.7.2/../../../../avr/lib/avrxmega7\libprintf_flt.a(vfprintf_flt.o)
                0x0000293c                vfprintf
 .text.libgcc.div
                0x0000304c       0x44 c:/program files (x86)/atmel/atmel toolchain/avr8 gcc/native/3.4.2.1002/avr8-gnu-toolchain/bin/../lib/gcc/avr/4.7.2/avrxmega7\libgcc.a(_udivmodsi4.o)
                0x0000304c                __udivmodsi4
 .text.avr-libc
                0x00003090      0x1b0 c:/program files (x86)/atmel/atmel toolchain/avr8 gcc/native/3.4.2.1002/avr8-gnu-toolchain/bin/../lib/gcc/avr/4.7.2/../../../../avr/lib/avrxmega7\libc.a(ftoa_engine.o)
                0x00003090                __ftoa_engine
 .text.avr-libc
                0x00003240       0x16 c:/program files (x86)/atmel/atmel toolchain/avr8 gcc/native/3.4.2.1002/avr8-gnu-toolchain/bin/../lib/gcc/avr/4.7.2/../../../../avr/lib/avrxmega7\libc.a(strnlen_P.o)
                0x00003240                strnlen_P
 .text.avr-libc
                0x00003256       0x1a c:/program files (x86)/atmel/atmel toolchain/avr8 gcc/native/3.4.2.1002/avr8-gnu-toolchain/bin/../lib/gcc/avr/4.7.2/../../../../avr/lib/avrxmega7\libc.a(memcmp.o)
                0x00003256                memcmp
 .text.avr-libc
                0x00003270       0x16 c:/program files (x86)/atmel/atmel toolchain/avr8 gcc/native/3.4.2.1002/avr8-gnu-toolchain/bin/../lib/gcc/avr/4.7.2/../../../../avr/lib/avrxmega7\libc.a(strnlen.o)
                0x00003270                strnlen
 .text.avr-libc
                0x00003286       0x94 c:/program files (x86)/atmel/atmel toolchain/avr8 gcc/native/3.4.2.1002/avr8-gnu-toolchain/bin/../lib/gcc/avr/4.7.2/../../../../avr/lib/avrxmega7\libc.a(fdevopen.o)
                0x00003286                fdevopen
 .text.avr-libc
                0x0000331a       0x58 c:/program files (x86)/atmel/atmel toolchain/avr8 gcc/native/3.4.2.1002/avr8-gnu-toolchain/bin/../lib/gcc/avr/4.7.2/../../../../avr/lib/avrxmega7\libc.a(fputc.o)
                0x0000331a                fputc
 .text.avr-libc
                0x00003372       0x22 c:/program files (x86)/atmel/atmel toolchain/avr8 gcc/native/3.4.2.1002/avr8-gnu-toolchain/bin/../lib/gcc/avr/4.7.2/../../../../avr/lib/avrxmega7\libc.a(printf.o)
                0x00003372                printf
 .text.avr-libc
                0x00003394       0xbc c:/program files (x86)/atmel/atmel toolchain/avr8 gcc/native/3.4.2.1002/avr8-gnu-toolchain/bin/../lib/gcc/avr/4.7.2/../../../../avr/lib/avrxmega7\libc.a(ultoa_invert.o)
                0x00003394                __ultoa_invert
 .text.avr-libc
                0x00003450       0x38 c:/program files (x86)/atmel/atmel toolchain/avr8 gcc/native/3.4.2.1002/avr8-gnu-toolchain/bin/../lib/gcc/avr/4.7.2/../../../../avr/lib/avrxmega7\libc.a(calloc.o)
                0x00003450                calloc
 .text.avr-libc
                0x00003488      0x274 c:/program files (x86)/atmel/atmel toolchain/avr8 gcc/native/3.4.2.1002/avr8-gnu-toolchain/bin/../lib/gcc/avr/4.7.2/../../../../avr/lib/avrxmega7\libc.a(malloc.o)
                0x00003488                malloc
                0x000035be                free
 .text.avr-libc
                0x000036fc        0xe c:/program files (x86)/atmel/atmel toolchain/avr8 gcc/native/3.4.2.1002/avr8-gnu-toolchain/bin/../lib/gcc/avr/4.7.2/../../../../avr/lib/avrxmega7\libc.a(memset.o)
                0x000036fc                memset
                0x0000370a                . = ALIGN (0x2)
 *(.fini9)
 .fini9         0x0000370a        0x0 c:/program files (x86)/atmel/atmel toolchain/avr8 gcc/native/3.4.2.1002/avr8-gnu-toolchain/bin/../lib/gcc/avr/4.7.2/avrxmega7\libgcc.a(_exit.o)
                0x0000370a                _exit
                0x0000370a                exit
 *(.fini9)
 *(.fini8)
 *(.fini8)
 *(.fini7)
 *(.fini7)
 *(.fini6)
 *(.fini6)
 *(.fini5)
 *(.fini5)
 *(.fini4)
 *(.fini4)
 *(.fini3)
 *(.fini3)
 *(.fini2)
 *(.fini2)
 *(.fini1)
 *(.fini1)
 *(.fini0)
 .fini0         0x0000370a        0x4 c:/program files (x86)/atmel/atmel toolchain/avr8 gcc/native/3.4.2.1002/avr8-gnu-toolchain/bin/../lib/gcc/avr/4.7.2/avrxmega7\libgcc.a(_exit.o)
 *(.fini0)
                0x0000370e                _etext = .

.data           0x00802000      0x23c load address 0x0000370e
                0x00802000                PROVIDE (__data_start, .)
 *(.data)
 .data          0x00802000        0x0 c:/program files (x86)/atmel/atmel toolchain/avr8 gcc/native/3.4.2.1002/avr8-gnu-toolchain/bin/../lib/gcc/avr/4.7.2/../../../../avr/lib/avrxmega7/crtx128a1.o
 .data          0x00802000        0x0 src/ASF/common/boards/sensors_xplained/sensors_xplained.o
 .data          0x00802000        0x0 src/ASF/common/services/clock/xmega/sysclk.o
 .data          0x00802000        0x0 src/ASF/common/services/ioport/xmega/ioport_compat.o
 .data          0x00802000        0x0 src/ASF/common/services/sensors/drivers/akm/ak8975.o
 .data          0x00802000        0x0 src/ASF/common/services/sensors/drivers/bosch/bma020.o
 .data          0x00802000        0x0 src/ASF/common/services/sensors/drivers/bosch/bma150.o
 .data          0x00802000        0x0 src/ASF/common/services/sensors/drivers/bosch/bma180.o
 .data          0x00802000        0x0 src/ASF/common/services/sensors/drivers/bosch/bma220.o
 .data          0x00802000        0x0 src/ASF/common/services/sensors/drivers/bosch/bma222.o
 .data          0x00802000        0x0 src/ASF/common/services/sensors/drivers/bosch/bma250.o
 .data          0x00802000        0x0 src/ASF/common/services/sensors/drivers/bosch/bma_axis.inc.o
 .data          0x00802000        0x0 src/ASF/common/services/sensors/drivers/bosch/bmp.o
 .data          0x00802000        0x0 src/ASF/common/services/sensors/drivers/honeywell/hmc5883l.o
 .data          0x00802000        0x0 src/ASF/common/services/sensors/drivers/invensense/imu3000.o
 .data          0x00802000        0x0 src/ASF/common/services/sensors/drivers/invensense/itg3200.o
 .data          0x00802000        0x0 src/ASF/common/services/sensors/drivers/kionix/kxtf9.o
 .data          0x00802000        0x0 src/ASF/common/services/sensors/drivers/osram/sfh5712.o
 .data          0x00802000        0x0 src/ASF/common/services/sensors/drivers/osram/sfh7770.o
 .data          0x00802000        0x0 src/ASF/common/services/sensors/physics/physics.o
 .data          0x00802000        0x0 src/ASF/common/services/sensors/sensor.o
 .data          0x00802000        0x0 src/ASF/common/services/sensors/sensor_bus.o
 .data          0x00802000        0x0 src/ASF/common/services/sensors/sensor_nvram.o
 .data          0x00802000        0x0 src/ASF/common/services/sensors/sensor_platform.o
 .data          0x00802000        0x0 src/ASF/common/services/serial/usart_serial.o
 .data          0x00802000        0x0 src/ASF/common/services/sleepmgr/xmega/sleepmgr.o
 .data          0x00802000        0x0 src/ASF/common/utils/stdio/read.o
 .data          0x00802000        0x0 src/ASF/common/utils/stdio/write.o
 .data          0x00802000        0x0 src/ASF/xmega/boards/xmega_a1_xplained/init.o
 .data          0x00802000        0x0 src/ASF/xmega/drivers/cpu/ccp.o
 .data          0x00802000        0x0 src/ASF/xmega/drivers/nvm/nvm.o
 .data          0x00802000        0x0 src/ASF/xmega/drivers/nvm/nvm_asm.o
 .data          0x00802000        0x0 src/ASF/xmega/drivers/twi/twim.o
 .data          0x00802000        0x0 src/ASF/xmega/drivers/twi/twis.o
 .data          0x00802000        0x0 src/ASF/xmega/drivers/usart/usart.o
 .data          0x00802000        0x0 src/main.o
 .data          0x00802000        0x0 c:/program files (x86)/atmel/atmel toolchain/avr8 gcc/native/3.4.2.1002/avr8-gnu-toolchain/bin/../lib/gcc/avr/4.7.2/../../../../avr/lib/avrxmega7\libm.a(addsf3.o)
 .data          0x00802000        0x0 c:/program files (x86)/atmel/atmel toolchain/avr8 gcc/native/3.4.2.1002/avr8-gnu-toolchain/bin/../lib/gcc/avr/4.7.2/../../../../avr/lib/avrxmega7\libm.a(addsf3x.o)
 .data          0x00802000        0x0 c:/program files (x86)/atmel/atmel toolchain/avr8 gcc/native/3.4.2.1002/avr8-gnu-toolchain/bin/../lib/gcc/avr/4.7.2/../../../../avr/lib/avrxmega7\libm.a(asin.o)
 .data          0x00802000        0x0 c:/program files (x86)/atmel/atmel toolchain/avr8 gcc/native/3.4.2.1002/avr8-gnu-toolchain/bin/../lib/gcc/avr/4.7.2/../../../../avr/lib/avrxmega7\libm.a(atan2.o)
 .data          0x00802000        0x0 c:/program files (x86)/atmel/atmel toolchain/avr8 gcc/native/3.4.2.1002/avr8-gnu-toolchain/bin/../lib/gcc/avr/4.7.2/../../../../avr/lib/avrxmega7\libm.a(atan.o)
 .data          0x00802000        0x0 c:/program files (x86)/atmel/atmel toolchain/avr8 gcc/native/3.4.2.1002/avr8-gnu-toolchain/bin/../lib/gcc/avr/4.7.2/../../../../avr/lib/avrxmega7\libm.a(cmpsf2.o)
 .data          0x00802000        0x0 c:/program files (x86)/atmel/atmel toolchain/avr8 gcc/native/3.4.2.1002/avr8-gnu-toolchain/bin/../lib/gcc/avr/4.7.2/../../../../avr/lib/avrxmega7\libm.a(divsf3.o)
 .data          0x00802000        0x0 c:/program files (x86)/atmel/atmel toolchain/avr8 gcc/native/3.4.2.1002/avr8-gnu-toolchain/bin/../lib/gcc/avr/4.7.2/../../../../avr/lib/avrxmega7\libm.a(divsf3x.o)
 .data          0x00802000        0x0 c:/program files (x86)/atmel/atmel toolchain/avr8 gcc/native/3.4.2.1002/avr8-gnu-toolchain/bin/../lib/gcc/avr/4.7.2/../../../../avr/lib/avrxmega7\libm.a(fixsfdi.o)
 .data          0x00802000        0x0 c:/program files (x86)/atmel/atmel toolchain/avr8 gcc/native/3.4.2.1002/avr8-gnu-toolchain/bin/../lib/gcc/avr/4.7.2/../../../../avr/lib/avrxmega7\libm.a(fixsfsi.o)
 .data          0x00802000        0x0 c:/program files (x86)/atmel/atmel toolchain/avr8 gcc/native/3.4.2.1002/avr8-gnu-toolchain/bin/../lib/gcc/avr/4.7.2/../../../../avr/lib/avrxmega7\libm.a(fixunssfsi.o)
 .data          0x00802000        0x0 c:/program files (x86)/atmel/atmel toolchain/avr8 gcc/native/3.4.2.1002/avr8-gnu-toolchain/bin/../lib/gcc/avr/4.7.2/../../../../avr/lib/avrxmega7\libm.a(floatsisf.o)
 .data          0x00802000        0x0 c:/program files (x86)/atmel/atmel toolchain/avr8 gcc/native/3.4.2.1002/avr8-gnu-toolchain/bin/../lib/gcc/avr/4.7.2/../../../../avr/lib/avrxmega7\libm.a(floatundisf.o)
 .data          0x00802000        0x0 c:/program files (x86)/atmel/atmel toolchain/avr8 gcc/native/3.4.2.1002/avr8-gnu-toolchain/bin/../lib/gcc/avr/4.7.2/../../../../avr/lib/avrxmega7\libm.a(fp_arccos.o)
 .data          0x00802000        0x0 c:/program files (x86)/atmel/atmel toolchain/avr8 gcc/native/3.4.2.1002/avr8-gnu-toolchain/bin/../lib/gcc/avr/4.7.2/../../../../avr/lib/avrxmega7\libm.a(fp_cmp.o)
 .data          0x00802000        0x0 c:/program files (x86)/atmel/atmel toolchain/avr8 gcc/native/3.4.2.1002/avr8-gnu-toolchain/bin/../lib/gcc/avr/4.7.2/../../../../avr/lib/avrxmega7\libm.a(fp_inf.o)
 .data          0x00802000        0x0 c:/program files (x86)/atmel/atmel toolchain/avr8 gcc/native/3.4.2.1002/avr8-gnu-toolchain/bin/../lib/gcc/avr/4.7.2/../../../../avr/lib/avrxmega7\libm.a(fp_nan.o)
 .data          0x00802000        0x0 c:/program files (x86)/atmel/atmel toolchain/avr8 gcc/native/3.4.2.1002/avr8-gnu-toolchain/bin/../lib/gcc/avr/4.7.2/../../../../avr/lib/avrxmega7\libm.a(fp_negdi.o)
 .data          0x00802000        0x0 c:/program files (x86)/atmel/atmel toolchain/avr8 gcc/native/3.4.2.1002/avr8-gnu-toolchain/bin/../lib/gcc/avr/4.7.2/../../../../avr/lib/avrxmega7\libm.a(fp_powser.o)
 .data          0x00802000        0x0 c:/program files (x86)/atmel/atmel toolchain/avr8 gcc/native/3.4.2.1002/avr8-gnu-toolchain/bin/../lib/gcc/avr/4.7.2/../../../../avr/lib/avrxmega7\libm.a(fp_powsodd.o)
 .data          0x00802000        0x0 c:/program files (x86)/atmel/atmel toolchain/avr8 gcc/native/3.4.2.1002/avr8-gnu-toolchain/bin/../lib/gcc/avr/4.7.2/../../../../avr/lib/avrxmega7\libm.a(fp_pscA.o)
 .data          0x00802000        0x0 c:/program files (x86)/atmel/atmel toolchain/avr8 gcc/native/3.4.2.1002/avr8-gnu-toolchain/bin/../lib/gcc/avr/4.7.2/../../../../avr/lib/avrxmega7\libm.a(fp_pscB.o)
 .data          0x00802000        0x0 c:/program files (x86)/atmel/atmel toolchain/avr8 gcc/native/3.4.2.1002/avr8-gnu-toolchain/bin/../lib/gcc/avr/4.7.2/../../../../avr/lib/avrxmega7\libm.a(fp_round.o)
 .data          0x00802000        0x0 c:/program files (x86)/atmel/atmel toolchain/avr8 gcc/native/3.4.2.1002/avr8-gnu-toolchain/bin/../lib/gcc/avr/4.7.2/../../../../avr/lib/avrxmega7\libm.a(fp_split3.o)
 .data          0x00802000        0x0 c:/program files (x86)/atmel/atmel toolchain/avr8 gcc/native/3.4.2.1002/avr8-gnu-toolchain/bin/../lib/gcc/avr/4.7.2/../../../../avr/lib/avrxmega7\libm.a(fp_zero.o)
 .data          0x00802000        0x0 c:/program files (x86)/atmel/atmel toolchain/avr8 gcc/native/3.4.2.1002/avr8-gnu-toolchain/bin/../lib/gcc/avr/4.7.2/../../../../avr/lib/avrxmega7\libm.a(gesf2.o)
 .data          0x00802000        0x0 c:/program files (x86)/atmel/atmel toolchain/avr8 gcc/native/3.4.2.1002/avr8-gnu-toolchain/bin/../lib/gcc/avr/4.7.2/../../../../avr/lib/avrxmega7\libm.a(inverse.o)
 .data          0x00802000        0x0 c:/program files (x86)/atmel/atmel toolchain/avr8 gcc/native/3.4.2.1002/avr8-gnu-toolchain/bin/../lib/gcc/avr/4.7.2/../../../../avr/lib/avrxmega7\libm.a(mulsf3.o)
 .data          0x00802000        0x0 c:/program files (x86)/atmel/atmel toolchain/avr8 gcc/native/3.4.2.1002/avr8-gnu-toolchain/bin/../lib/gcc/avr/4.7.2/../../../../avr/lib/avrxmega7\libm.a(mulsf3x.o)
 .data          0x00802000        0x0 c:/program files (x86)/atmel/atmel toolchain/avr8 gcc/native/3.4.2.1002/avr8-gnu-toolchain/bin/../lib/gcc/avr/4.7.2/../../../../avr/lib/avrxmega7\libm.a(sqrt.o)
 .data          0x00802000        0x0 c:/program files (x86)/atmel/atmel toolchain/avr8 gcc/native/3.4.2.1002/avr8-gnu-toolchain/bin/../lib/gcc/avr/4.7.2/../../../../avr/lib/avrxmega7\libm.a(square.o)
 .data          0x00802000        0x0 c:/program files (x86)/atmel/atmel toolchain/avr8 gcc/native/3.4.2.1002/avr8-gnu-toolchain/bin/../lib/gcc/avr/4.7.2/../../../../avr/lib/avrxmega7\libm.a(unordsf2.o)
 .data          0x00802000        0x0 c:/program files (x86)/atmel/atmel toolchain/avr8 gcc/native/3.4.2.1002/avr8-gnu-toolchain/bin/../lib/gcc/avr/4.7.2/../../../../avr/lib/avrxmega7\libm.a(fp_mpack.o)
 .data          0x00802000        0x0 c:/program files (x86)/atmel/atmel toolchain/avr8 gcc/native/3.4.2.1002/avr8-gnu-toolchain/bin/../lib/gcc/avr/4.7.2/../../../../avr/lib/avrxmega7\libm.a(fp_norm2.o)
 .data          0x00802000        0x0 c:/program files (x86)/atmel/atmel toolchain/avr8 gcc/native/3.4.2.1002/avr8-gnu-toolchain/bin/../lib/gcc/avr/4.7.2/../../../../avr/lib/avrxmega7\libprintf_flt.a(vfprintf_flt.o)
 .data          0x00802000        0x0 c:/program files (x86)/atmel/atmel toolchain/avr8 gcc/native/3.4.2.1002/avr8-gnu-toolchain/bin/../lib/gcc/avr/4.7.2/avrxmega7\libgcc.a(_mulsi3.o)
 .data          0x00802000        0x0 c:/program files (x86)/atmel/atmel toolchain/avr8 gcc/native/3.4.2.1002/avr8-gnu-toolchain/bin/../lib/gcc/avr/4.7.2/avrxmega7\libgcc.a(_udivmodhi4.o)
 .data          0x00802000        0x0 c:/program files (x86)/atmel/atmel toolchain/avr8 gcc/native/3.4.2.1002/avr8-gnu-toolchain/bin/../lib/gcc/avr/4.7.2/avrxmega7\libgcc.a(_divmodhi4.o)
 .data          0x00802000        0x0 c:/program files (x86)/atmel/atmel toolchain/avr8 gcc/native/3.4.2.1002/avr8-gnu-toolchain/bin/../lib/gcc/avr/4.7.2/avrxmega7\libgcc.a(_udivmodsi4.o)
 .data          0x00802000        0x0 c:/program files (x86)/atmel/atmel toolchain/avr8 gcc/native/3.4.2.1002/avr8-gnu-toolchain/bin/../lib/gcc/avr/4.7.2/avrxmega7\libgcc.a(_divmodsi4.o)
 .data          0x00802000        0x0 c:/program files (x86)/atmel/atmel toolchain/avr8 gcc/native/3.4.2.1002/avr8-gnu-toolchain/bin/../lib/gcc/avr/4.7.2/avrxmega7\libgcc.a(_exit.o)
 .data          0x00802000        0x0 c:/program files (x86)/atmel/atmel toolchain/avr8 gcc/native/3.4.2.1002/avr8-gnu-toolchain/bin/../lib/gcc/avr/4.7.2/avrxmega7\libgcc.a(_copy_data.o)
 .data          0x00802000        0x0 c:/program files (x86)/atmel/atmel toolchain/avr8 gcc/native/3.4.2.1002/avr8-gnu-toolchain/bin/../lib/gcc/avr/4.7.2/avrxmega7\libgcc.a(_clear_bss.o)
 .data          0x00802000        0x0 c:/program files (x86)/atmel/atmel toolchain/avr8 gcc/native/3.4.2.1002/avr8-gnu-toolchain/bin/../lib/gcc/avr/4.7.2/avrxmega7\libgcc.a(_umulhisi3.o)
 .data          0x00802000        0x0 c:/program files (x86)/atmel/atmel toolchain/avr8 gcc/native/3.4.2.1002/avr8-gnu-toolchain/bin/../lib/gcc/avr/4.7.2/avrxmega7\libgcc.a(_usmulhisi3.o)
 .data          0x00802000        0x0 c:/program files (x86)/atmel/atmel toolchain/avr8 gcc/native/3.4.2.1002/avr8-gnu-toolchain/bin/../lib/gcc/avr/4.7.2/avrxmega7\libgcc.a(_muluhisi3.o)
 .data          0x00802000        0x0 c:/program files (x86)/atmel/atmel toolchain/avr8 gcc/native/3.4.2.1002/avr8-gnu-toolchain/bin/../lib/gcc/avr/4.7.2/avrxmega7\libgcc.a(_mulshisi3.o)
 .data          0x00802000        0x0 c:/program files (x86)/atmel/atmel toolchain/avr8 gcc/native/3.4.2.1002/avr8-gnu-toolchain/bin/../lib/gcc/avr/4.7.2/avrxmega7\libgcc.a(_muldi3.o)
 .data          0x00802000        0x0 c:/program files (x86)/atmel/atmel toolchain/avr8 gcc/native/3.4.2.1002/avr8-gnu-toolchain/bin/../lib/gcc/avr/4.7.2/../../../../avr/lib/avrxmega7\libc.a(ftoa_engine.o)
 .data          0x00802000        0x0 c:/program files (x86)/atmel/atmel toolchain/avr8 gcc/native/3.4.2.1002/avr8-gnu-toolchain/bin/../lib/gcc/avr/4.7.2/../../../../avr/lib/avrxmega7\libc.a(strnlen_P.o)
 .data          0x00802000        0x0 c:/program files (x86)/atmel/atmel toolchain/avr8 gcc/native/3.4.2.1002/avr8-gnu-toolchain/bin/../lib/gcc/avr/4.7.2/../../../../avr/lib/avrxmega7\libc.a(memcmp.o)
 .data          0x00802000        0x0 c:/program files (x86)/atmel/atmel toolchain/avr8 gcc/native/3.4.2.1002/avr8-gnu-toolchain/bin/../lib/gcc/avr/4.7.2/../../../../avr/lib/avrxmega7\libc.a(memcpy.o)
 .data          0x00802000        0x0 c:/program files (x86)/atmel/atmel toolchain/avr8 gcc/native/3.4.2.1002/avr8-gnu-toolchain/bin/../lib/gcc/avr/4.7.2/../../../../avr/lib/avrxmega7\libc.a(strnlen.o)
 .data          0x00802000        0x0 c:/program files (x86)/atmel/atmel toolchain/avr8 gcc/native/3.4.2.1002/avr8-gnu-toolchain/bin/../lib/gcc/avr/4.7.2/../../../../avr/lib/avrxmega7\libc.a(fdevopen.o)
 .data          0x00802000        0x0 c:/program files (x86)/atmel/atmel toolchain/avr8 gcc/native/3.4.2.1002/avr8-gnu-toolchain/bin/../lib/gcc/avr/4.7.2/../../../../avr/lib/avrxmega7\libc.a(fputc.o)
 .data          0x00802000        0x0 c:/program files (x86)/atmel/atmel toolchain/avr8 gcc/native/3.4.2.1002/avr8-gnu-toolchain/bin/../lib/gcc/avr/4.7.2/../../../../avr/lib/avrxmega7\libc.a(iob.o)
 .data          0x00802000        0x0 c:/program files (x86)/atmel/atmel toolchain/avr8 gcc/native/3.4.2.1002/avr8-gnu-toolchain/bin/../lib/gcc/avr/4.7.2/../../../../avr/lib/avrxmega7\libc.a(printf.o)
 .data          0x00802000        0x0 c:/program files (x86)/atmel/atmel toolchain/avr8 gcc/native/3.4.2.1002/avr8-gnu-toolchain/bin/../lib/gcc/avr/4.7.2/../../../../avr/lib/avrxmega7\libc.a(ultoa_invert.o)
 .data          0x00802000        0x0 c:/program files (x86)/atmel/atmel toolchain/avr8 gcc/native/3.4.2.1002/avr8-gnu-toolchain/bin/../lib/gcc/avr/4.7.2/../../../../avr/lib/avrxmega7\libc.a(calloc.o)
 .data          0x00802000        0x6 c:/program files (x86)/atmel/atmel toolchain/avr8 gcc/native/3.4.2.1002/avr8-gnu-toolchain/bin/../lib/gcc/avr/4.7.2/../../../../avr/lib/avrxmega7\libc.a(malloc.o)
                0x00802000                __malloc_heap_end
                0x00802002                __malloc_heap_start
                0x00802004                __malloc_margin
 .data          0x00802006        0x0 c:/program files (x86)/atmel/atmel toolchain/avr8 gcc/native/3.4.2.1002/avr8-gnu-toolchain/bin/../lib/gcc/avr/4.7.2/../../../../avr/lib/avrxmega7\libc.a(memset.o)
 *(.data*)
 .data.event_data.5969
                0x00802006       0x15 src/ASF/common/services/sensors/drivers/osram/sfh7770.o
 .data.event_cb
                0x0080201b        0xc src/ASF/common/services/sensors/drivers/osram/sfh7770.o
 .data.sensor_dev_list.5837
                0x00802027       0x22 src/ASF/common/services/sensors/sensor_platform.o
 *(.rodata)
 *(.rodata*)
 .rodata.str1.1
                0x00802049       0x29 src/ASF/common/services/sensors/drivers/osram/sfh7770.o
 .rodata.sfh7770_device.5951
                0x00802072       0x19 src/ASF/common/services/sensors/drivers/osram/sfh7770.o
 .rodata.light_rate_table
                0x0080208b        0xf src/ASF/common/services/sensors/drivers/osram/sfh7770.o
 .rodata.prox_rate_table
                0x0080209a       0x1e src/ASF/common/services/sensors/drivers/osram/sfh7770.o
 .rodata.current_table
                0x008020b8       0x15 src/ASF/common/services/sensors/drivers/osram/sfh7770.o
 .rodata.str1.1
                0x008020cd      0x156 src/main.o
                                0x15b (size before relaxing)
 .rodata.led_array
                0x00802223       0x10 src/main.o
 .rodata.prox_labels
                0x00802233        0x8 src/main.o
 *(.gnu.linkonce.d*)
                0x0080223c                . = ALIGN (0x2)
 *fill*         0x0080223b        0x1 
                0x0080223c                _edata = .
                0x0080223c                PROVIDE (__data_end, .)

.bss            0x0080223c       0x2f
                0x0080223c                PROVIDE (__bss_start, .)
 *(.bss)
 *(.bss*)
 .bss.sensor_pin3_handler
                0x0080223c        0x2 src/ASF/common/boards/sensors_xplained/sensors_xplained.o
 .bss.sensor_pin3_arg
                0x0080223e        0x2 src/ASF/common/boards/sensors_xplained/sensors_xplained.o
 .bss.sensor_pin4_handler
                0x00802240        0x2 src/ASF/common/boards/sensors_xplained/sensors_xplained.o
 .bss.sensor_pin4_arg
                0x00802242        0x2 src/ASF/common/boards/sensors_xplained/sensors_xplained.o
 .bss.sensor_pin5_handler
                0x00802244        0x2 src/ASF/common/boards/sensors_xplained/sensors_xplained.o
 .bss.sensor_pin5_arg
                0x00802246        0x2 src/ASF/common/boards/sensors_xplained/sensors_xplained.o
 .bss.sfh7770_initialized
                0x00802248        0x1 src/ASF/common/services/sensors/drivers/osram/sfh7770.o
 .bss.high_light_threshold
                0x00802249        0x2 src/ASF/common/services/sensors/drivers/osram/sfh7770.o
 .bss.low_light_threshold
                0x0080224b        0x2 src/ASF/common/services/sensors/drivers/osram/sfh7770.o
 .bss.prox_data.6116
                0x0080224d        0x3 src/ASF/common/services/sensors/drivers/osram/sfh7770.o
 .bss.transfer  0x00802250        0xb src/ASF/xmega/drivers/twi/twim.o
 *(COMMON)
 COMMON         0x0080225b        0x2 src/ASF/common/utils/stdio/read.o
                0x0080225b                ptr_get
 COMMON         0x0080225d        0x4 src/ASF/common/utils/stdio/write.o
                0x0080225d                ptr_put
                0x0080225f                stdio_base
 COMMON         0x00802261        0x6 c:/program files (x86)/atmel/atmel toolchain/avr8 gcc/native/3.4.2.1002/avr8-gnu-toolchain/bin/../lib/gcc/avr/4.7.2/../../../../avr/lib/avrxmega7\libc.a(iob.o)
                0x00802261                __iob
 COMMON         0x00802267        0x4 c:/program files (x86)/atmel/atmel toolchain/avr8 gcc/native/3.4.2.1002/avr8-gnu-toolchain/bin/../lib/gcc/avr/4.7.2/../../../../avr/lib/avrxmega7\libc.a(malloc.o)
                0x00802267                __brkval
                0x00802269                __flp
                0x0080226b                PROVIDE (__bss_end, .)
                0x0000370e                __data_load_start = LOADADDR (.data)
                0x0000394a                __data_load_end = (__data_load_start + SIZEOF (.data))

.noinit         0x0080226b        0x0
                0x0080226b                PROVIDE (__noinit_start, .)
 *(.noinit*)
                0x0080226b                PROVIDE (__noinit_end, .)
                0x0080226b                _end = .
                0x0080226b                PROVIDE (__heap_start, .)

.eeprom         0x00810000        0x0
 *(.eeprom*)
                0x00810000                __eeprom_end = .

.fuse
 *(.fuse)
 *(.lfuse)
 *(.hfuse)
 *(.efuse)

.lock
 *(.lock*)

.signature
 *(.signature*)

.user_signatures
 *(.user_signatures*)

.stab           0x00000000     0x4dc4
 *(.stab)
 .stab          0x00000000      0x714 c:/program files (x86)/atmel/atmel toolchain/avr8 gcc/native/3.4.2.1002/avr8-gnu-toolchain/bin/../lib/gcc/avr/4.7.2/../../../../avr/lib/avrxmega7/crtx128a1.o
 .stab          0x00000714       0x78 c:/program files (x86)/atmel/atmel toolchain/avr8 gcc/native/3.4.2.1002/avr8-gnu-toolchain/bin/../lib/gcc/avr/4.7.2/../../../../avr/lib/avrxmega7\libm.a(addsf3.o)
                                 0x84 (size before relaxing)
 .stab          0x0000078c      0x4bc c:/program files (x86)/atmel/atmel toolchain/avr8 gcc/native/3.4.2.1002/avr8-gnu-toolchain/bin/../lib/gcc/avr/4.7.2/../../../../avr/lib/avrxmega7\libm.a(addsf3x.o)
                                0x4c8 (size before relaxing)
 .stab          0x00000c48      0x144 c:/program files (x86)/atmel/atmel toolchain/avr8 gcc/native/3.4.2.1002/avr8-gnu-toolchain/bin/../lib/gcc/avr/4.7.2/../../../../avr/lib/avrxmega7\libm.a(asin.o)
                                0x150 (size before relaxing)
 .stab          0x00000d8c      0x2f4 c:/program files (x86)/atmel/atmel toolchain/avr8 gcc/native/3.4.2.1002/avr8-gnu-toolchain/bin/../lib/gcc/avr/4.7.2/../../../../avr/lib/avrxmega7\libm.a(atan2.o)
                                0x300 (size before relaxing)
 .stab          0x00001080      0x210 c:/program files (x86)/atmel/atmel toolchain/avr8 gcc/native/3.4.2.1002/avr8-gnu-toolchain/bin/../lib/gcc/avr/4.7.2/../../../../avr/lib/avrxmega7\libm.a(atan.o)
                                0x21c (size before relaxing)
 .stab          0x00001290       0x90 c:/program files (x86)/atmel/atmel toolchain/avr8 gcc/native/3.4.2.1002/avr8-gnu-toolchain/bin/../lib/gcc/avr/4.7.2/../../../../avr/lib/avrxmega7\libm.a(cmpsf2.o)
                                 0x9c (size before relaxing)
 .stab          0x00001320       0x48 c:/program files (x86)/atmel/atmel toolchain/avr8 gcc/native/3.4.2.1002/avr8-gnu-toolchain/bin/../lib/gcc/avr/4.7.2/../../../../avr/lib/avrxmega7\libm.a(divsf3.o)
                                 0x54 (size before relaxing)
 .stab          0x00001368      0x510 c:/program files (x86)/atmel/atmel toolchain/avr8 gcc/native/3.4.2.1002/avr8-gnu-toolchain/bin/../lib/gcc/avr/4.7.2/../../../../avr/lib/avrxmega7\libm.a(divsf3x.o)
                                0x51c (size before relaxing)
 .stab          0x00001878      0x2f4 c:/program files (x86)/atmel/atmel toolchain/avr8 gcc/native/3.4.2.1002/avr8-gnu-toolchain/bin/../lib/gcc/avr/4.7.2/../../../../avr/lib/avrxmega7\libm.a(fixsfdi.o)
                                0x300 (size before relaxing)
 .stab          0x00001b6c       0x6c c:/program files (x86)/atmel/atmel toolchain/avr8 gcc/native/3.4.2.1002/avr8-gnu-toolchain/bin/../lib/gcc/avr/4.7.2/../../../../avr/lib/avrxmega7\libm.a(fixsfsi.o)
                                 0x78 (size before relaxing)
 .stab          0x00001bd8      0x240 c:/program files (x86)/atmel/atmel toolchain/avr8 gcc/native/3.4.2.1002/avr8-gnu-toolchain/bin/../lib/gcc/avr/4.7.2/../../../../avr/lib/avrxmega7\libm.a(fixunssfsi.o)
                                0x24c (size before relaxing)
 .stab          0x00001e18      0x318 c:/program files (x86)/atmel/atmel toolchain/avr8 gcc/native/3.4.2.1002/avr8-gnu-toolchain/bin/../lib/gcc/avr/4.7.2/../../../../avr/lib/avrxmega7\libm.a(floatsisf.o)
                                0x324 (size before relaxing)
 .stab          0x00002130      0x324 c:/program files (x86)/atmel/atmel toolchain/avr8 gcc/native/3.4.2.1002/avr8-gnu-toolchain/bin/../lib/gcc/avr/4.7.2/../../../../avr/lib/avrxmega7\libm.a(floatundisf.o)
                                0x330 (size before relaxing)
 .stab          0x00002454      0x174 c:/program files (x86)/atmel/atmel toolchain/avr8 gcc/native/3.4.2.1002/avr8-gnu-toolchain/bin/../lib/gcc/avr/4.7.2/../../../../avr/lib/avrxmega7\libm.a(fp_arccos.o)
                                0x180 (size before relaxing)
 .stab          0x000025c8      0x1e0 c:/program files (x86)/atmel/atmel toolchain/avr8 gcc/native/3.4.2.1002/avr8-gnu-toolchain/bin/../lib/gcc/avr/4.7.2/../../../../avr/lib/avrxmega7\libm.a(fp_cmp.o)
                                0x1ec (size before relaxing)
 .stab          0x000027a8       0x78 c:/program files (x86)/atmel/atmel toolchain/avr8 gcc/native/3.4.2.1002/avr8-gnu-toolchain/bin/../lib/gcc/avr/4.7.2/../../../../avr/lib/avrxmega7\libm.a(fp_inf.o)
                                 0x84 (size before relaxing)
 .stab          0x00002820       0x54 c:/program files (x86)/atmel/atmel toolchain/avr8 gcc/native/3.4.2.1002/avr8-gnu-toolchain/bin/../lib/gcc/avr/4.7.2/../../../../avr/lib/avrxmega7\libm.a(fp_nan.o)
                                 0x60 (size before relaxing)
 .stab          0x00002874       0xf0 c:/program files (x86)/atmel/atmel toolchain/avr8 gcc/native/3.4.2.1002/avr8-gnu-toolchain/bin/../lib/gcc/avr/4.7.2/../../../../avr/lib/avrxmega7\libm.a(fp_negdi.o)
                                 0xfc (size before relaxing)
 .stab          0x00002964      0x1ec c:/program files (x86)/atmel/atmel toolchain/avr8 gcc/native/3.4.2.1002/avr8-gnu-toolchain/bin/../lib/gcc/avr/4.7.2/../../../../avr/lib/avrxmega7\libm.a(fp_powser.o)
                                0x1f8 (size before relaxing)
 .stab          0x00002b50       0xfc c:/program files (x86)/atmel/atmel toolchain/avr8 gcc/native/3.4.2.1002/avr8-gnu-toolchain/bin/../lib/gcc/avr/4.7.2/../../../../avr/lib/avrxmega7\libm.a(fp_powsodd.o)
                                0x108 (size before relaxing)
 .stab          0x00002c4c       0x84 c:/program files (x86)/atmel/atmel toolchain/avr8 gcc/native/3.4.2.1002/avr8-gnu-toolchain/bin/../lib/gcc/avr/4.7.2/../../../../avr/lib/avrxmega7\libm.a(fp_pscA.o)
                                 0x90 (size before relaxing)
 .stab          0x00002cd0       0x84 c:/program files (x86)/atmel/atmel toolchain/avr8 gcc/native/3.4.2.1002/avr8-gnu-toolchain/bin/../lib/gcc/avr/4.7.2/../../../../avr/lib/avrxmega7\libm.a(fp_pscB.o)
                                 0x90 (size before relaxing)
 .stab          0x00002d54       0xfc c:/program files (x86)/atmel/atmel toolchain/avr8 gcc/native/3.4.2.1002/avr8-gnu-toolchain/bin/../lib/gcc/avr/4.7.2/../../../../avr/lib/avrxmega7\libm.a(fp_round.o)
                                0x108 (size before relaxing)
 .stab          0x00002e50      0x1d4 c:/program files (x86)/atmel/atmel toolchain/avr8 gcc/native/3.4.2.1002/avr8-gnu-toolchain/bin/../lib/gcc/avr/4.7.2/../../../../avr/lib/avrxmega7\libm.a(fp_split3.o)
                                0x1e0 (size before relaxing)
 .stab          0x00003024       0x90 c:/program files (x86)/atmel/atmel toolchain/avr8 gcc/native/3.4.2.1002/avr8-gnu-toolchain/bin/../lib/gcc/avr/4.7.2/../../../../avr/lib/avrxmega7\libm.a(fp_zero.o)
                                 0x9c (size before relaxing)
 .stab          0x000030b4       0x6c c:/program files (x86)/atmel/atmel toolchain/avr8 gcc/native/3.4.2.1002/avr8-gnu-toolchain/bin/../lib/gcc/avr/4.7.2/../../../../avr/lib/avrxmega7\libm.a(gesf2.o)
                                 0x78 (size before relaxing)
 .stab          0x00003120       0x84 c:/program files (x86)/atmel/atmel toolchain/avr8 gcc/native/3.4.2.1002/avr8-gnu-toolchain/bin/../lib/gcc/avr/4.7.2/../../../../avr/lib/avrxmega7\libm.a(inverse.o)
                                 0x90 (size before relaxing)
 .stab          0x000031a4       0x48 c:/program files (x86)/atmel/atmel toolchain/avr8 gcc/native/3.4.2.1002/avr8-gnu-toolchain/bin/../lib/gcc/avr/4.7.2/../../../../avr/lib/avrxmega7\libm.a(mulsf3.o)
                                 0x54 (size before relaxing)
 .stab          0x000031ec      0x4d4 c:/program files (x86)/atmel/atmel toolchain/avr8 gcc/native/3.4.2.1002/avr8-gnu-toolchain/bin/../lib/gcc/avr/4.7.2/../../../../avr/lib/avrxmega7\libm.a(mulsf3x.o)
                                0x4e0 (size before relaxing)
 .stab          0x000036c0      0x354 c:/program files (x86)/atmel/atmel toolchain/avr8 gcc/native/3.4.2.1002/avr8-gnu-toolchain/bin/../lib/gcc/avr/4.7.2/../../../../avr/lib/avrxmega7\libm.a(sqrt.o)
                                0x360 (size before relaxing)
 .stab          0x00003a14       0x54 c:/program files (x86)/atmel/atmel toolchain/avr8 gcc/native/3.4.2.1002/avr8-gnu-toolchain/bin/../lib/gcc/avr/4.7.2/../../../../avr/lib/avrxmega7\libm.a(square.o)
                                 0x60 (size before relaxing)
 .stab          0x00003a68       0x60 c:/program files (x86)/atmel/atmel toolchain/avr8 gcc/native/3.4.2.1002/avr8-gnu-toolchain/bin/../lib/gcc/avr/4.7.2/../../../../avr/lib/avrxmega7\libm.a(unordsf2.o)
                                 0x6c (size before relaxing)
 .stab          0x00003ac8       0xe4 c:/program files (x86)/atmel/atmel toolchain/avr8 gcc/native/3.4.2.1002/avr8-gnu-toolchain/bin/../lib/gcc/avr/4.7.2/../../../../avr/lib/avrxmega7\libm.a(fp_mpack.o)
                                 0xf0 (size before relaxing)
 .stab          0x00003bac       0x84 c:/program files (x86)/atmel/atmel toolchain/avr8 gcc/native/3.4.2.1002/avr8-gnu-toolchain/bin/../lib/gcc/avr/4.7.2/../../../../avr/lib/avrxmega7\libm.a(fp_norm2.o)
                                 0x90 (size before relaxing)
 .stab          0x00003c30      0xa38 c:/program files (x86)/atmel/atmel toolchain/avr8 gcc/native/3.4.2.1002/avr8-gnu-toolchain/bin/../lib/gcc/avr/4.7.2/../../../../avr/lib/avrxmega7\libc.a(ftoa_engine.o)
                                0xa44 (size before relaxing)
 .stab          0x00004668       0x9c c:/program files (x86)/atmel/atmel toolchain/avr8 gcc/native/3.4.2.1002/avr8-gnu-toolchain/bin/../lib/gcc/avr/4.7.2/../../../../avr/lib/avrxmega7\libc.a(strnlen_P.o)
                                 0xa8 (size before relaxing)
 .stab          0x00004704       0xb4 c:/program files (x86)/atmel/atmel toolchain/avr8 gcc/native/3.4.2.1002/avr8-gnu-toolchain/bin/../lib/gcc/avr/4.7.2/../../../../avr/lib/avrxmega7\libc.a(memcmp.o)
                                 0xc0 (size before relaxing)
 .stab          0x000047b8       0x84 c:/program files (x86)/atmel/atmel toolchain/avr8 gcc/native/3.4.2.1002/avr8-gnu-toolchain/bin/../lib/gcc/avr/4.7.2/../../../../avr/lib/avrxmega7\libc.a(memcpy.o)
                                 0x90 (size before relaxing)
 .stab          0x0000483c       0x9c c:/program files (x86)/atmel/atmel toolchain/avr8 gcc/native/3.4.2.1002/avr8-gnu-toolchain/bin/../lib/gcc/avr/4.7.2/../../../../avr/lib/avrxmega7\libc.a(strnlen.o)
                                 0xa8 (size before relaxing)
 .stab          0x000048d8      0x480 c:/program files (x86)/atmel/atmel toolchain/avr8 gcc/native/3.4.2.1002/avr8-gnu-toolchain/bin/../lib/gcc/avr/4.7.2/../../../../avr/lib/avrxmega7\libc.a(ultoa_invert.o)
                                0x48c (size before relaxing)
 .stab          0x00004d58       0x6c c:/program files (x86)/atmel/atmel toolchain/avr8 gcc/native/3.4.2.1002/avr8-gnu-toolchain/bin/../lib/gcc/avr/4.7.2/../../../../avr/lib/avrxmega7\libc.a(memset.o)
                                 0x78 (size before relaxing)

.stabstr        0x00000000     0x133d
 *(.stabstr)
 .stabstr       0x00000000     0x133d c:/program files (x86)/atmel/atmel toolchain/avr8 gcc/native/3.4.2.1002/avr8-gnu-toolchain/bin/../lib/gcc/avr/4.7.2/../../../../avr/lib/avrxmega7/crtx128a1.o

.stab.excl
 *(.stab.excl)

.stab.exclstr
 *(.stab.exclstr)

.stab.index
 *(.stab.index)

.stab.indexstr
 *(.stab.indexstr)

.comment        0x00000000       0x2f
 *(.comment)
 .comment       0x00000000       0x2f src/ASF/common/boards/sensors_xplained/sensors_xplained.o
                                 0x30 (size before relaxing)
 .comment       0x00000000       0x30 src/ASF/common/services/clock/xmega/sysclk.o
 .comment       0x00000000       0x30 src/ASF/common/services/ioport/xmega/ioport_compat.o
 .comment       0x00000000       0x30 src/ASF/common/services/sensors/drivers/akm/ak8975.o
 .comment       0x00000000       0x30 src/ASF/common/services/sensors/drivers/bosch/bma020.o
 .comment       0x00000000       0x30 src/ASF/common/services/sensors/drivers/bosch/bma150.o
 .comment       0x00000000       0x30 src/ASF/common/services/sensors/drivers/bosch/bma180.o
 .comment       0x00000000       0x30 src/ASF/common/services/sensors/drivers/bosch/bma220.o
 .comment       0x00000000       0x30 src/ASF/common/services/sensors/drivers/bosch/bma222.o
 .comment       0x00000000       0x30 src/ASF/common/services/sensors/drivers/bosch/bma250.o
 .comment       0x00000000       0x30 src/ASF/common/services/sensors/drivers/bosch/bma_axis.inc.o
 .comment       0x00000000       0x30 src/ASF/common/services/sensors/drivers/bosch/bmp.o
 .comment       0x00000000       0x30 src/ASF/common/services/sensors/drivers/honeywell/hmc5883l.o
 .comment       0x00000000       0x30 src/ASF/common/services/sensors/drivers/invensense/imu3000.o
 .comment       0x00000000       0x30 src/ASF/common/services/sensors/drivers/invensense/itg3200.o
 .comment       0x00000000       0x30 src/ASF/common/services/sensors/drivers/kionix/kxtf9.o
 .comment       0x00000000       0x30 src/ASF/common/services/sensors/drivers/osram/sfh5712.o
 .comment       0x00000000       0x30 src/ASF/common/services/sensors/drivers/osram/sfh7770.o
 .comment       0x00000000       0x30 src/ASF/common/services/sensors/physics/physics.o
 .comment       0x00000000       0x30 src/ASF/common/services/sensors/sensor.o
 .comment       0x00000000       0x30 src/ASF/common/services/sensors/sensor_bus.o
 .comment       0x00000000       0x30 src/ASF/common/services/sensors/sensor_nvram.o
 .comment       0x00000000       0x30 src/ASF/common/services/sensors/sensor_platform.o
 .comment       0x00000000       0x30 src/ASF/common/services/serial/usart_serial.o
 .comment       0x00000000       0x30 src/ASF/common/services/sleepmgr/xmega/sleepmgr.o
 .comment       0x00000000       0x30 src/ASF/common/utils/stdio/read.o
 .comment       0x00000000       0x30 src/ASF/common/utils/stdio/write.o
 .comment       0x00000000       0x30 src/ASF/xmega/boards/xmega_a1_xplained/init.o
 .comment       0x00000000       0x30 src/ASF/xmega/drivers/nvm/nvm.o
 .comment       0x00000000       0x30 src/ASF/xmega/drivers/twi/twim.o
 .comment       0x00000000       0x30 src/ASF/xmega/drivers/twi/twis.o
 .comment       0x00000000       0x30 src/ASF/xmega/drivers/usart/usart.o
 .comment       0x00000000       0x30 src/main.o
 .comment       0x00000000       0x30 c:/program files (x86)/atmel/atmel toolchain/avr8 gcc/native/3.4.2.1002/avr8-gnu-toolchain/bin/../lib/gcc/avr/4.7.2/../../../../avr/lib/avrxmega7\libprintf_flt.a(vfprintf_flt.o)
 .comment       0x00000000       0x30 c:/program files (x86)/atmel/atmel toolchain/avr8 gcc/native/3.4.2.1002/avr8-gnu-toolchain/bin/../lib/gcc/avr/4.7.2/../../../../avr/lib/avrxmega7\libc.a(fdevopen.o)
 .comment       0x00000000       0x30 c:/program files (x86)/atmel/atmel toolchain/avr8 gcc/native/3.4.2.1002/avr8-gnu-toolchain/bin/../lib/gcc/avr/4.7.2/../../../../avr/lib/avrxmega7\libc.a(fputc.o)
 .comment       0x00000000       0x30 c:/program files (x86)/atmel/atmel toolchain/avr8 gcc/native/3.4.2.1002/avr8-gnu-toolchain/bin/../lib/gcc/avr/4.7.2/../../../../avr/lib/avrxmega7\libc.a(iob.o)
 .comment       0x00000000       0x30 c:/program files (x86)/atmel/atmel toolchain/avr8 gcc/native/3.4.2.1002/avr8-gnu-toolchain/bin/../lib/gcc/avr/4.7.2/../../../../avr/lib/avrxmega7\libc.a(printf.o)
 .comment       0x00000000       0x30 c:/program files (x86)/atmel/atmel toolchain/avr8 gcc/native/3.4.2.1002/avr8-gnu-toolchain/bin/../lib/gcc/avr/4.7.2/../../../../avr/lib/avrxmega7\libc.a(calloc.o)
 .comment       0x00000000       0x30 c:/program files (x86)/atmel/atmel toolchain/avr8 gcc/native/3.4.2.1002/avr8-gnu-toolchain/bin/../lib/gcc/avr/4.7.2/../../../../avr/lib/avrxmega7\libc.a(malloc.o)

.debug
 *(.debug)

.line
 *(.line)

.debug_srcinfo
 *(.debug_srcinfo)

.debug_sfnames
 *(.debug_sfnames)

.debug_aranges  0x00000000      0xa68
 *(.debug_aranges)
 .debug_aranges
                0x00000000       0x30 src/ASF/common/boards/sensors_xplained/sensors_xplained.o
 .debug_aranges
                0x00000030       0x30 src/ASF/common/services/clock/xmega/sysclk.o
 .debug_aranges
                0x00000060       0x20 src/ASF/common/services/ioport/xmega/ioport_compat.o
 .debug_aranges
                0x00000080       0x48 src/ASF/common/services/sensors/drivers/akm/ak8975.o
 .debug_aranges
                0x000000c8       0x48 src/ASF/common/services/sensors/drivers/bosch/bma020.o
 .debug_aranges
                0x00000110       0x58 src/ASF/common/services/sensors/drivers/bosch/bma150.o
 .debug_aranges
                0x00000168       0x48 src/ASF/common/services/sensors/drivers/bosch/bma180.o
 .debug_aranges
                0x000001b0       0x68 src/ASF/common/services/sensors/drivers/bosch/bma220.o
 .debug_aranges
                0x00000218       0x60 src/ASF/common/services/sensors/drivers/bosch/bma222.o
 .debug_aranges
                0x00000278       0x60 src/ASF/common/services/sensors/drivers/bosch/bma250.o
 .debug_aranges
                0x000002d8       0x18 src/ASF/common/services/sensors/drivers/bosch/bma_axis.inc.o
 .debug_aranges
                0x000002f0       0x48 src/ASF/common/services/sensors/drivers/bosch/bmp.o
 .debug_aranges
                0x00000338       0x70 src/ASF/common/services/sensors/drivers/honeywell/hmc5883l.o
 .debug_aranges
                0x000003a8       0x50 src/ASF/common/services/sensors/drivers/invensense/imu3000.o
 .debug_aranges
                0x000003f8       0x50 src/ASF/common/services/sensors/drivers/invensense/itg3200.o
 .debug_aranges
                0x00000448       0x60 src/ASF/common/services/sensors/drivers/kionix/kxtf9.o
 .debug_aranges
                0x000004a8       0x30 src/ASF/common/services/sensors/drivers/osram/sfh5712.o
 .debug_aranges
                0x000004d8       0x48 src/ASF/common/services/sensors/drivers/osram/sfh7770.o
 .debug_aranges
                0x00000520       0x20 src/ASF/common/services/sensors/physics/physics.o
 .debug_aranges
                0x00000540       0xb0 src/ASF/common/services/sensors/sensor.o
 .debug_aranges
                0x000005f0       0x48 src/ASF/common/services/sensors/sensor_bus.o
 .debug_aranges
                0x00000638       0x28 src/ASF/common/services/sensors/sensor_nvram.o
 .debug_aranges
                0x00000660       0x50 src/ASF/common/services/sensors/sensor_platform.o
 .debug_aranges
                0x000006b0       0x28 src/ASF/common/services/serial/usart_serial.o
 .debug_aranges
                0x000006d8       0x18 src/ASF/common/services/sleepmgr/xmega/sleepmgr.o
 .debug_aranges
                0x000006f0       0x20 src/ASF/common/utils/stdio/read.o
 .debug_aranges
                0x00000710       0x20 src/ASF/common/utils/stdio/write.o
 .debug_aranges
                0x00000730       0x20 src/ASF/xmega/boards/xmega_a1_xplained/init.o
 .debug_aranges
                0x00000750       0x20 src/ASF/xmega/drivers/cpu/ccp.o
 .debug_aranges
                0x00000770       0xc0 src/ASF/xmega/drivers/nvm/nvm.o
 .debug_aranges
                0x00000830       0x28 src/ASF/xmega/drivers/nvm/nvm_asm.o
 .debug_aranges
                0x00000858       0x50 src/ASF/xmega/drivers/twi/twim.o
 .debug_aranges
                0x000008a8       0x60 src/ASF/xmega/drivers/twi/twis.o
 .debug_aranges
                0x00000908       0x58 src/ASF/xmega/drivers/usart/usart.o
 .debug_aranges
                0x00000960       0x28 src/main.o
 .debug_aranges
                0x00000988       0x20 c:/program files (x86)/atmel/atmel toolchain/avr8 gcc/native/3.4.2.1002/avr8-gnu-toolchain/bin/../lib/gcc/avr/4.7.2/../../../../avr/lib/avrxmega7\libprintf_flt.a(vfprintf_flt.o)
 .debug_aranges
                0x000009a8       0x20 c:/program files (x86)/atmel/atmel toolchain/avr8 gcc/native/3.4.2.1002/avr8-gnu-toolchain/bin/../lib/gcc/avr/4.7.2/../../../../avr/lib/avrxmega7\libc.a(fdevopen.o)
 .debug_aranges
                0x000009c8       0x20 c:/program files (x86)/atmel/atmel toolchain/avr8 gcc/native/3.4.2.1002/avr8-gnu-toolchain/bin/../lib/gcc/avr/4.7.2/../../../../avr/lib/avrxmega7\libc.a(fputc.o)
 .debug_aranges
                0x000009e8       0x18 c:/program files (x86)/atmel/atmel toolchain/avr8 gcc/native/3.4.2.1002/avr8-gnu-toolchain/bin/../lib/gcc/avr/4.7.2/../../../../avr/lib/avrxmega7\libc.a(iob.o)
 .debug_aranges
                0x00000a00       0x20 c:/program files (x86)/atmel/atmel toolchain/avr8 gcc/native/3.4.2.1002/avr8-gnu-toolchain/bin/../lib/gcc/avr/4.7.2/../../../../avr/lib/avrxmega7\libc.a(printf.o)
 .debug_aranges
                0x00000a20       0x20 c:/program files (x86)/atmel/atmel toolchain/avr8 gcc/native/3.4.2.1002/avr8-gnu-toolchain/bin/../lib/gcc/avr/4.7.2/../../../../avr/lib/avrxmega7\libc.a(calloc.o)
 .debug_aranges
                0x00000a40       0x28 c:/program files (x86)/atmel/atmel toolchain/avr8 gcc/native/3.4.2.1002/avr8-gnu-toolchain/bin/../lib/gcc/avr/4.7.2/../../../../avr/lib/avrxmega7\libc.a(malloc.o)

.debug_pubnames
 *(.debug_pubnames)

.debug_info     0x00000000    0x2fac8
 *(.debug_info)
 .debug_info    0x00000000      0x8f9 src/ASF/common/boards/sensors_xplained/sensors_xplained.o
 .debug_info    0x000008f9      0x94f src/ASF/common/services/clock/xmega/sysclk.o
 .debug_info    0x00001248      0x11d src/ASF/common/services/ioport/xmega/ioport_compat.o
 .debug_info    0x00001365     0x1e4a src/ASF/common/services/sensors/drivers/akm/ak8975.o
 .debug_info    0x000031af     0x1847 src/ASF/common/services/sensors/drivers/bosch/bma020.o
 .debug_info    0x000049f6     0x2d36 src/ASF/common/services/sensors/drivers/bosch/bma150.o
 .debug_info    0x0000772c     0x1967 src/ASF/common/services/sensors/drivers/bosch/bma180.o
 .debug_info    0x00009093     0x2928 src/ASF/common/services/sensors/drivers/bosch/bma220.o
 .debug_info    0x0000b9bb     0x2a75 src/ASF/common/services/sensors/drivers/bosch/bma222.o
 .debug_info    0x0000e430     0x2aad src/ASF/common/services/sensors/drivers/bosch/bma250.o
 .debug_info    0x00010edd      0x18a src/ASF/common/services/sensors/drivers/bosch/bma_axis.inc.o
 .debug_info    0x00011067     0x1c11 src/ASF/common/services/sensors/drivers/bosch/bmp.o
 .debug_info    0x00012c78     0x2530 src/ASF/common/services/sensors/drivers/honeywell/hmc5883l.o
 .debug_info    0x000151a8     0x2535 src/ASF/common/services/sensors/drivers/invensense/imu3000.o
 .debug_info    0x000176dd     0x2277 src/ASF/common/services/sensors/drivers/invensense/itg3200.o
 .debug_info    0x00019954     0x2b3b src/ASF/common/services/sensors/drivers/kionix/kxtf9.o
 .debug_info    0x0001c48f     0x13fe src/ASF/common/services/sensors/drivers/osram/sfh5712.o
 .debug_info    0x0001d88d     0x287a src/ASF/common/services/sensors/drivers/osram/sfh7770.o
 .debug_info    0x00020107      0x284 src/ASF/common/services/sensors/physics/physics.o
 .debug_info    0x0002038b     0x1c43 src/ASF/common/services/sensors/sensor.o
 .debug_info    0x00021fce     0x2a23 src/ASF/common/services/sensors/sensor_bus.o
 .debug_info    0x000249f1      0x31f src/ASF/common/services/sensors/sensor_nvram.o
 .debug_info    0x00024d10     0x18eb src/ASF/common/services/sensors/sensor_platform.o
 .debug_info    0x000265fb      0x393 src/ASF/common/services/serial/usart_serial.o
 .debug_info    0x0002698e      0x121 src/ASF/common/services/sleepmgr/xmega/sleepmgr.o
 .debug_info    0x00026aaf      0x119 src/ASF/common/utils/stdio/read.o
 .debug_info    0x00026bc8      0x119 src/ASF/common/utils/stdio/write.o
 .debug_info    0x00026ce1      0x8f5 src/ASF/xmega/boards/xmega_a1_xplained/init.o
 .debug_info    0x000275d6       0xa7 src/ASF/xmega/drivers/cpu/ccp.o
 .debug_info    0x0002767d     0x138d src/ASF/xmega/drivers/nvm/nvm.o
 .debug_info    0x00028a0a       0xa7 src/ASF/xmega/drivers/nvm/nvm_asm.o
 .debug_info    0x00028ab1      0x888 src/ASF/xmega/drivers/twi/twim.o
 .debug_info    0x00029339      0x6c8 src/ASF/xmega/drivers/twi/twis.o
 .debug_info    0x00029a01     0x3323 src/ASF/xmega/drivers/usart/usart.o
 .debug_info    0x0002cd24     0x1bf8 src/main.o
 .debug_info    0x0002e91c      0x7d1 c:/program files (x86)/atmel/atmel toolchain/avr8 gcc/native/3.4.2.1002/avr8-gnu-toolchain/bin/../lib/gcc/avr/4.7.2/../../../../avr/lib/avrxmega7\libprintf_flt.a(vfprintf_flt.o)
 .debug_info    0x0002f0ed      0x1d7 c:/program files (x86)/atmel/atmel toolchain/avr8 gcc/native/3.4.2.1002/avr8-gnu-toolchain/bin/../lib/gcc/avr/4.7.2/../../../../avr/lib/avrxmega7\libc.a(fdevopen.o)
 .debug_info    0x0002f2c4      0x174 c:/program files (x86)/atmel/atmel toolchain/avr8 gcc/native/3.4.2.1002/avr8-gnu-toolchain/bin/../lib/gcc/avr/4.7.2/../../../../avr/lib/avrxmega7\libc.a(fputc.o)
 .debug_info    0x0002f438      0x14e c:/program files (x86)/atmel/atmel toolchain/avr8 gcc/native/3.4.2.1002/avr8-gnu-toolchain/bin/../lib/gcc/avr/4.7.2/../../../../avr/lib/avrxmega7\libc.a(iob.o)
 .debug_info    0x0002f586      0x1fa c:/program files (x86)/atmel/atmel toolchain/avr8 gcc/native/3.4.2.1002/avr8-gnu-toolchain/bin/../lib/gcc/avr/4.7.2/../../../../avr/lib/avrxmega7\libc.a(printf.o)
 .debug_info    0x0002f780      0x10b c:/program files (x86)/atmel/atmel toolchain/avr8 gcc/native/3.4.2.1002/avr8-gnu-toolchain/bin/../lib/gcc/avr/4.7.2/../../../../avr/lib/avrxmega7\libc.a(calloc.o)
 .debug_info    0x0002f88b      0x23d c:/program files (x86)/atmel/atmel toolchain/avr8 gcc/native/3.4.2.1002/avr8-gnu-toolchain/bin/../lib/gcc/avr/4.7.2/../../../../avr/lib/avrxmega7\libc.a(malloc.o)
 *(.gnu.linkonce.wi.*)

.debug_abbrev   0x00000000     0x6d80
 *(.debug_abbrev)
 .debug_abbrev  0x00000000      0x27d src/ASF/common/boards/sensors_xplained/sensors_xplained.o
 .debug_abbrev  0x0000027d      0x273 src/ASF/common/services/clock/xmega/sysclk.o
 .debug_abbrev  0x000004f0       0x93 src/ASF/common/services/ioport/xmega/ioport_compat.o
 .debug_abbrev  0x00000583      0x41a src/ASF/common/services/sensors/drivers/akm/ak8975.o
 .debug_abbrev  0x0000099d      0x3c7 src/ASF/common/services/sensors/drivers/bosch/bma020.o
 .debug_abbrev  0x00000d64      0x449 src/ASF/common/services/sensors/drivers/bosch/bma150.o
 .debug_abbrev  0x000011ad      0x417 src/ASF/common/services/sensors/drivers/bosch/bma180.o
 .debug_abbrev  0x000015c4      0x4f7 src/ASF/common/services/sensors/drivers/bosch/bma220.o
 .debug_abbrev  0x00001abb      0x4bb src/ASF/common/services/sensors/drivers/bosch/bma222.o
 .debug_abbrev  0x00001f76      0x4bb src/ASF/common/services/sensors/drivers/bosch/bma250.o
 .debug_abbrev  0x00002431       0xba src/ASF/common/services/sensors/drivers/bosch/bma_axis.inc.o
 .debug_abbrev  0x000024eb      0x427 src/ASF/common/services/sensors/drivers/bosch/bmp.o
 .debug_abbrev  0x00002912      0x47f src/ASF/common/services/sensors/drivers/honeywell/hmc5883l.o
 .debug_abbrev  0x00002d91      0x47a src/ASF/common/services/sensors/drivers/invensense/imu3000.o
 .debug_abbrev  0x0000320b      0x46e src/ASF/common/services/sensors/drivers/invensense/itg3200.o
 .debug_abbrev  0x00003679      0x470 src/ASF/common/services/sensors/drivers/kionix/kxtf9.o
 .debug_abbrev  0x00003ae9      0x30a src/ASF/common/services/sensors/drivers/osram/sfh5712.o
 .debug_abbrev  0x00003df3      0x460 src/ASF/common/services/sensors/drivers/osram/sfh7770.o
 .debug_abbrev  0x00004253      0x13a src/ASF/common/services/sensors/physics/physics.o
 .debug_abbrev  0x0000438d      0x3dd src/ASF/common/services/sensors/sensor.o
 .debug_abbrev  0x0000476a      0x3e8 src/ASF/common/services/sensors/sensor_bus.o
 .debug_abbrev  0x00004b52      0x144 src/ASF/common/services/sensors/sensor_nvram.o
 .debug_abbrev  0x00004c96      0x3ea src/ASF/common/services/sensors/sensor_platform.o
 .debug_abbrev  0x00005080      0x18b src/ASF/common/services/serial/usart_serial.o
 .debug_abbrev  0x0000520b       0x80 src/ASF/common/services/sleepmgr/xmega/sleepmgr.o
 .debug_abbrev  0x0000528b       0xc5 src/ASF/common/utils/stdio/read.o
 .debug_abbrev  0x00005350       0xa7 src/ASF/common/utils/stdio/write.o
 .debug_abbrev  0x000053f7      0x16d src/ASF/xmega/boards/xmega_a1_xplained/init.o
 .debug_abbrev  0x00005564       0x14 src/ASF/xmega/drivers/cpu/ccp.o
 .debug_abbrev  0x00005578      0x3f4 src/ASF/xmega/drivers/nvm/nvm.o
 .debug_abbrev  0x0000596c       0x12 src/ASF/xmega/drivers/nvm/nvm_asm.o
 .debug_abbrev  0x0000597e      0x2a3 src/ASF/xmega/drivers/twi/twim.o
 .debug_abbrev  0x00005c21      0x216 src/ASF/xmega/drivers/twi/twis.o
 .debug_abbrev  0x00005e37      0x3e8 src/ASF/xmega/drivers/usart/usart.o
 .debug_abbrev  0x0000621f      0x3a7 src/main.o
 .debug_abbrev  0x000065c6      0x1d4 c:/program files (x86)/atmel/atmel toolchain/avr8 gcc/native/3.4.2.1002/avr8-gnu-toolchain/bin/../lib/gcc/avr/4.7.2/../../../../avr/lib/avrxmega7\libprintf_flt.a(vfprintf_flt.o)
 .debug_abbrev  0x0000679a      0x127 c:/program files (x86)/atmel/atmel toolchain/avr8 gcc/native/3.4.2.1002/avr8-gnu-toolchain/bin/../lib/gcc/avr/4.7.2/../../../../avr/lib/avrxmega7\libc.a(fdevopen.o)
 .debug_abbrev  0x000068c1       0xf1 c:/program files (x86)/atmel/atmel toolchain/avr8 gcc/native/3.4.2.1002/avr8-gnu-toolchain/bin/../lib/gcc/avr/4.7.2/../../../../avr/lib/avrxmega7\libc.a(fputc.o)
 .debug_abbrev  0x000069b2       0xc1 c:/program files (x86)/atmel/atmel toolchain/avr8 gcc/native/3.4.2.1002/avr8-gnu-toolchain/bin/../lib/gcc/avr/4.7.2/../../../../avr/lib/avrxmega7\libc.a(iob.o)
 .debug_abbrev  0x00006a73      0x149 c:/program files (x86)/atmel/atmel toolchain/avr8 gcc/native/3.4.2.1002/avr8-gnu-toolchain/bin/../lib/gcc/avr/4.7.2/../../../../avr/lib/avrxmega7\libc.a(printf.o)
 .debug_abbrev  0x00006bbc       0xcb c:/program files (x86)/atmel/atmel toolchain/avr8 gcc/native/3.4.2.1002/avr8-gnu-toolchain/bin/../lib/gcc/avr/4.7.2/../../../../avr/lib/avrxmega7\libc.a(calloc.o)
 .debug_abbrev  0x00006c87       0xf9 c:/program files (x86)/atmel/atmel toolchain/avr8 gcc/native/3.4.2.1002/avr8-gnu-toolchain/bin/../lib/gcc/avr/4.7.2/../../../../avr/lib/avrxmega7\libc.a(malloc.o)

.debug_line     0x00000000    0x19882
 *(.debug_line)
 .debug_line    0x00000000      0x867 src/ASF/common/boards/sensors_xplained/sensors_xplained.o
 .debug_line    0x00000867      0x7be src/ASF/common/services/clock/xmega/sysclk.o
 .debug_line    0x00001025      0x4d5 src/ASF/common/services/ioport/xmega/ioport_compat.o
 .debug_line    0x000014fa      0xf34 src/ASF/common/services/sensors/drivers/akm/ak8975.o
 .debug_line    0x0000242e      0xdfb src/ASF/common/services/sensors/drivers/bosch/bma020.o
 .debug_line    0x00003229     0x129a src/ASF/common/services/sensors/drivers/bosch/bma150.o
 .debug_line    0x000044c3      0xe44 src/ASF/common/services/sensors/drivers/bosch/bma180.o
 .debug_line    0x00005307     0x12f0 src/ASF/common/services/sensors/drivers/bosch/bma220.o
 .debug_line    0x000065f7     0x122a src/ASF/common/services/sensors/drivers/bosch/bma222.o
 .debug_line    0x00007821     0x1246 src/ASF/common/services/sensors/drivers/bosch/bma250.o
 .debug_line    0x00008a67      0xb43 src/ASF/common/services/sensors/drivers/bosch/bma_axis.inc.o
 .debug_line    0x000095aa      0xebc src/ASF/common/services/sensors/drivers/bosch/bmp.o
 .debug_line    0x0000a466     0x10c3 src/ASF/common/services/sensors/drivers/honeywell/hmc5883l.o
 .debug_line    0x0000b529      0xfc6 src/ASF/common/services/sensors/drivers/invensense/imu3000.o
 .debug_line    0x0000c4ef      0xf76 src/ASF/common/services/sensors/drivers/invensense/itg3200.o
 .debug_line    0x0000d465     0x1330 src/ASF/common/services/sensors/drivers/kionix/kxtf9.o
 .debug_line    0x0000e795      0xc67 src/ASF/common/services/sensors/drivers/osram/sfh5712.o
 .debug_line    0x0000f3fc     0x12b2 src/ASF/common/services/sensors/drivers/osram/sfh7770.o
 .debug_line    0x000106ae      0x278 src/ASF/common/services/sensors/physics/physics.o
 .debug_line    0x00010926     0x1066 src/ASF/common/services/sensors/sensor.o
 .debug_line    0x0001198c      0xe45 src/ASF/common/services/sensors/sensor_bus.o
 .debug_line    0x000127d1      0x726 src/ASF/common/services/sensors/sensor_nvram.o
 .debug_line    0x00012ef7      0xc7f src/ASF/common/services/sensors/sensor_platform.o
 .debug_line    0x00013b76      0x7c9 src/ASF/common/services/serial/usart_serial.o
 .debug_line    0x0001433f      0x47c src/ASF/common/services/sleepmgr/xmega/sleepmgr.o
 .debug_line    0x000147bb      0x3f9 src/ASF/common/utils/stdio/read.o
 .debug_line    0x00014bb4      0x400 src/ASF/common/utils/stdio/write.o
 .debug_line    0x00014fb4      0x5d6 src/ASF/xmega/boards/xmega_a1_xplained/init.o
 .debug_line    0x0001558a       0x6e src/ASF/xmega/drivers/cpu/ccp.o
 .debug_line    0x000155f8      0xbb3 src/ASF/xmega/drivers/nvm/nvm.o
 .debug_line    0x000161ab      0x11f src/ASF/xmega/drivers/nvm/nvm_asm.o
 .debug_line    0x000162ca      0x679 src/ASF/xmega/drivers/twi/twim.o
 .debug_line    0x00016943      0x65c src/ASF/xmega/drivers/twi/twis.o
 .debug_line    0x00016f9f      0xe68 src/ASF/xmega/drivers/usart/usart.o
 .debug_line    0x00017e07      0xcb7 src/main.o
 .debug_line    0x00018abe      0x501 c:/program files (x86)/atmel/atmel toolchain/avr8 gcc/native/3.4.2.1002/avr8-gnu-toolchain/bin/../lib/gcc/avr/4.7.2/../../../../avr/lib/avrxmega7\libprintf_flt.a(vfprintf_flt.o)
 .debug_line    0x00018fbf      0x1b3 c:/program files (x86)/atmel/atmel toolchain/avr8 gcc/native/3.4.2.1002/avr8-gnu-toolchain/bin/../lib/gcc/avr/4.7.2/../../../../avr/lib/avrxmega7\libc.a(fdevopen.o)
 .debug_line    0x00019172      0x104 c:/program files (x86)/atmel/atmel toolchain/avr8 gcc/native/3.4.2.1002/avr8-gnu-toolchain/bin/../lib/gcc/avr/4.7.2/../../../../avr/lib/avrxmega7\libc.a(fputc.o)
 .debug_line    0x00019276       0xeb c:/program files (x86)/atmel/atmel toolchain/avr8 gcc/native/3.4.2.1002/avr8-gnu-toolchain/bin/../lib/gcc/avr/4.7.2/../../../../avr/lib/avrxmega7\libc.a(iob.o)
 .debug_line    0x00019361      0x18e c:/program files (x86)/atmel/atmel toolchain/avr8 gcc/native/3.4.2.1002/avr8-gnu-toolchain/bin/../lib/gcc/avr/4.7.2/../../../../avr/lib/avrxmega7\libc.a(printf.o)
 .debug_line    0x000194ef      0x185 c:/program files (x86)/atmel/atmel toolchain/avr8 gcc/native/3.4.2.1002/avr8-gnu-toolchain/bin/../lib/gcc/avr/4.7.2/../../../../avr/lib/avrxmega7\libc.a(calloc.o)
 .debug_line    0x00019674      0x20e c:/program files (x86)/atmel/atmel toolchain/avr8 gcc/native/3.4.2.1002/avr8-gnu-toolchain/bin/../lib/gcc/avr/4.7.2/../../../../avr/lib/avrxmega7\libc.a(malloc.o)

.debug_frame    0x00000000     0x289c
 *(.debug_frame)
 .debug_frame   0x00000000       0x8c src/ASF/common/boards/sensors_xplained/sensors_xplained.o
 .debug_frame   0x0000008c       0x44 src/ASF/common/services/clock/xmega/sysclk.o
 .debug_frame   0x000000d0       0x30 src/ASF/common/services/ioport/xmega/ioport_compat.o
 .debug_frame   0x00000100      0x1ac src/ASF/common/services/sensors/drivers/akm/ak8975.o
 .debug_frame   0x000002ac      0x180 src/ASF/common/services/sensors/drivers/bosch/bma020.o
 .debug_frame   0x0000042c      0x1d8 src/ASF/common/services/sensors/drivers/bosch/bma150.o
 .debug_frame   0x00000604      0x180 src/ASF/common/services/sensors/drivers/bosch/bma180.o
 .debug_frame   0x00000784      0x210 src/ASF/common/services/sensors/drivers/bosch/bma220.o
 .debug_frame   0x00000994      0x214 src/ASF/common/services/sensors/drivers/bosch/bma222.o
 .debug_frame   0x00000ba8      0x214 src/ASF/common/services/sensors/drivers/bosch/bma250.o
 .debug_frame   0x00000dbc      0x174 src/ASF/common/services/sensors/drivers/bosch/bmp.o
 .debug_frame   0x00000f30      0x264 src/ASF/common/services/sensors/drivers/honeywell/hmc5883l.o
 .debug_frame   0x00001194      0x1e8 src/ASF/common/services/sensors/drivers/invensense/imu3000.o
 .debug_frame   0x0000137c      0x1d4 src/ASF/common/services/sensors/drivers/invensense/itg3200.o
 .debug_frame   0x00001550      0x240 src/ASF/common/services/sensors/drivers/kionix/kxtf9.o
 .debug_frame   0x00001790       0xa8 src/ASF/common/services/sensors/drivers/osram/sfh5712.o
 .debug_frame   0x00001838      0x170 src/ASF/common/services/sensors/drivers/osram/sfh7770.o
 .debug_frame   0x000019a8       0x84 src/ASF/common/services/sensors/physics/physics.o
 .debug_frame   0x00001a2c      0x23c src/ASF/common/services/sensors/sensor.o
 .debug_frame   0x00001c68      0x11c src/ASF/common/services/sensors/sensor_bus.o
 .debug_frame   0x00001d84       0x3c src/ASF/common/services/sensors/sensor_nvram.o
 .debug_frame   0x00001dc0       0xc4 src/ASF/common/services/sensors/sensor_platform.o
 .debug_frame   0x00001e84       0x74 src/ASF/common/services/serial/usart_serial.o
 .debug_frame   0x00001ef8       0x34 src/ASF/common/utils/stdio/read.o
 .debug_frame   0x00001f2c       0x24 src/ASF/common/utils/stdio/write.o
 .debug_frame   0x00001f50       0x24 src/ASF/xmega/boards/xmega_a1_xplained/init.o
 .debug_frame   0x00001f74      0x354 src/ASF/xmega/drivers/nvm/nvm.o
 .debug_frame   0x000022c8      0x1b0 src/ASF/xmega/drivers/twi/twim.o
 .debug_frame   0x00002478       0xbc src/ASF/xmega/drivers/twi/twis.o
 .debug_frame   0x00002534      0x140 src/ASF/xmega/drivers/usart/usart.o
 .debug_frame   0x00002674       0x60 src/main.o
 .debug_frame   0x000026d4       0x84 c:/program files (x86)/atmel/atmel toolchain/avr8 gcc/native/3.4.2.1002/avr8-gnu-toolchain/bin/../lib/gcc/avr/4.7.2/../../../../avr/lib/avrxmega7\libprintf_flt.a(vfprintf_flt.o)
 .debug_frame   0x00002758       0x38 c:/program files (x86)/atmel/atmel toolchain/avr8 gcc/native/3.4.2.1002/avr8-gnu-toolchain/bin/../lib/gcc/avr/4.7.2/../../../../avr/lib/avrxmega7\libc.a(fdevopen.o)
 .debug_frame   0x00002790       0x38 c:/program files (x86)/atmel/atmel toolchain/avr8 gcc/native/3.4.2.1002/avr8-gnu-toolchain/bin/../lib/gcc/avr/4.7.2/../../../../avr/lib/avrxmega7\libc.a(fputc.o)
 .debug_frame   0x000027c8       0x34 c:/program files (x86)/atmel/atmel toolchain/avr8 gcc/native/3.4.2.1002/avr8-gnu-toolchain/bin/../lib/gcc/avr/4.7.2/../../../../avr/lib/avrxmega7\libc.a(printf.o)
 .debug_frame   0x000027fc       0x38 c:/program files (x86)/atmel/atmel toolchain/avr8 gcc/native/3.4.2.1002/avr8-gnu-toolchain/bin/../lib/gcc/avr/4.7.2/../../../../avr/lib/avrxmega7\libc.a(calloc.o)
 .debug_frame   0x00002834       0x68 c:/program files (x86)/atmel/atmel toolchain/avr8 gcc/native/3.4.2.1002/avr8-gnu-toolchain/bin/../lib/gcc/avr/4.7.2/../../../../avr/lib/avrxmega7\libc.a(malloc.o)

.debug_str      0x00000000    0x33a6b
 *(.debug_str)
 .debug_str     0x00000000    0x23f78 src/ASF/common/boards/sensors_xplained/sensors_xplained.o
                              0x24670 (size before relaxing)
 .debug_str     0x00023f78      0x2f5 src/ASF/common/services/clock/xmega/sysclk.o
                              0x24602 (size before relaxing)
 .debug_str     0x0002426d       0x41 src/ASF/common/services/ioport/xmega/ioport_compat.o
                              0x21a1c (size before relaxing)
 .debug_str     0x000242ae     0x3458 src/ASF/common/services/sensors/drivers/akm/ak8975.o
                              0x27866 (size before relaxing)
 .debug_str     0x00027706      0x754 src/ASF/common/services/sensors/drivers/bosch/bma020.o
                              0x276c6 (size before relaxing)
 .debug_str     0x00027e5a      0x987 src/ASF/common/services/sensors/drivers/bosch/bma150.o
                              0x27d62 (size before relaxing)
 .debug_str     0x000287e1     0x13d4 src/ASF/common/services/sensors/drivers/bosch/bma180.o
                              0x2841c (size before relaxing)
 .debug_str     0x00029bb5      0xde3 src/ASF/common/services/sensors/drivers/bosch/bma220.o
                              0x2806b (size before relaxing)
 .debug_str     0x0002a998     0x1403 src/ASF/common/services/sensors/drivers/bosch/bma222.o
                              0x28778 (size before relaxing)
 .debug_str     0x0002bd9b     0x1258 src/ASF/common/services/sensors/drivers/bosch/bma250.o
                              0x28706 (size before relaxing)
 .debug_str     0x0002cff3       0x40 src/ASF/common/services/sensors/drivers/bosch/bma_axis.inc.o
                              0x25df3 (size before relaxing)
 .debug_str     0x0002d033      0x4ab src/ASF/common/services/sensors/drivers/bosch/bmp.o
                              0x275d5 (size before relaxing)
 .debug_str     0x0002d4de      0x8ee src/ASF/common/services/sensors/drivers/honeywell/hmc5883l.o
                              0x27f76 (size before relaxing)
 .debug_str     0x0002ddcc      0xc4c src/ASF/common/services/sensors/drivers/invensense/imu3000.o
                              0x27ed2 (size before relaxing)
 .debug_str     0x0002ea18      0x366 src/ASF/common/services/sensors/drivers/invensense/itg3200.o
                              0x278f2 (size before relaxing)
 .debug_str     0x0002ed7e     0x10ed src/ASF/common/services/sensors/drivers/kionix/kxtf9.o
                              0x285a5 (size before relaxing)
 .debug_str     0x0002fe6b      0x250 src/ASF/common/services/sensors/drivers/osram/sfh5712.o
                              0x27196 (size before relaxing)
 .debug_str     0x000300bb      0xe67 src/ASF/common/services/sensors/drivers/osram/sfh7770.o
                              0x281e7 (size before relaxing)
 .debug_str     0x00030f22       0x79 src/ASF/common/services/sensors/physics/physics.o
                               0x2869 (size before relaxing)
 .debug_str     0x00030f9b      0x2a0 src/ASF/common/services/sensors/sensor.o
                              0x27417 (size before relaxing)
 .debug_str     0x0003123b      0xa61 src/ASF/common/services/sensors/sensor_bus.o
                              0x26daa (size before relaxing)
 .debug_str     0x00031c9c       0xb3 src/ASF/common/services/sensors/sensor_nvram.o
                              0x2450e (size before relaxing)
 .debug_str     0x00031d4f      0x5b2 src/ASF/common/services/sensors/sensor_platform.o
                              0x27ad7 (size before relaxing)
 .debug_str     0x00032301       0x64 src/ASF/common/services/serial/usart_serial.o
                              0x2446f (size before relaxing)
 .debug_str     0x00032365       0xb3 src/ASF/common/services/sleepmgr/xmega/sleepmgr.o
                              0x21813 (size before relaxing)
 .debug_str     0x00032418       0x25 src/ASF/common/utils/stdio/read.o
                              0x21383 (size before relaxing)
 .debug_str     0x0003243d       0x26 src/ASF/common/utils/stdio/write.o
                              0x21385 (size before relaxing)
 .debug_str     0x00032463       0x31 src/ASF/xmega/boards/xmega_a1_xplained/init.o
                              0x238e9 (size before relaxing)
 .debug_str     0x00032494      0x7bb src/ASF/xmega/drivers/nvm/nvm.o
                              0x21e7c (size before relaxing)
 .debug_str     0x00032c4f      0x246 src/ASF/xmega/drivers/twi/twim.o
                              0x2196b (size before relaxing)
 .debug_str     0x00032e95      0x32a src/ASF/xmega/drivers/twi/twis.o
                              0x21827 (size before relaxing)
 .debug_str     0x000331bf      0x32e src/ASF/xmega/drivers/usart/usart.o
                              0x254ca (size before relaxing)
 .debug_str     0x000334ed      0x183 src/main.o
                              0x276c1 (size before relaxing)
 .debug_str     0x00033670      0x100 c:/program files (x86)/atmel/atmel toolchain/avr8 gcc/native/3.4.2.1002/avr8-gnu-toolchain/bin/../lib/gcc/avr/4.7.2/../../../../avr/lib/avrxmega7\libprintf_flt.a(vfprintf_flt.o)
                                0x1e8 (size before relaxing)
 .debug_str     0x00033770       0x72 c:/program files (x86)/atmel/atmel toolchain/avr8 gcc/native/3.4.2.1002/avr8-gnu-toolchain/bin/../lib/gcc/avr/4.7.2/../../../../avr/lib/avrxmega7\libc.a(fdevopen.o)
                                0x120 (size before relaxing)
 .debug_str     0x000337e2       0x62 c:/program files (x86)/atmel/atmel toolchain/avr8 gcc/native/3.4.2.1002/avr8-gnu-toolchain/bin/../lib/gcc/avr/4.7.2/../../../../avr/lib/avrxmega7\libc.a(fputc.o)
                                0x10d (size before relaxing)
 .debug_str     0x00033844       0x60 c:/program files (x86)/atmel/atmel toolchain/avr8 gcc/native/3.4.2.1002/avr8-gnu-toolchain/bin/../lib/gcc/avr/4.7.2/../../../../avr/lib/avrxmega7\libc.a(iob.o)
                                0x10d (size before relaxing)
 .debug_str     0x000338a4       0x63 c:/program files (x86)/atmel/atmel toolchain/avr8 gcc/native/3.4.2.1002/avr8-gnu-toolchain/bin/../lib/gcc/avr/4.7.2/../../../../avr/lib/avrxmega7\libc.a(printf.o)
                                0x140 (size before relaxing)
 .debug_str     0x00033907       0x77 c:/program files (x86)/atmel/atmel toolchain/avr8 gcc/native/3.4.2.1002/avr8-gnu-toolchain/bin/../lib/gcc/avr/4.7.2/../../../../avr/lib/avrxmega7\libc.a(calloc.o)
                                 0xb5 (size before relaxing)
 .debug_str     0x0003397e       0xed c:/program files (x86)/atmel/atmel toolchain/avr8 gcc/native/3.4.2.1002/avr8-gnu-toolchain/bin/../lib/gcc/avr/4.7.2/../../../../avr/lib/avrxmega7\libc.a(malloc.o)
                                0x17c (size before relaxing)

.debug_loc      0x00000000    0x18da0
 *(.debug_loc)
 .debug_loc     0x00000000      0x2ee src/ASF/common/boards/sensors_xplained/sensors_xplained.o
 .debug_loc     0x000002ee      0x2ba src/ASF/common/services/clock/xmega/sysclk.o
 .debug_loc     0x000005a8       0x43 src/ASF/common/services/ioport/xmega/ioport_compat.o
 .debug_loc     0x000005eb      0xdd3 src/ASF/common/services/sensors/drivers/akm/ak8975.o
 .debug_loc     0x000013be      0xc3d src/ASF/common/services/sensors/drivers/bosch/bma020.o
 .debug_loc     0x00001ffb     0x228a src/ASF/common/services/sensors/drivers/bosch/bma150.o
 .debug_loc     0x00004285      0xd10 src/ASF/common/services/sensors/drivers/bosch/bma180.o
 .debug_loc     0x00004f95     0x18a5 src/ASF/common/services/sensors/drivers/bosch/bma220.o
 .debug_loc     0x0000683a     0x1a00 src/ASF/common/services/sensors/drivers/bosch/bma222.o
 .debug_loc     0x0000823a     0x1a18 src/ASF/common/services/sensors/drivers/bosch/bma250.o
 .debug_loc     0x00009c52     0x10e5 src/ASF/common/services/sensors/drivers/bosch/bmp.o
 .debug_loc     0x0000ad37     0x10dc src/ASF/common/services/sensors/drivers/honeywell/hmc5883l.o
 .debug_loc     0x0000be13     0x13fb src/ASF/common/services/sensors/drivers/invensense/imu3000.o
 .debug_loc     0x0000d20e     0x14d7 src/ASF/common/services/sensors/drivers/invensense/itg3200.o
 .debug_loc     0x0000e6e5     0x1ba1 src/ASF/common/services/sensors/drivers/kionix/kxtf9.o
 .debug_loc     0x00010286      0x730 src/ASF/common/services/sensors/drivers/osram/sfh5712.o
 .debug_loc     0x000109b6     0x1ebb src/ASF/common/services/sensors/drivers/osram/sfh7770.o
 .debug_loc     0x00012871      0x23d src/ASF/common/services/sensors/physics/physics.o
 .debug_loc     0x00012aae     0x13c2 src/ASF/common/services/sensors/sensor.o
 .debug_loc     0x00013e70      0xd1a src/ASF/common/services/sensors/sensor_bus.o
 .debug_loc     0x00014b8a      0x166 src/ASF/common/services/sensors/sensor_nvram.o
 .debug_loc     0x00014cf0      0x30f src/ASF/common/services/sensors/sensor_platform.o
 .debug_loc     0x00014fff      0x280 src/ASF/common/services/serial/usart_serial.o
 .debug_loc     0x0001527f       0x6e src/ASF/common/utils/stdio/read.o
 .debug_loc     0x000152ed       0x52 src/ASF/common/utils/stdio/write.o
 .debug_loc     0x0001533f     0x10cf src/ASF/xmega/drivers/nvm/nvm.o
 .debug_loc     0x0001640e      0x61a src/ASF/xmega/drivers/twi/twim.o
 .debug_loc     0x00016a28      0x340 src/ASF/xmega/drivers/twi/twis.o
 .debug_loc     0x00016d68      0xcdd src/ASF/xmega/drivers/usart/usart.o
 .debug_loc     0x00017a45      0x226 src/main.o
 .debug_loc     0x00017c6b      0x955 c:/program files (x86)/atmel/atmel toolchain/avr8 gcc/native/3.4.2.1002/avr8-gnu-toolchain/bin/../lib/gcc/avr/4.7.2/../../../../avr/lib/avrxmega7\libprintf_flt.a(vfprintf_flt.o)
 .debug_loc     0x000185c0       0xfd c:/program files (x86)/atmel/atmel toolchain/avr8 gcc/native/3.4.2.1002/avr8-gnu-toolchain/bin/../lib/gcc/avr/4.7.2/../../../../avr/lib/avrxmega7\libc.a(fdevopen.o)
 .debug_loc     0x000186bd       0xf3 c:/program files (x86)/atmel/atmel toolchain/avr8 gcc/native/3.4.2.1002/avr8-gnu-toolchain/bin/../lib/gcc/avr/4.7.2/../../../../avr/lib/avrxmega7\libc.a(fputc.o)
 .debug_loc     0x000187b0       0x3b c:/program files (x86)/atmel/atmel toolchain/avr8 gcc/native/3.4.2.1002/avr8-gnu-toolchain/bin/../lib/gcc/avr/4.7.2/../../../../avr/lib/avrxmega7\libc.a(printf.o)
 .debug_loc     0x000187eb       0xbd c:/program files (x86)/atmel/atmel toolchain/avr8 gcc/native/3.4.2.1002/avr8-gnu-toolchain/bin/../lib/gcc/avr/4.7.2/../../../../avr/lib/avrxmega7\libc.a(calloc.o)
 .debug_loc     0x000188a8      0x4f8 c:/program files (x86)/atmel/atmel toolchain/avr8 gcc/native/3.4.2.1002/avr8-gnu-toolchain/bin/../lib/gcc/avr/4.7.2/../../../../avr/lib/avrxmega7\libc.a(malloc.o)

.debug_macinfo
 *(.debug_macinfo)

.debug_pubtypes
 *(.debug_pubtypes)

.debug_ranges   0x00000000      0xbb8