Archive member included because of file (symbol)

c:/program files (x86)/atmel/atmel toolchain/avr8 gcc/native/3.4.2.1002/avr8-gnu-toolchain/bin/../lib/gcc/avr/4.7.2/../../../../avr/lib/avrxmega7\libm.a(addsf3.o)
                              src/ASF/common/services/sensors/drivers/akm/ak8975.o (__subsf3)
c:/program files (x86)/atmel/atmel toolchain/avr8 gcc/native/3.4.2.1002/avr8-gnu-toolchain/bin/../lib/gcc/avr/4.7.2/../../../../avr/lib/avrxmega7\libm.a(addsf3x.o)
                              c:/program files (x86)/atmel/atmel toolchain/avr8 gcc/native/3.4.2.1002/avr8-gnu-toolchain/bin/../lib/gcc/avr/4.7.2/../../../../avr/lib/avrxmega7\libm.a(addsf3.o) (__addsf3x)
c:/program files (x86)/atmel/atmel toolchain/avr8 gcc/native/3.4.2.1002/avr8-gnu-toolchain/bin/../lib/gcc/avr/4.7.2/../../../../avr/lib/avrxmega7\libm.a(asin.o)
                              src/ASF/common/services/sensors/physics/physics.o (asin)
c:/program files (x86)/atmel/atmel toolchain/avr8 gcc/native/3.4.2.1002/avr8-gnu-toolchain/bin/../lib/gcc/avr/4.7.2/../../../../avr/lib/avrxmega7\libm.a(atan2.o)
                              src/ASF/common/services/sensors/physics/physics.o (atan2)
c:/program files (x86)/atmel/atmel toolchain/avr8 gcc/native/3.4.2.1002/avr8-gnu-toolchain/bin/../lib/gcc/avr/4.7.2/../../../../avr/lib/avrxmega7\libm.a(atan.o)
                              c:/program files (x86)/atmel/atmel toolchain/avr8 gcc/native/3.4.2.1002/avr8-gnu-toolchain/bin/../lib/gcc/avr/4.7.2/../../../../avr/lib/avrxmega7\libm.a(atan2.o) (atan)
c:/program files (x86)/atmel/atmel toolchain/avr8 gcc/native/3.4.2.1002/avr8-gnu-toolchain/bin/../lib/gcc/avr/4.7.2/../../../../avr/lib/avrxmega7\libm.a(cmpsf2.o)
                              src/ASF/common/services/sensors/physics/physics.o (__eqsf2)
c:/program files (x86)/atmel/atmel toolchain/avr8 gcc/native/3.4.2.1002/avr8-gnu-toolchain/bin/../lib/gcc/avr/4.7.2/../../../../avr/lib/avrxmega7\libm.a(divsf3.o)
                              src/ASF/common/services/sensors/drivers/bosch/bmp.o (__divsf3)
c:/program files (x86)/atmel/atmel toolchain/avr8 gcc/native/3.4.2.1002/avr8-gnu-toolchain/bin/../lib/gcc/avr/4.7.2/../../../../avr/lib/avrxmega7\libm.a(divsf3x.o)
                              c:/program files (x86)/atmel/atmel toolchain/avr8 gcc/native/3.4.2.1002/avr8-gnu-toolchain/bin/../lib/gcc/avr/4.7.2/../../../../avr/lib/avrxmega7\libm.a(divsf3.o) (__divsf3x)
c:/program files (x86)/atmel/atmel toolchain/avr8 gcc/native/3.4.2.1002/avr8-gnu-toolchain/bin/../lib/gcc/avr/4.7.2/../../../../avr/lib/avrxmega7\libm.a(fixsfdi.o)
                              src/ASF/common/services/sensors/drivers/bosch/bmp.o (__fixunssfdi)
c:/program files (x86)/atmel/atmel toolchain/avr8 gcc/native/3.4.2.1002/avr8-gnu-toolchain/bin/../lib/gcc/avr/4.7.2/../../../../avr/lib/avrxmega7\libm.a(fixsfsi.o)
                              src/ASF/common/services/sensors/drivers/akm/ak8975.o (__fixsfsi)
c:/program files (x86)/atmel/atmel toolchain/avr8 gcc/native/3.4.2.1002/avr8-gnu-toolchain/bin/../lib/gcc/avr/4.7.2/../../../../avr/lib/avrxmega7\libm.a(fixunssfsi.o)
                              c:/program files (x86)/atmel/atmel toolchain/avr8 gcc/native/3.4.2.1002/avr8-gnu-toolchain/bin/../lib/gcc/avr/4.7.2/../../../../avr/lib/avrxmega7\libm.a(fixsfsi.o) (__fixunssfsi)
c:/program files (x86)/atmel/atmel toolchain/avr8 gcc/native/3.4.2.1002/avr8-gnu-toolchain/bin/../lib/gcc/avr/4.7.2/../../../../avr/lib/avrxmega7\libm.a(floatsisf.o)
                              src/ASF/common/services/sensors/drivers/akm/ak8975.o (__floatsisf)
c:/program files (x86)/atmel/atmel toolchain/avr8 gcc/native/3.4.2.1002/avr8-gnu-toolchain/bin/../lib/gcc/avr/4.7.2/../../../../avr/lib/avrxmega7\libm.a(floatundisf.o)
                              src/ASF/common/services/sensors/drivers/bosch/bmp.o (__floatundisf)
c:/program files (x86)/atmel/atmel toolchain/avr8 gcc/native/3.4.2.1002/avr8-gnu-toolchain/bin/../lib/gcc/avr/4.7.2/../../../../avr/lib/avrxmega7\libm.a(fp_arccos.o)
                              c:/program files (x86)/atmel/atmel toolchain/avr8 gcc/native/3.4.2.1002/avr8-gnu-toolchain/bin/../lib/gcc/avr/4.7.2/../../../../avr/lib/avrxmega7\libm.a(asin.o) (__fp_arccos)
c:/program files (x86)/atmel/atmel toolchain/avr8 gcc/native/3.4.2.1002/avr8-gnu-toolchain/bin/../lib/gcc/avr/4.7.2/../../../../avr/lib/avrxmega7\libm.a(fp_cmp.o)
                              c:/program files (x86)/atmel/atmel toolchain/avr8 gcc/native/3.4.2.1002/avr8-gnu-toolchain/bin/../lib/gcc/avr/4.7.2/../../../../avr/lib/avrxmega7\libm.a(cmpsf2.o) (__fp_cmp)
c:/program files (x86)/atmel/atmel toolchain/avr8 gcc/native/3.4.2.1002/avr8-gnu-toolchain/bin/../lib/gcc/avr/4.7.2/../../../../avr/lib/avrxmega7\libm.a(fp_inf.o)
                              c:/program files (x86)/atmel/atmel toolchain/avr8 gcc/native/3.4.2.1002/avr8-gnu-toolchain/bin/../lib/gcc/avr/4.7.2/../../../../avr/lib/avrxmega7\libm.a(addsf3x.o) (__fp_inf)
[...]
Memory Configuration

Name             Origin             Length             Attributes
text             0x00000000         0x00100000         xr
data             0x00802000         0x0000ffa0         rw !x
eeprom           0x00810000         0x00010000         rw !x
fuse             0x00820000         0x00000400         rw !x
lock             0x00830000         0x00000400         rw !x
signature        0x00840000         0x00000400         rw !x
user_signatures  0x00850000         0x00000400         rw !x
*default*        0x00000000         0xffffffff

Linker script and memory map

LOAD c:/program files (x86)/atmel/atmel toolchain/avr8 gcc/native/3.4.2.1002/avr8-gnu-toolchain/bin/../lib/gcc/avr/4.7.2/../../../../avr/lib/avrxmega7/crtx128a1.o
LOAD src/ASF/common/boards/sensors_xplained/sensors_xplained.o
LOAD src/ASF/common/services/clock/xmega/sysclk.o
LOAD src/ASF/common/services/ioport/xmega/ioport_compat.o
LOAD src/ASF/common/services/sensors/drivers/akm/ak8975.o
LOAD src/ASF/common/services/sensors/drivers/bosch/bma020.o
LOAD src/ASF/common/services/sensors/drivers/bosch/bma150.o
LOAD src/ASF/common/services/sensors/drivers/bosch/bma180.o
LOAD src/ASF/common/services/sensors/drivers/bosch/bma220.o
LOAD src/ASF/common/services/sensors/drivers/bosch/bma222.o
LOAD src/ASF/common/services/sensors/drivers/bosch/bma250.o
LOAD src/ASF/common/services/sensors/drivers/bosch/bma_axis.inc.o
LOAD src/ASF/common/services/sensors/drivers/bosch/bmp.o
LOAD src/ASF/common/services/sensors/drivers/honeywell/hmc5883l.o
LOAD src/ASF/common/services/sensors/drivers/invensense/imu3000.o
LOAD src/ASF/common/services/sensors/drivers/invensense/itg3200.o
LOAD src/ASF/common/services/sensors/drivers/kionix/kxtf9.o
LOAD src/ASF/common/services/sensors/drivers/osram/sfh5712.o
LOAD src/ASF/common/services/sensors/drivers/osram/sfh7770.o
LOAD src/ASF/common/services/sensors/physics/physics.o
LOAD src/ASF/common/services/sensors/sensor.o
LOAD src/ASF/common/services/sensors/sensor_bus.o
LOAD src/ASF/common/services/sensors/sensor_nvram.o
LOAD src/ASF/common/services/sensors/sensor_platform.o
LOAD src/ASF/common/services/serial/usart_serial.o
LOAD src/ASF/common/utils/stdio/read.o
LOAD src/ASF/common/utils/stdio/write.o
LOAD src/ASF/xmega/boards/xmega_a1_xplained/init.o
LOAD src/ASF/xmega/drivers/cpu/ccp.o
LOAD src/ASF/xmega/drivers/nvm/nvm.o
LOAD src/ASF/xmega/drivers/nvm/nvm_asm.o
LOAD src/ASF/xmega/drivers/twi/twim.o
LOAD src/ASF/xmega/drivers/twi/twis.o
LOAD src/ASF/xmega/drivers/usart/usart.o
LOAD src/main.o
START GROUP
LOAD c:/program files (x86)/atmel/atmel toolchain/avr8 gcc/native/3.4.2.1002/avr8-gnu-toolchain/bin/../lib/gcc/avr/4.7.2/../../../../avr/lib/avrxmega7\libm.a
END GROUP
Address of section .BOOT set to 0x20000
LOAD c:/program files (x86)/atmel/atmel toolchain/avr8 gcc/native/3.4.2.1002/avr8-gnu-toolchain/bin/../lib/gcc/avr/4.7.2/../../../../avr/lib/avrxmega7\libprintf_flt.a
LOAD c:/program files (x86)/atmel/atmel toolchain/avr8 gcc/native/3.4.2.1002/avr8-gnu-toolchain/bin/../lib/gcc/avr/4.7.2/avrxmega7\libgcc.a
LOAD c:/program files (x86)/atmel/atmel toolchain/avr8 gcc/native/3.4.2.1002/avr8-gnu-toolchain/bin/../lib/gcc/avr/4.7.2/../../../../avr/lib/avrxmega7\libc.a
LOAD c:/program files (x86)/atmel/atmel toolchain/avr8 gcc/native/3.4.2.1002/avr8-gnu-toolchain/bin/../lib/gcc/avr/4.7.2/avrxmega7\libgcc.a

.hash
 *(.hash)

.dynsym
 *(.dynsym)

.dynstr
 *(.dynstr)

.gnu.version
 *(.gnu.version)

.gnu.version_d
 *(.gnu.version_d)

.gnu.version_r
 *(.gnu.version_r)

.rel.init
 *(.rel.init)

.rela.init
 *(.rela.init)

.rel.text
 *(.rel.text)
 *(.rel.text.*)
 *(.rel.gnu.linkonce.t*)

.rela.text
 *(.rela.text)
 *(.rela.text.*)
 *(.rela.gnu.linkonce.t*)

.rel.fini
 *(.rel.fini)

.rela.fini
 *(.rela.fini)

.rel.rodata
 *(.rel.rodata)
 *(.rel.rodata.*)
 *(.rel.gnu.linkonce.r*)

.rela.rodata
 *(.rela.rodata)
 *(.rela.rodata.*)
 *(.rela.gnu.linkonce.r*)

.rel.data
 *(.rel.data)
 *(.rel.data.*)
 *(.rel.gnu.linkonce.d*)

.rela.data
 *(.rela.data)
 *(.rela.data.*)
 *(.rela.gnu.linkonce.d*)

.rel.ctors
 *(.rel.ctors)

.rela.ctors
 *(.rela.ctors)

.rel.dtors
 *(.rel.dtors)

.rela.dtors
 *(.rela.dtors)

.rel.got
 *(.rel.got)

.rela.got
 *(.rela.got)

.rel.bss
 *(.rel.bss)

.rela.bss
 *(.rela.bss)

.rel.plt
 *(.rel.plt)

.rela.plt
 *(.rela.plt)

.text           0x00000000     0x31ba
 *(.vectors)
 .vectors       0x00000000      0x1f4 c:/program files (x86)/atmel/atmel toolchain/avr8 gcc/native/3.4.2.1002/avr8-gnu-toolchain/bin/../lib/gcc/avr/4.7.2/../../../../avr/lib/avrxmega7/crtx128a1.o
                0x00000000                __vector_default
                0x00000000                __vectors
 *(.vectors)
 *(.progmem.gcc*)
 *(.progmem*)
 .progmem.data  0x000001f4        0x8 c:/program files (x86)/atmel/atmel toolchain/avr8 gcc/native/3.4.2.1002/avr8-gnu-toolchain/bin/../lib/gcc/avr/4.7.2/../../../../avr/lib/avrxmega7\libprintf_flt.a(vfprintf_flt.o)
 .progmem.data  0x000001fc       0xfa c:/program files (x86)/atmel/atmel toolchain/avr8 gcc/native/3.4.2.1002/avr8-gnu-toolchain/bin/../lib/gcc/avr/4.7.2/../../../../avr/lib/avrxmega7\libc.a(ftoa_engine.o)
                0x000002f6                . = ALIGN (0x2)
                0x000002f6                __trampolines_start = .
 *(.trampolines)
 .trampolines   0x000002f6        0x0 linker stubs
 *(.trampolines*)
                0x000002f6                __trampolines_end = .
 *(.jumptables)
 *(.jumptables*)
 *(.lowtext)
 *(.lowtext*)
                0x000002f6                __ctors_start = .
 *(.ctors)
                0x000002f6                __ctors_end = .
                0x000002f6                __dtors_start = .
 *(.dtors)
                0x000002f6                __dtors_end = .
 SORT(*)(.ctors)
 SORT(*)(.dtors)
 *(.init0)
 .init0         0x000002f6        0x0 c:/program files (x86)/atmel/atmel toolchain/avr8 gcc/native/3.4.2.1002/avr8-gnu-toolchain/bin/../lib/gcc/avr/4.7.2/../../../../avr/lib/avrxmega7/crtx128a1.o
                0x000002f6                __init
 *(.init0)
 *(.init1)
 *(.init1)
 *(.init2)
 .init2         0x000002f6       0x18 c:/program files (x86)/atmel/atmel toolchain/avr8 gcc/native/3.4.2.1002/avr8-gnu-toolchain/bin/../lib/gcc/avr/4.7.2/../../../../avr/lib/avrxmega7/crtx128a1.o
 *(.init2)
 *(.init3)
 *(.init3)
 *(.init4)
 .init4         0x0000030e       0x1c c:/program files (x86)/atmel/atmel toolchain/avr8 gcc/native/3.4.2.1002/avr8-gnu-toolchain/bin/../lib/gcc/avr/4.7.2/avrxmega7\libgcc.a(_copy_data.o)
                0x0000030e                __do_copy_data
 .init4         0x0000032a       0x10 c:/program files (x86)/atmel/atmel toolchain/avr8 gcc/native/3.4.2.1002/avr8-gnu-toolchain/bin/../lib/gcc/avr/4.7.2/avrxmega7\libgcc.a(_clear_bss.o)
                0x0000032a                __do_clear_bss
 *(.init4)
 *(.init5)
 *(.init5)
 *(.init6)
 *(.init6)
 *(.init7)
 *(.init7)
 *(.init8)
 *(.init8)
 *(.init9)
 .init9         0x0000033a        0x8 c:/program files (x86)/atmel/atmel toolchain/avr8 gcc/native/3.4.2.1002/avr8-gnu-toolchain/bin/../lib/gcc/avr/4.7.2/../../../../avr/lib/avrxmega7/crtx128a1.o
 *(.init9)
 *(.text)
 .text          0x00000342        0x2 c:/program files (x86)/atmel/atmel toolchain/avr8 gcc/native/3.4.2.1002/avr8-gnu-toolchain/bin/../lib/gcc/avr/4.7.2/../../../../avr/lib/avrxmega7/crtx128a1.o
                0x00000342                __vector_38
                0x00000342                __vector_22
                0x00000342                __vector_63
                0x00000342                __vector_28
                0x00000342                __vector_67
                0x00000342                __vector_1
                0x00000342                __vector_119
                0x00000342                __vector_32
                0x00000342                __vector_75
                0x00000342                __vector_71
                0x00000342                __vector_91
                0x00000342                __vector_34
                0x00000342                __vector_62
                0x00000342                __vector_77
                0x00000342                __vector_102
                0x00000342                __vector_24
                0x00000342                __vector_12
                0x00000342                __vector_55
                0x00000342                __vector_69
                0x00000342                __vector_81
                0x00000342                __vector_90
                0x00000342                __bad_interrupt
                0x00000342                __vector_122
                0x00000342                __vector_72
                0x00000342                __vector_114
                0x00000342                __vector_6
                0x00000342                __vector_110
                0x00000342                __vector_31
                0x00000342                __vector_92
                0x00000342                __vector_35
                0x00000342                __vector_78
                0x00000342                __vector_74
                0x00000342                __vector_117
                0x00000342                __vector_39
                0x00000342                __vector_3
                0x00000342                __vector_105
                0x00000342                __vector_98
                0x00000342                __vector_23
                0x00000342                __vector_68
                0x00000342                __vector_30
                0x00000342                __vector_73
                0x00000342                __vector_45
                0x00000342                __vector_25
                0x00000342                __vector_93
                0x00000342                __vector_61
                0x00000342                __vector_11
                0x00000342                __vector_54
                0x00000342                __vector_99
                0x00000342                __vector_17
                0x00000342                __vector_19
                0x00000342                __vector_56
                0x00000342                __vector_7
                0x00000342                __vector_49
                0x00000342                __vector_123
                0x00000342                __vector_41
                0x00000342                __vector_86
                0x00000342                __vector_100
                0x00000342                __vector_101
                0x00000342                __vector_64
                0x00000342                __vector_88
                0x00000342                __vector_109
                0x00000342                __vector_43
                0x00000342                __vector_27
                0x00000342                __vector_5
                0x00000342                __vector_113
                0x00000342                __vector_33
                0x00000342                __vector_115
                0x00000342                __vector_47
                0x00000342                __vector_52
                0x00000342                __vector_37
                0x00000342                __vector_95
                0x00000342                __vector_103
                0x00000342                __vector_96
                0x00000342                __vector_89
                0x00000342                __vector_108
                0x00000342                __vector_4
                0x00000342                __vector_44
                0x00000342                __vector_82
                0x00000342                __vector_106
                0x00000342                __vector_118
                0x00000342                __vector_51
                0x00000342                __vector_9
                0x00000342                __vector_2
                0x00000342                __vector_21
                0x00000342                __vector_15
                0x00000342                __vector_66
                0x00000342                __vector_36
                0x00000342                __vector_79
                0x00000342                __vector_58
                0x00000342                __vector_70
                0x00000342                __vector_83
                0x00000342                __vector_29
                0x00000342                __vector_60
                0x00000342                __vector_121
                0x00000342                __vector_40
                0x00000342                __vector_85
                0x00000342                __vector_94
                0x00000342                __vector_8
                0x00000342                __vector_26
                0x00000342                __vector_48
                0x00000342                __vector_124
                0x00000342                __vector_116
                0x00000342                __vector_112
                0x00000342                __vector_111
                0x00000342                __vector_80
                0x00000342                __vector_14
                0x00000342                __vector_84
                0x00000342                __vector_57
                0x00000342                __vector_53
                0x00000342                __vector_10
                0x00000342                __vector_50
                0x00000342                __vector_16
                0x00000342                __vector_59
                0x00000342                __vector_18
                0x00000342                __vector_97
                0x00000342                __vector_20
                0x00000342                __vector_42
                0x00000342                __vector_87
                0x00000342                __vector_65
                0x00000342                __vector_120
                0x00000344                . = ALIGN (0x2)
 *(.text.*)
 .text.__vector_104
                0x00000344       0xd4 src/ASF/common/boards/sensors_xplained/sensors_xplained.o
                0x00000344                __vector_104
 .text.sensor_board_init
                0x00000418       0x26 src/ASF/common/boards/sensors_xplained/sensors_xplained.o
                0x00000418                sensor_board_init
 .text.sysclk_init
                0x0000043e       0x80 src/ASF/common/services/clock/xmega/sysclk.o
                0x0000043e                sysclk_init
 .text.sysclk_enable_module
                0x000004be       0x18 src/ASF/common/services/clock/xmega/sysclk.o
                0x000004be                sysclk_enable_module
 .text.ioport_configure_port_pin
                0x000004d6       0x50 src/ASF/common/services/ioport/xmega/ioport_compat.o
                0x000004d6                ioport_configure_port_pin
 .text.bmp_ioctl
                0x00000526       0x96 src/ASF/common/services/sensors/drivers/bosch/bmp.o
 .text.bmp_get_cal_param
                0x000005bc       0xec src/ASF/common/services/sensors/drivers/bosch/bmp.o
 .text.bmp_get_ut
                0x000006a8       0x80 src/ASF/common/services/sensors/drivers/bosch/bmp.o
 .text.bmp_read
                0x00000728      0x5a2 src/ASF/common/services/sensors/drivers/bosch/bmp.o
 .text.bmp085_init
                0x00000cca       0x8c src/ASF/common/services/sensors/drivers/bosch/bmp.o
                0x00000cca                bmp085_init
 .text.sensor_attach
                0x00000d56       0x66 src/ASF/common/services/sensors/sensor.o
                0x00000d56                sensor_attach
 .text.sensor_read
                0x00000dbc       0x48 src/ASF/common/services/sensors/sensor.o
                0x00000dbc                sensor_read
 .text.sensor_device_id
                0x00000e04       0x5c src/ASF/common/services/sensors/sensor.o
                0x00000e04                sensor_device_id
 .text.sensor_set_state
                0x00000e60       0x6c src/ASF/common/services/sensors/sensor.o
                0x00000e60                sensor_set_state
 .text.bus_init
                0x00000ecc      0x2ea src/ASF/common/services/sensors/sensor_bus.o
                0x00000ecc                bus_init
 .text.bus_read
                0x000011b6       0x7e src/ASF/common/services/sensors/sensor_bus.o
                0x000011b6                bus_read
 .text.bus_write
                0x00001234       0x7e src/ASF/common/services/sensors/sensor_bus.o
                0x00001234                bus_write
 .text.usart_serial_getchar
                0x000012b2       0x10 src/ASF/common/services/sensors/sensor_platform.o
 .text.usart_serial_putchar
                0x000012c2        0x4 src/ASF/common/services/sensors/sensor_platform.o
 .text.sensor_timestamp
                0x000012c6        0x8 src/ASF/common/services/sensors/sensor_platform.o
                0x000012c6                sensor_timestamp
 .text.sensor_list
                0x000012ce       0x10 src/ASF/common/services/sensors/sensor_platform.o
                0x000012ce                sensor_list
 .text.sensor_find
                0x000012de       0x7c src/ASF/common/services/sensors/sensor_platform.o
                0x000012de                sensor_find
 .text.sensor_platform_init
                0x0000135a       0x9e src/ASF/common/services/sensors/sensor_platform.o
                0x0000135a                sensor_platform_init
 .text._read    0x000013f8       0x36 src/ASF/common/utils/stdio/read.o
                0x000013f8                _read
 .text._write   0x0000142e       0x28 src/ASF/common/utils/stdio/write.o
                0x0000142e                _write
 .text.board_init
                0x00001456      0x108 src/ASF/xmega/boards/xmega_a1_xplained/init.o
                0x00001456                board_init
 .text.ccp_write_io
                0x0000155e        0xc src/ASF/xmega/drivers/cpu/ccp.o
                0x0000155e                ccp_write_io
 .text.twim_interrupt_handler
                0x0000156a      0x12a src/ASF/xmega/drivers/twi/twim.o
 .text.__vector_13
                0x00001694       0x64 src/ASF/xmega/drivers/twi/twim.o
                0x00001694                __vector_13
 .text.__vector_76
                0x000016f8       0x64 src/ASF/xmega/drivers/twi/twim.o
                0x000016f8                __vector_76
 .text.__vector_46
                0x0000175c       0x64 src/ASF/xmega/drivers/twi/twim.o
                0x0000175c                __vector_46
 .text.__vector_107
                0x000017c0       0x64 src/ASF/xmega/drivers/twi/twim.o
                0x000017c0                __vector_107
 .text.twi_master_init
                0x00001824       0x2a src/ASF/xmega/drivers/twi/twim.o
                0x00001824                twi_master_init
 .text.twi_master_transfer
                0x0000184e       0xb6 src/ASF/xmega/drivers/twi/twim.o
                0x0000184e                twi_master_transfer
 .text.usart_putchar
                0x00001904       0x10 src/ASF/xmega/drivers/usart/usart.o
                0x00001904                usart_putchar
 .text.usart_getchar
                0x00001914        0xc src/ASF/xmega/drivers/usart/usart.o
                0x00001914                usart_getchar
 .text.usart_set_baudrate
                0x00001920      0x21c src/ASF/xmega/drivers/usart/usart.o
                0x00001920                usart_set_baudrate
 .text.usart_init_rs232
                0x00001b3c      0x316 src/ASF/xmega/drivers/usart/usart.o
                0x00001b3c                usart_init_rs232
 .text.main     0x00001e52      0x128 src/main.o
                0x00001e52                main
 .text.avr-libc.fplib
                0x00001f7a        0x4 c:/program files (x86)/atmel/atmel toolchain/avr8 gcc/native/3.4.2.1002/avr8-gnu-toolchain/bin/../lib/gcc/avr/4.7.2/../../../../avr/lib/avrxmega7\libm.a(divsf3.o)
                0x00001f7a                __divsf3
 .text.avr-libc.fplib
                0x00001f7e       0xcc c:/program files (x86)/atmel/atmel toolchain/avr8 gcc/native/3.4.2.1002/avr8-gnu-toolchain/bin/../lib/gcc/avr/4.7.2/../../../../avr/lib/avrxmega7\libm.a(divsf3x.o)
                0x00001f94                __divsf3x
                0x00001f98                __divsf3_pse
 .text.avr-libc.fplib
                0x0000204a       0x74 c:/program files (x86)/atmel/atmel toolchain/avr8 gcc/native/3.4.2.1002/avr8-gnu-toolchain/bin/../lib/gcc/avr/4.7.2/../../../../avr/lib/avrxmega7\libm.a(fixsfdi.o)
                0x0000204a                __fixsfdi
                0x00002054                __fixunssfdi
 .text.avr-libc.fplib
                0x000020be       0x7a c:/program files (x86)/atmel/atmel toolchain/avr8 gcc/native/3.4.2.1002/avr8-gnu-toolchain/bin/../lib/gcc/avr/4.7.2/../../../../avr/lib/avrxmega7\libm.a(floatsisf.o)
                0x000020be                __floatunsisf
                0x000020c2                __floatsisf
 .text.avr-libc.fplib
                0x00002138       0x7c c:/program files (x86)/atmel/atmel toolchain/avr8 gcc/native/3.4.2.1002/avr8-gnu-toolchain/bin/../lib/gcc/avr/4.7.2/../../../../avr/lib/avrxmega7\libm.a(floatundisf.o)
                0x00002138                __floatundisf
                0x0000213a                __fp_di2sf
 .text.avr-libc.fplib
                0x000021b4        0xc c:/program files (x86)/atmel/atmel toolchain/avr8 gcc/native/3.4.2.1002/avr8-gnu-toolchain/bin/../lib/gcc/avr/4.7.2/../../../../avr/lib/avrxmega7\libm.a(fp_inf.o)
                0x000021b4                __fp_inf
 .text.avr-libc.fplib
                0x000021c0        0x6 c:/program files (x86)/atmel/atmel toolchain/avr8 gcc/native/3.4.2.1002/avr8-gnu-toolchain/bin/../lib/gcc/avr/4.7.2/../../../../avr/lib/avrxmega7\libm.a(fp_nan.o)
                0x000021c0                __fp_nan
 .text.avr-libc.fplib
                0x000021c6       0x20 c:/program files (x86)/atmel/atmel toolchain/avr8 gcc/native/3.4.2.1002/avr8-gnu-toolchain/bin/../lib/gcc/avr/4.7.2/../../../../avr/lib/avrxmega7\libm.a(fp_negdi.o)
                0x000021c6                __fp_negdi
 .text.avr-libc.fplib
                0x000021e6        0xe c:/program files (x86)/atmel/atmel toolchain/avr8 gcc/native/3.4.2.1002/avr8-gnu-toolchain/bin/../lib/gcc/avr/4.7.2/../../../../avr/lib/avrxmega7\libm.a(fp_pscA.o)
                0x000021e6                __fp_pscA
 .text.avr-libc.fplib
                0x000021f4        0xe c:/program files (x86)/atmel/atmel toolchain/avr8 gcc/native/3.4.2.1002/avr8-gnu-toolchain/bin/../lib/gcc/avr/4.7.2/../../../../avr/lib/avrxmega7\libm.a(fp_pscB.o)
                0x000021f4                __fp_pscB
 .text.avr-libc.fplib
                0x00002202       0x22 c:/program files (x86)/atmel/atmel toolchain/avr8 gcc/native/3.4.2.1002/avr8-gnu-toolchain/bin/../lib/gcc/avr/4.7.2/../../../../avr/lib/avrxmega7\libm.a(fp_round.o)
                0x00002202                __fp_round
 .text.avr-libc.fplib
                0x00002224       0x44 c:/program files (x86)/atmel/atmel toolchain/avr8 gcc/native/3.4.2.1002/avr8-gnu-toolchain/bin/../lib/gcc/avr/4.7.2/../../../../avr/lib/avrxmega7\libm.a(fp_split3.o)
                0x00002224                __fp_split3
                0x00002234                __fp_splitA
 .text.avr-libc.fplib
                0x00002268        0xe c:/program files (x86)/atmel/atmel toolchain/avr8 gcc/native/3.4.2.1002/avr8-gnu-toolchain/bin/../lib/gcc/avr/4.7.2/../../../../avr/lib/avrxmega7\libm.a(fp_zero.o)
                0x00002268                __fp_zero
                0x0000226a                __fp_szero
 .text.avr-libc
                0x00002276      0x710 c:/program files (x86)/atmel/atmel toolchain/avr8 gcc/native/3.4.2.1002/avr8-gnu-toolchain/bin/../lib/gcc/avr/4.7.2/../../../../avr/lib/avrxmega7\libprintf_flt.a(vfprintf_flt.o)
                0x00002276                vfprintf
 .text.libgcc.mul
                0x00002986       0x1e c:/program files (x86)/atmel/atmel toolchain/avr8 gcc/native/3.4.2.1002/avr8-gnu-toolchain/bin/../lib/gcc/avr/4.7.2/avrxmega7\libgcc.a(_mulsi3.o)
                0x00002986                __mulsi3
 .text.libgcc.div
                0x000029a4       0x44 c:/program files (x86)/atmel/atmel toolchain/avr8 gcc/native/3.4.2.1002/avr8-gnu-toolchain/bin/../lib/gcc/avr/4.7.2/avrxmega7\libgcc.a(_udivmodsi4.o)
                0x000029a4                __udivmodsi4
 .text.libgcc.div
                0x000029e8       0x36 c:/program files (x86)/atmel/atmel toolchain/avr8 gcc/native/3.4.2.1002/avr8-gnu-toolchain/bin/../lib/gcc/avr/4.7.2/avrxmega7\libgcc.a(_divmodsi4.o)
                0x000029e8                __divmodsi4
 .text.libgcc.mul
                0x00002a1e       0x18 c:/program files (x86)/atmel/atmel toolchain/avr8 gcc/native/3.4.2.1002/avr8-gnu-toolchain/bin/../lib/gcc/avr/4.7.2/avrxmega7\libgcc.a(_umulhisi3.o)
                0x00002a1e                __umulhisi3
 .text.libgcc.mul
                0x00002a36       0x14 c:/program files (x86)/atmel/atmel toolchain/avr8 gcc/native/3.4.2.1002/avr8-gnu-toolchain/bin/../lib/gcc/avr/4.7.2/avrxmega7\libgcc.a(_muluhisi3.o)
                0x00002a36                __muluhisi3
 .text.libgcc.mul
                0x00002a4a        0xc c:/program files (x86)/atmel/atmel toolchain/avr8 gcc/native/3.4.2.1002/avr8-gnu-toolchain/bin/../lib/gcc/avr/4.7.2/avrxmega7\libgcc.a(_mulshisi3.o)
                0x00002a4a                __mulshisi3
                0x00002a4e                __mulohisi3
 .text.libgcc.mul
                0x00002a56       0xa2 c:/program files (x86)/atmel/atmel toolchain/avr8 gcc/native/3.4.2.1002/avr8-gnu-toolchain/bin/../lib/gcc/avr/4.7.2/avrxmega7\libgcc.a(_muldi3.o)
                0x00002a56                __muldi3
 .text.avr-libc
                0x00002af8      0x1b0 c:/program files (x86)/atmel/atmel toolchain/avr8 gcc/native/3.4.2.1002/avr8-gnu-toolchain/bin/../lib/gcc/avr/4.7.2/../../../../avr/lib/avrxmega7\libc.a(ftoa_engine.o)
                0x00002af8                __ftoa_engine
 .text.avr-libc
                0x00002ca8       0x16 c:/program files (x86)/atmel/atmel toolchain/avr8 gcc/native/3.4.2.1002/avr8-gnu-toolchain/bin/../lib/gcc/avr/4.7.2/../../../../avr/lib/avrxmega7\libc.a(strnlen_P.o)
                0x00002ca8                strnlen_P
 .text.avr-libc
                0x00002cbe       0x16 c:/program files (x86)/atmel/atmel toolchain/avr8 gcc/native/3.4.2.1002/avr8-gnu-toolchain/bin/../lib/gcc/avr/4.7.2/../../../../avr/lib/avrxmega7\libc.a(strnlen.o)
                0x00002cbe                strnlen
 .text.avr-libc
                0x00002cd4       0x94 c:/program files (x86)/atmel/atmel toolchain/avr8 gcc/native/3.4.2.1002/avr8-gnu-toolchain/bin/../lib/gcc/avr/4.7.2/../../../../avr/lib/avrxmega7\libc.a(fdevopen.o)
                0x00002cd4                fdevopen
 .text.avr-libc
                0x00002d68       0x58 c:/program files (x86)/atmel/atmel toolchain/avr8 gcc/native/3.4.2.1002/avr8-gnu-toolchain/bin/../lib/gcc/avr/4.7.2/../../../../avr/lib/avrxmega7\libc.a(fputc.o)
                0x00002d68                fputc
 .text.avr-libc
                0x00002dc0       0x22 c:/program files (x86)/atmel/atmel toolchain/avr8 gcc/native/3.4.2.1002/avr8-gnu-toolchain/bin/../lib/gcc/avr/4.7.2/../../../../avr/lib/avrxmega7\libc.a(printf.o)
                0x00002dc0                printf
 .text.avr-libc
                0x00002de2       0x5e c:/program files (x86)/atmel/atmel toolchain/avr8 gcc/native/3.4.2.1002/avr8-gnu-toolchain/bin/../lib/gcc/avr/4.7.2/../../../../avr/lib/avrxmega7\libc.a(puts.o)
                0x00002de2                puts
 .text.avr-libc
                0x00002e40       0xbc c:/program files (x86)/atmel/atmel toolchain/avr8 gcc/native/3.4.2.1002/avr8-gnu-toolchain/bin/../lib/gcc/avr/4.7.2/../../../../avr/lib/avrxmega7\libc.a(ultoa_invert.o)
                0x00002e40                __ultoa_invert
 .text.avr-libc
                0x00002efc       0x38 c:/program files (x86)/atmel/atmel toolchain/avr8 gcc/native/3.4.2.1002/avr8-gnu-toolchain/bin/../lib/gcc/avr/4.7.2/../../../../avr/lib/avrxmega7\libc.a(calloc.o)
                0x00002efc                calloc
 .text.avr-libc
                0x00002f34      0x274 c:/program files (x86)/atmel/atmel toolchain/avr8 gcc/native/3.4.2.1002/avr8-gnu-toolchain/bin/../lib/gcc/avr/4.7.2/../../../../avr/lib/avrxmega7\libc.a(malloc.o)
                0x00002f34                malloc
                0x0000306a                free
 .text.avr-libc
                0x000031a8        0xe c:/program files (x86)/atmel/atmel toolchain/avr8 gcc/native/3.4.2.1002/avr8-gnu-toolchain/bin/../lib/gcc/avr/4.7.2/../../../../avr/lib/avrxmega7\libc.a(memset.o)
                0x000031a8                memset
                0x000031b6                . = ALIGN (0x2)
 *(.fini9)
 .fini9         0x000031b6        0x0 c:/program files (x86)/atmel/atmel toolchain/avr8 gcc/native/3.4.2.1002/avr8-gnu-toolchain/bin/../lib/gcc/avr/4.7.2/avrxmega7\libgcc.a(_exit.o)
                0x000031b6                _exit
                0x000031b6                exit
 *(.fini9)
 *(.fini8)
 *(.fini8)
 *(.fini7)
 *(.fini7)
 *(.fini6)
 *(.fini6)
 *(.fini5)
 *(.fini5)
 *(.fini4)
 *(.fini4)
 *(.fini3)
 *(.fini3)
 *(.fini2)
 *(.fini2)
 *(.fini1)
 *(.fini1)
 *(.fini0)
 .fini0         0x000031b6        0x4 c:/program files (x86)/atmel/atmel toolchain/avr8 gcc/native/3.4.2.1002/avr8-gnu-toolchain/bin/../lib/gcc/avr/4.7.2/avrxmega7\libgcc.a(_exit.o)
 *(.fini0)
                0x000031ba                _etext = .

.data           0x00802000       0xec load address 0x000031ba
                0x00802000                PROVIDE (__data_start, .)
 *(.data)
 .data          0x00802000        0x0 c:/program files (x86)/atmel/atmel toolchain/avr8 gcc/native/3.4.2.1002/avr8-gnu-toolchain/bin/../lib/gcc/avr/4.7.2/../../../../avr/lib/avrxmega7/crtx128a1.o
 .data          0x00802000        0x0 src/ASF/common/boards/sensors_xplained/sensors_xplained.o
 .data          0x00802000        0x0 src/ASF/common/services/clock/xmega/sysclk.o
 .data          0x00802000        0x0 src/ASF/common/services/ioport/xmega/ioport_compat.o
 .data          0x00802000        0x0 src/ASF/common/services/sensors/drivers/akm/ak8975.o
 .data          0x00802000        0x0 src/ASF/common/services/sensors/drivers/bosch/bma020.o
 .data          0x00802000        0x0 src/ASF/common/services/sensors/drivers/bosch/bma150.o
 .data          0x00802000        0x0 src/ASF/common/services/sensors/drivers/bosch/bma180.o
 .data          0x00802000        0x0 src/ASF/common/services/sensors/drivers/bosch/bma220.o
 .data          0x00802000        0x0 src/ASF/common/services/sensors/drivers/bosch/bma222.o
 .data          0x00802000        0x0 src/ASF/common/services/sensors/drivers/bosch/bma250.o
 .data          0x00802000        0x0 src/ASF/common/services/sensors/drivers/bosch/bma_axis.inc.o
 .data          0x00802000        0x0 src/ASF/common/services/sensors/drivers/bosch/bmp.o
 .data          0x00802000        0x0 src/ASF/common/services/sensors/drivers/honeywell/hmc5883l.o
 .data          0x00802000        0x0 src/ASF/common/services/sensors/drivers/invensense/imu3000.o
 .data          0x00802000        0x0 src/ASF/common/services/sensors/drivers/invensense/itg3200.o
 .data          0x00802000        0x0 src/ASF/common/services/sensors/drivers/kionix/kxtf9.o
 .data          0x00802000        0x0 src/ASF/common/services/sensors/drivers/osram/sfh5712.o
 .data          0x00802000        0x0 src/ASF/common/services/sensors/drivers/osram/sfh7770.o
 .data          0x00802000        0x0 src/ASF/common/services/sensors/physics/physics.o
 .data          0x00802000        0x0 src/ASF/common/services/sensors/sensor.o
 .data          0x00802000        0x0 src/ASF/common/services/sensors/sensor_bus.o
 .data          0x00802000        0x0 src/ASF/common/services/sensors/sensor_nvram.o
 .data          0x00802000        0x0 src/ASF/common/services/sensors/sensor_platform.o
 .data          0x00802000        0x0 src/ASF/common/services/serial/usart_serial.o
 .data          0x00802000        0x0 src/ASF/common/utils/stdio/read.o
 .data          0x00802000        0x0 src/ASF/common/utils/stdio/write.o
 .data          0x00802000        0x0 src/ASF/xmega/boards/xmega_a1_xplained/init.o
 .data          0x00802000        0x0 src/ASF/xmega/drivers/cpu/ccp.o
 .data          0x00802000        0x0 src/ASF/xmega/drivers/nvm/nvm.o
 .data          0x00802000        0x0 src/ASF/xmega/drivers/nvm/nvm_asm.o
 .data          0x00802000        0x0 src/ASF/xmega/drivers/twi/twim.o
 .data          0x00802000        0x0 src/ASF/xmega/drivers/twi/twis.o
 .data          0x00802000        0x0 src/ASF/xmega/drivers/usart/usart.o
 .data          0x00802000        0x0 src/main.o
 .data          0x00802000        0x0 c:/program files (x86)/atmel/atmel toolchain/avr8 gcc/native/3.4.2.1002/avr8-gnu-toolchain/bin/../lib/gcc/avr/4.7.2/../../../../avr/lib/avrxmega7\libm.a(addsf3.o)
 .data          0x00802000        0x0 c:/program files (x86)/atmel/atmel toolchain/avr8 gcc/native/3.4.2.1002/avr8-gnu-toolchain/bin/../lib/gcc/avr/4.7.2/../../../../avr/lib/avrxmega7\libm.a(addsf3x.o)
 .data          0x00802000        0x0 c:/program files (x86)/atmel/atmel toolchain/avr8 gcc/native/3.4.2.1002/avr8-gnu-toolchain/bin/../lib/gcc/avr/4.7.2/../../../../avr/lib/avrxmega7\libm.a(asin.o)
 .data          0x00802000        0x0 c:/program files (x86)/atmel/atmel toolchain/avr8 gcc/native/3.4.2.1002/avr8-gnu-toolchain/bin/../lib/gcc/avr/4.7.2/../../../../avr/lib/avrxmega7\libm.a(atan2.o)
 .data          0x00802000        0x0 c:/program files (x86)/atmel/atmel toolchain/avr8 gcc/native/3.4.2.1002/avr8-gnu-toolchain/bin/../lib/gcc/avr/4.7.2/../../../../avr/lib/avrxmega7\libm.a(atan.o)
 .data          0x00802000        0x0 c:/program files (x86)/atmel/atmel toolchain/avr8 gcc/native/3.4.2.1002/avr8-gnu-toolchain/bin/../lib/gcc/avr/4.7.2/../../../../avr/lib/avrxmega7\libm.a(cmpsf2.o)
 .data          0x00802000        0x0 c:/program files (x86)/atmel/atmel toolchain/avr8 gcc/native/3.4.2.1002/avr8-gnu-toolchain/bin/../lib/gcc/avr/4.7.2/../../../../avr/lib/avrxmega7\libm.a(divsf3.o)
 .data          0x00802000        0x0 c:/program files (x86)/atmel/atmel toolchain/avr8 gcc/native/3.4.2.1002/avr8-gnu-toolchain/bin/../lib/gcc/avr/4.7.2/../../../../avr/lib/avrxmega7\libm.a(divsf3x.o)
 .data          0x00802000        0x0 c:/program files (x86)/atmel/atmel toolchain/avr8 gcc/native/3.4.2.1002/avr8-gnu-toolchain/bin/../lib/gcc/avr/4.7.2/../../../../avr/lib/avrxmega7\libm.a(fixsfdi.o)
 .data          0x00802000        0x0 c:/program files (x86)/atmel/atmel toolchain/avr8 gcc/native/3.4.2.1002/avr8-gnu-toolchain/bin/../lib/gcc/avr/4.7.2/../../../../avr/lib/avrxmega7\libm.a(fixsfsi.o)
 .data          0x00802000        0x0 c:/program files (x86)/atmel/atmel toolchain/avr8 gcc/native/3.4.2.1002/avr8-gnu-toolchain/bin/../lib/gcc/avr/4.7.2/../../../../avr/lib/avrxmega7\libm.a(fixunssfsi.o)
 .data          0x00802000        0x0 c:/program files (x86)/atmel/atmel toolchain/avr8 gcc/native/3.4.2.1002/avr8-gnu-toolchain/bin/../lib/gcc/avr/4.7.2/../../../../avr/lib/avrxmega7\libm.a(floatsisf.o)
 .data          0x00802000        0x0 c:/program files (x86)/atmel/atmel toolchain/avr8 gcc/native/3.4.2.1002/avr8-gnu-toolchain/bin/../lib/gcc/avr/4.7.2/../../../../avr/lib/avrxmega7\libm.a(floatundisf.o)
 .data          0x00802000        0x0 c:/program files (x86)/atmel/atmel toolchain/avr8 gcc/native/3.4.2.1002/avr8-gnu-toolchain/bin/../lib/gcc/avr/4.7.2/../../../../avr/lib/avrxmega7\libm.a(fp_arccos.o)
 .data          0x00802000        0x0 c:/program files (x86)/atmel/atmel toolchain/avr8 gcc/native/3.4.2.1002/avr8-gnu-toolchain/bin/../lib/gcc/avr/4.7.2/../../../../avr/lib/avrxmega7\libm.a(fp_cmp.o)
 .data          0x00802000        0x0 c:/program files (x86)/atmel/atmel toolchain/avr8 gcc/native/3.4.2.1002/avr8-gnu-toolchain/bin/../lib/gcc/avr/4.7.2/../../../../avr/lib/avrxmega7\libm.a(fp_inf.o)
 .data          0x00802000        0x0 c:/program files (x86)/atmel/atmel toolchain/avr8 gcc/native/3.4.2.1002/avr8-gnu-toolchain/bin/../lib/gcc/avr/4.7.2/../../../../avr/lib/avrxmega7\libm.a(fp_nan.o)
 .data          0x00802000        0x0 c:/program files (x86)/atmel/atmel toolchain/avr8 gcc/native/3.4.2.1002/avr8-gnu-toolchain/bin/../lib/gcc/avr/4.7.2/../../../../avr/lib/avrxmega7\libm.a(fp_negdi.o)
 .data          0x00802000        0x0 c:/program files (x86)/atmel/atmel toolchain/avr8 gcc/native/3.4.2.1002/avr8-gnu-toolchain/bin/../lib/gcc/avr/4.7.2/../../../../avr/lib/avrxmega7\libm.a(fp_powser.o)
 .data          0x00802000        0x0 c:/program files (x86)/atmel/atmel toolchain/avr8 gcc/native/3.4.2.1002/avr8-gnu-toolchain/bin/../lib/gcc/avr/4.7.2/../../../../avr/lib/avrxmega7\libm.a(fp_powsodd.o)
 .data          0x00802000        0x0 c:/program files (x86)/atmel/atmel toolchain/avr8 gcc/native/3.4.2.1002/avr8-gnu-toolchain/bin/../lib/gcc/avr/4.7.2/../../../../avr/lib/avrxmega7\libm.a(fp_pscA.o)
 .data          0x00802000        0x0 c:/program files (x86)/atmel/atmel toolchain/avr8 gcc/native/3.4.2.1002/avr8-gnu-toolchain/bin/../lib/gcc/avr/4.7.2/../../../../avr/lib/avrxmega7\libm.a(fp_pscB.o)
 .data          0x00802000        0x0 c:/program files (x86)/atmel/atmel toolchain/avr8 gcc/native/3.4.2.1002/avr8-gnu-toolchain/bin/../lib/gcc/avr/4.7.2/../../../../avr/lib/avrxmega7\libm.a(fp_round.o)
 .data          0x00802000        0x0 c:/program files (x86)/atmel/atmel toolchain/avr8 gcc/native/3.4.2.1002/avr8-gnu-toolchain/bin/../lib/gcc/avr/4.7.2/../../../../avr/lib/avrxmega7\libm.a(fp_split3.o)
 .data          0x00802000        0x0 c:/program files (x86)/atmel/atmel toolchain/avr8 gcc/native/3.4.2.1002/avr8-gnu-toolchain/bin/../lib/gcc/avr/4.7.2/../../../../avr/lib/avrxmega7\libm.a(fp_zero.o)
 .data          0x00802000        0x0 c:/program files (x86)/atmel/atmel toolchain/avr8 gcc/native/3.4.2.1002/avr8-gnu-toolchain/bin/../lib/gcc/avr/4.7.2/../../../../avr/lib/avrxmega7\libm.a(gesf2.o)
 .data          0x00802000        0x0 c:/program files (x86)/atmel/atmel toolchain/avr8 gcc/native/3.4.2.1002/avr8-gnu-toolchain/bin/../lib/gcc/avr/4.7.2/../../../../avr/lib/avrxmega7\libm.a(inverse.o)
 .data          0x00802000        0x0 c:/program files (x86)/atmel/atmel toolchain/avr8 gcc/native/3.4.2.1002/avr8-gnu-toolchain/bin/../lib/gcc/avr/4.7.2/../../../../avr/lib/avrxmega7\libm.a(mulsf3.o)
 .data          0x00802000        0x0 c:/program files (x86)/atmel/atmel toolchain/avr8 gcc/native/3.4.2.1002/avr8-gnu-toolchain/bin/../lib/gcc/avr/4.7.2/../../../../avr/lib/avrxmega7\libm.a(mulsf3x.o)
 .data          0x00802000        0x0 c:/program files (x86)/atmel/atmel toolchain/avr8 gcc/native/3.4.2.1002/avr8-gnu-toolchain/bin/../lib/gcc/avr/4.7.2/../../../../avr/lib/avrxmega7\libm.a(sqrt.o)
 .data          0x00802000        0x0 c:/program files (x86)/atmel/atmel toolchain/avr8 gcc/native/3.4.2.1002/avr8-gnu-toolchain/bin/../lib/gcc/avr/4.7.2/../../../../avr/lib/avrxmega7\libm.a(square.o)
 .data          0x00802000        0x0 c:/program files (x86)/atmel/atmel toolchain/avr8 gcc/native/3.4.2.1002/avr8-gnu-toolchain/bin/../lib/gcc/avr/4.7.2/../../../../avr/lib/avrxmega7\libm.a(unordsf2.o)
 .data          0x00802000        0x0 c:/program files (x86)/atmel/atmel toolchain/avr8 gcc/native/3.4.2.1002/avr8-gnu-toolchain/bin/../lib/gcc/avr/4.7.2/../../../../avr/lib/avrxmega7\libm.a(fp_mpack.o)
 .data          0x00802000        0x0 c:/program files (x86)/atmel/atmel toolchain/avr8 gcc/native/3.4.2.1002/avr8-gnu-toolchain/bin/../lib/gcc/avr/4.7.2/../../../../avr/lib/avrxmega7\libm.a(fp_norm2.o)
 .data          0x00802000        0x0 c:/program files (x86)/atmel/atmel toolchain/avr8 gcc/native/3.4.2.1002/avr8-gnu-toolchain/bin/../lib/gcc/avr/4.7.2/../../../../avr/lib/avrxmega7\libprintf_flt.a(vfprintf_flt.o)
 .data          0x00802000        0x0 c:/program files (x86)/atmel/atmel toolchain/avr8 gcc/native/3.4.2.1002/avr8-gnu-toolchain/bin/../lib/gcc/avr/4.7.2/avrxmega7\libgcc.a(_mulsi3.o)
 .data          0x00802000        0x0 c:/program files (x86)/atmel/atmel toolchain/avr8 gcc/native/3.4.2.1002/avr8-gnu-toolchain/bin/../lib/gcc/avr/4.7.2/avrxmega7\libgcc.a(_udivmodhi4.o)
 .data          0x00802000        0x0 c:/program files (x86)/atmel/atmel toolchain/avr8 gcc/native/3.4.2.1002/avr8-gnu-toolchain/bin/../lib/gcc/avr/4.7.2/avrxmega7\libgcc.a(_divmodhi4.o)
 .data          0x00802000        0x0 c:/program files (x86)/atmel/atmel toolchain/avr8 gcc/native/3.4.2.1002/avr8-gnu-toolchain/bin/../lib/gcc/avr/4.7.2/avrxmega7\libgcc.a(_udivmodsi4.o)
 .data          0x00802000        0x0 c:/program files (x86)/atmel/atmel toolchain/avr8 gcc/native/3.4.2.1002/avr8-gnu-toolchain/bin/../lib/gcc/avr/4.7.2/avrxmega7\libgcc.a(_divmodsi4.o)
 .data          0x00802000        0x0 c:/program files (x86)/atmel/atmel toolchain/avr8 gcc/native/3.4.2.1002/avr8-gnu-toolchain/bin/../lib/gcc/avr/4.7.2/avrxmega7\libgcc.a(_exit.o)
 .data          0x00802000        0x0 c:/program files (x86)/atmel/atmel toolchain/avr8 gcc/native/3.4.2.1002/avr8-gnu-toolchain/bin/../lib/gcc/avr/4.7.2/avrxmega7\libgcc.a(_copy_data.o)
 .data          0x00802000        0x0 c:/program files (x86)/atmel/atmel toolchain/avr8 gcc/native/3.4.2.1002/avr8-gnu-toolchain/bin/../lib/gcc/avr/4.7.2/avrxmega7\libgcc.a(_clear_bss.o)
 .data          0x00802000        0x0 c:/program files (x86)/atmel/atmel toolchain/avr8 gcc/native/3.4.2.1002/avr8-gnu-toolchain/bin/../lib/gcc/avr/4.7.2/avrxmega7\libgcc.a(_umulhisi3.o)
 .data          0x00802000        0x0 c:/program files (x86)/atmel/atmel toolchain/avr8 gcc/native/3.4.2.1002/avr8-gnu-toolchain/bin/../lib/gcc/avr/4.7.2/avrxmega7\libgcc.a(_usmulhisi3.o)
 .data          0x00802000        0x0 c:/program files (x86)/atmel/atmel toolchain/avr8 gcc/native/3.4.2.1002/avr8-gnu-toolchain/bin/../lib/gcc/avr/4.7.2/avrxmega7\libgcc.a(_muluhisi3.o)
 .data          0x00802000        0x0 c:/program files (x86)/atmel/atmel toolchain/avr8 gcc/native/3.4.2.1002/avr8-gnu-toolchain/bin/../lib/gcc/avr/4.7.2/avrxmega7\libgcc.a(_mulshisi3.o)
 .data          0x00802000        0x0 c:/program files (x86)/atmel/atmel toolchain/avr8 gcc/native/3.4.2.1002/avr8-gnu-toolchain/bin/../lib/gcc/avr/4.7.2/avrxmega7\libgcc.a(_muldi3.o)
 .data          0x00802000        0x0 c:/program files (x86)/atmel/atmel toolchain/avr8 gcc/native/3.4.2.1002/avr8-gnu-toolchain/bin/../lib/gcc/avr/4.7.2/../../../../avr/lib/avrxmega7\libc.a(ftoa_engine.o)
 .data          0x00802000        0x0 c:/program files (x86)/atmel/atmel toolchain/avr8 gcc/native/3.4.2.1002/avr8-gnu-toolchain/bin/../lib/gcc/avr/4.7.2/../../../../avr/lib/avrxmega7\libc.a(strnlen_P.o)
 .data          0x00802000        0x0 c:/program files (x86)/atmel/atmel toolchain/avr8 gcc/native/3.4.2.1002/avr8-gnu-toolchain/bin/../lib/gcc/avr/4.7.2/../../../../avr/lib/avrxmega7\libc.a(memcmp.o)
 .data          0x00802000        0x0 c:/program files (x86)/atmel/atmel toolchain/avr8 gcc/native/3.4.2.1002/avr8-gnu-toolchain/bin/../lib/gcc/avr/4.7.2/../../../../avr/lib/avrxmega7\libc.a(memcpy.o)
 .data          0x00802000        0x0 c:/program files (x86)/atmel/atmel toolchain/avr8 gcc/native/3.4.2.1002/avr8-gnu-toolchain/bin/../lib/gcc/avr/4.7.2/../../../../avr/lib/avrxmega7\libc.a(strnlen.o)
 .data          0x00802000        0x0 c:/program files (x86)/atmel/atmel toolchain/avr8 gcc/native/3.4.2.1002/avr8-gnu-toolchain/bin/../lib/gcc/avr/4.7.2/../../../../avr/lib/avrxmega7\libc.a(fdevopen.o)
 .data          0x00802000        0x0 c:/program files (x86)/atmel/atmel toolchain/avr8 gcc/native/3.4.2.1002/avr8-gnu-toolchain/bin/../lib/gcc/avr/4.7.2/../../../../avr/lib/avrxmega7\libc.a(fputc.o)
 .data          0x00802000        0x0 c:/program files (x86)/atmel/atmel toolchain/avr8 gcc/native/3.4.2.1002/avr8-gnu-toolchain/bin/../lib/gcc/avr/4.7.2/../../../../avr/lib/avrxmega7\libc.a(iob.o)
 .data          0x00802000        0x0 c:/program files (x86)/atmel/atmel toolchain/avr8 gcc/native/3.4.2.1002/avr8-gnu-toolchain/bin/../lib/gcc/avr/4.7.2/../../../../avr/lib/avrxmega7\libc.a(printf.o)
 .data          0x00802000        0x0 c:/program files (x86)/atmel/atmel toolchain/avr8 gcc/native/3.4.2.1002/avr8-gnu-toolchain/bin/../lib/gcc/avr/4.7.2/../../../../avr/lib/avrxmega7\libc.a(puts.o)
 .data          0x00802000        0x0 c:/program files (x86)/atmel/atmel toolchain/avr8 gcc/native/3.4.2.1002/avr8-gnu-toolchain/bin/../lib/gcc/avr/4.7.2/../../../../avr/lib/avrxmega7\libc.a(ultoa_invert.o)
 .data          0x00802000        0x0 c:/program files (x86)/atmel/atmel toolchain/avr8 gcc/native/3.4.2.1002/avr8-gnu-toolchain/bin/../lib/gcc/avr/4.7.2/../../../../avr/lib/avrxmega7\libc.a(calloc.o)
 .data          0x00802000        0x6 c:/program files (x86)/atmel/atmel toolchain/avr8 gcc/native/3.4.2.1002/avr8-gnu-toolchain/bin/../lib/gcc/avr/4.7.2/../../../../avr/lib/avrxmega7\libc.a(malloc.o)
                0x00802000                __malloc_heap_end
                0x00802002                __malloc_heap_start
                0x00802004                __malloc_margin
 .data          0x00802006        0x0 c:/program files (x86)/atmel/atmel toolchain/avr8 gcc/native/3.4.2.1002/avr8-gnu-toolchain/bin/../lib/gcc/avr/4.7.2/../../../../avr/lib/avrxmega7\libc.a(memset.o)
 *(.data*)
 .data.sensor_dev_list.5794
                0x00802006       0x22 src/ASF/common/services/sensors/sensor_platform.o
 *(.rodata)
 *(.rodata*)
 .rodata.str1.1
                0x00802028       0x3e src/ASF/common/services/sensors/drivers/bosch/bmp.o
 .rodata.bmp085_device.5790
                0x00802066       0x19 src/ASF/common/services/sensors/drivers/bosch/bmp.o
 .rodata.str1.1
                0x0080207f       0x6d src/main.o
 *(.gnu.linkonce.d*)
                0x008020ec                . = ALIGN (0x2)
                0x008020ec                _edata = .
                0x008020ec                PROVIDE (__data_end, .)

.bss            0x008020ec       0x3e
                0x008020ec                PROVIDE (__bss_start, .)
 *(.bss)
 *(.bss*)
 .bss.sensor_pin3_handler
                0x008020ec        0x2 src/ASF/common/boards/sensors_xplained/sensors_xplained.o
 .bss.sensor_pin3_arg
                0x008020ee        0x2 src/ASF/common/boards/sensors_xplained/sensors_xplained.o
 .bss.sensor_pin4_handler
                0x008020f0        0x2 src/ASF/common/boards/sensors_xplained/sensors_xplained.o
 .bss.sensor_pin4_arg
                0x008020f2        0x2 src/ASF/common/boards/sensors_xplained/sensors_xplained.o
 .bss.sensor_pin5_handler
                0x008020f4        0x2 src/ASF/common/boards/sensors_xplained/sensors_xplained.o
 .bss.sensor_pin5_arg
                0x008020f6        0x2 src/ASF/common/boards/sensors_xplained/sensors_xplained.o
 .bss.sensor_oss
                0x008020f8        0x1 src/ASF/common/services/sensors/drivers/bosch/bmp.o
 .bss.caldata   0x008020f9       0x16 src/ASF/common/services/sensors/drivers/bosch/bmp.o
 .bss.transfer  0x0080210f        0xb src/ASF/xmega/drivers/twi/twim.o
 *(COMMON)
 COMMON         0x0080211a        0x2 src/ASF/common/utils/stdio/read.o
                0x0080211a                ptr_get
 COMMON         0x0080211c        0x4 src/ASF/common/utils/stdio/write.o
                0x0080211c                ptr_put
                0x0080211e                stdio_base
 COMMON         0x00802120        0x6 c:/program files (x86)/atmel/atmel toolchain/avr8 gcc/native/3.4.2.1002/avr8-gnu-toolchain/bin/../lib/gcc/avr/4.7.2/../../../../avr/lib/avrxmega7\libc.a(iob.o)
                0x00802120                __iob
 COMMON         0x00802126        0x4 c:/program files (x86)/atmel/atmel toolchain/avr8 gcc/native/3.4.2.1002/avr8-gnu-toolchain/bin/../lib/gcc/avr/4.7.2/../../../../avr/lib/avrxmega7\libc.a(malloc.o)
                0x00802126                __brkval
                0x00802128                __flp
                0x0080212a                PROVIDE (__bss_end, .)
                0x000031ba                __data_load_start = LOADADDR (.data)
                0x000032a6                __data_load_end = (__data_load_start + SIZEOF (.data))

.noinit         0x0080212a        0x0
                0x0080212a                PROVIDE (__noinit_start, .)
 *(.noinit*)
                0x0080212a                PROVIDE (__noinit_end, .)
                0x0080212a                _end = .
                0x0080212a                PROVIDE (__heap_start, .)

.eeprom         0x00810000        0x0
 *(.eeprom*)
                0x00810000                __eeprom_end = .

.fuse
 *(.fuse)
 *(.lfuse)
 *(.hfuse)
 *(.efuse)

.lock
 *(.lock*)

.signature
 *(.signature*)

.user_signatures
 *(.user_signatures*)

.stab           0x00000000     0x4dc4
 *(.stab)
 .stab          0x00000000      0x714 c:/program files (x86)/atmel/atmel toolchain/avr8 gcc/native/3.4.2.1002/avr8-gnu-toolchain/bin/../lib/gcc/avr/4.7.2/../../../../avr/lib/avrxmega7/crtx128a1.o
 .stab          0x00000714       0x78 c:/program files (x86)/atmel/atmel toolchain/avr8 gcc/native/3.4.2.1002/avr8-gnu-toolchain/bin/../lib/gcc/avr/4.7.2/../../../../avr/lib/avrxmega7\libm.a(addsf3.o)
                                 0x84 (size before relaxing)
 .stab          0x0000078c      0x4bc c:/program files (x86)/atmel/atmel toolchain/avr8 gcc/native/3.4.2.1002/avr8-gnu-toolchain/bin/../lib/gcc/avr/4.7.2/../../../../avr/lib/avrxmega7\libm.a(addsf3x.o)
                                0x4c8 (size before relaxing)
 .stab          0x00000c48      0x144 c:/program files (x86)/atmel/atmel toolchain/avr8 gcc/native/3.4.2.1002/avr8-gnu-toolchain/bin/../lib/gcc/avr/4.7.2/../../../../avr/lib/avrxmega7\libm.a(asin.o)
                                0x150 (size before relaxing)
 .stab          0x00000d8c      0x2f4 c:/program files (x86)/atmel/atmel toolchain/avr8 gcc/native/3.4.2.1002/avr8-gnu-toolchain/bin/../lib/gcc/avr/4.7.2/../../../../avr/lib/avrxmega7\libm.a(atan2.o)
                                0x300 (size before relaxing)
 .stab          0x00001080      0x210 c:/program files (x86)/atmel/atmel toolchain/avr8 gcc/native/3.4.2.1002/avr8-gnu-toolchain/bin/../lib/gcc/avr/4.7.2/../../../../avr/lib/avrxmega7\libm.a(atan.o)
                                0x21c (size before relaxing)
 .stab          0x00001290       0x90 c:/program files (x86)/atmel/atmel toolchain/avr8 gcc/native/3.4.2.1002/avr8-gnu-toolchain/bin/../lib/gcc/avr/4.7.2/../../../../avr/lib/avrxmega7\libm.a(cmpsf2.o)
                                 0x9c (size before relaxing)
 .stab          0x00001320       0x48 c:/program files (x86)/atmel/atmel toolchain/avr8 gcc/native/3.4.2.1002/avr8-gnu-toolchain/bin/../lib/gcc/avr/4.7.2/../../../../avr/lib/avrxmega7\libm.a(divsf3.o)
                                 0x54 (size before relaxing)
 .stab          0x00001368      0x510 c:/program files (x86)/atmel/atmel toolchain/avr8 gcc/native/3.4.2.1002/avr8-gnu-toolchain/bin/../lib/gcc/avr/4.7.2/../../../../avr/lib/avrxmega7\libm.a(divsf3x.o)
                                0x51c (size before relaxing)
 .stab          0x00001878      0x2f4 c:/program files (x86)/atmel/atmel toolchain/avr8 gcc/native/3.4.2.1002/avr8-gnu-toolchain/bin/../lib/gcc/avr/4.7.2/../../../../avr/lib/avrxmega7\libm.a(fixsfdi.o)
                                0x300 (size before relaxing)
 .stab          0x00001b6c       0x6c c:/program files (x86)/atmel/atmel toolchain/avr8 gcc/native/3.4.2.1002/avr8-gnu-toolchain/bin/../lib/gcc/avr/4.7.2/../../../../avr/lib/avrxmega7\libm.a(fixsfsi.o)
                                 0x78 (size before relaxing)
 .stab          0x00001bd8      0x240 c:/program files (x86)/atmel/atmel toolchain/avr8 gcc/native/3.4.2.1002/avr8-gnu-toolchain/bin/../lib/gcc/avr/4.7.2/../../../../avr/lib/avrxmega7\libm.a(fixunssfsi.o)
                                0x24c (size before relaxing)
 .stab          0x00001e18      0x318 c:/program files (x86)/atmel/atmel toolchain/avr8 gcc/native/3.4.2.1002/avr8-gnu-toolchain/bin/../lib/gcc/avr/4.7.2/../../../../avr/lib/avrxmega7\libm.a(floatsisf.o)
                                0x324 (size before relaxing)
 .stab          0x00002130      0x324 c:/program files (x86)/atmel/atmel toolchain/avr8 gcc/native/3.4.2.1002/avr8-gnu-toolchain/bin/../lib/gcc/avr/4.7.2/../../../../avr/lib/avrxmega7\libm.a(floatundisf.o)
                                0x330 (size before relaxing)
 .stab          0x00002454      0x174 c:/program files (x86)/atmel/atmel toolchain/avr8 gcc/native/3.4.2.1002/avr8-gnu-toolchain/bin/../lib/gcc/avr/4.7.2/../../../../avr/lib/avrxmega7\libm.a(fp_arccos.o)
                                0x180 (size before relaxing)
 .stab          0x000025c8      0x1e0 c:/program files (x86)/atmel/atmel toolchain/avr8 gcc/native/3.4.2.1002/avr8-gnu-toolchain/bin/../lib/gcc/avr/4.7.2/../../../../avr/lib/avrxmega7\libm.a(fp_cmp.o)
                                0x1ec (size before relaxing)
 .stab          0x000027a8       0x78 c:/program files (x86)/atmel/atmel toolchain/avr8 gcc/native/3.4.2.1002/avr8-gnu-toolchain/bin/../lib/gcc/avr/4.7.2/../../../../avr/lib/avrxmega7\libm.a(fp_inf.o)
                                 0x84 (size before relaxing)
 .stab          0x00002820       0x54 c:/program files (x86)/atmel/atmel toolchain/avr8 gcc/native/3.4.2.1002/avr8-gnu-toolchain/bin/../lib/gcc/avr/4.7.2/../../../../avr/lib/avrxmega7\libm.a(fp_nan.o)
                                 0x60 (size before relaxing)
 .stab          0x00002874       0xf0 c:/program files (x86)/atmel/atmel toolchain/avr8 gcc/native/3.4.2.1002/avr8-gnu-toolchain/bin/../lib/gcc/avr/4.7.2/../../../../avr/lib/avrxmega7\libm.a(fp_negdi.o)
                                 0xfc (size before relaxing)
 .stab          0x00002964      0x1ec c:/program files (x86)/atmel/atmel toolchain/avr8 gcc/native/3.4.2.1002/avr8-gnu-toolchain/bin/../lib/gcc/avr/4.7.2/../../../../avr/lib/avrxmega7\libm.a(fp_powser.o)
                                0x1f8 (size before relaxing)
 .stab          0x00002b50       0xfc c:/program files (x86)/atmel/atmel toolchain/avr8 gcc/native/3.4.2.1002/avr8-gnu-toolchain/bin/../lib/gcc/avr/4.7.2/../../../../avr/lib/avrxmega7\libm.a(fp_powsodd.o)
                                0x108 (size before relaxing)
 .stab          0x00002c4c       0x84 c:/program files (x86)/atmel/atmel toolchain/avr8 gcc/native/3.4.2.1002/avr8-gnu-toolchain/bin/../lib/gcc/avr/4.7.2/../../../../avr/lib/avrxmega7\libm.a(fp_pscA.o)
                                 0x90 (size before relaxing)
 .stab          0x00002cd0       0x84 c:/program files (x86)/atmel/atmel toolchain/avr8 gcc/native/3.4.2.1002/avr8-gnu-toolchain/bin/../lib/gcc/avr/4.7.2/../../../../avr/lib/avrxmega7\libm.a(fp_pscB.o)
                                 0x90 (size before relaxing)
 .stab          0x00002d54       0xfc c:/program files (x86)/atmel/atmel toolchain/avr8 gcc/native/3.4.2.1002/avr8-gnu-toolchain/bin/../lib/gcc/avr/4.7.2/../../../../avr/lib/avrxmega7\libm.a(fp_round.o)
                                0x108 (size before relaxing)
 .stab          0x00002e50      0x1d4 c:/program files (x86)/atmel/atmel toolchain/avr8 gcc/native/3.4.2.1002/avr8-gnu-toolchain/bin/../lib/gcc/avr/4.7.2/../../../../avr/lib/avrxmega7\libm.a(fp_split3.o)
                                0x1e0 (size before relaxing)
 .stab          0x00003024       0x90 c:/program files (x86)/atmel/atmel toolchain/avr8 gcc/native/3.4.2.1002/avr8-gnu-toolchain/bin/../lib/gcc/avr/4.7.2/../../../../avr/lib/avrxmega7\libm.a(fp_zero.o)
                                 0x9c (size before relaxing)
 .stab          0x000030b4       0x6c c:/program files (x86)/atmel/atmel toolchain/avr8 gcc/native/3.4.2.1002/avr8-gnu-toolchain/bin/../lib/gcc/avr/4.7.2/../../../../avr/lib/avrxmega7\libm.a(gesf2.o)
                                 0x78 (size before relaxing)
 .stab          0x00003120       0x84 c:/program files (x86)/atmel/atmel toolchain/avr8 gcc/native/3.4.2.1002/avr8-gnu-toolchain/bin/../lib/gcc/avr/4.7.2/../../../../avr/lib/avrxmega7\libm.a(inverse.o)
                                 0x90 (size before relaxing)
 .stab          0x000031a4       0x48 c:/program files (x86)/atmel/atmel toolchain/avr8 gcc/native/3.4.2.1002/avr8-gnu-toolchain/bin/../lib/gcc/avr/4.7.2/../../../../avr/lib/avrxmega7\libm.a(mulsf3.o)
                                 0x54 (size before relaxing)
 .stab          0x000031ec      0x4d4 c:/program files (x86)/atmel/atmel toolchain/avr8 gcc/native/3.4.2.1002/avr8-gnu-toolchain/bin/../lib/gcc/avr/4.7.2/../../../../avr/lib/avrxmega7\libm.a(mulsf3x.o)
                                0x4e0 (size before relaxing)
 .stab          0x000036c0      0x354 c:/program files (x86)/atmel/atmel toolchain/avr8 gcc/native/3.4.2.1002/avr8-gnu-toolchain/bin/../lib/gcc/avr/4.7.2/../../../../avr/lib/avrxmega7\libm.a(sqrt.o)
                                0x360 (size before relaxing)
 .stab          0x00003a14       0x54 c:/program files (x86)/atmel/atmel toolchain/avr8 gcc/native/3.4.2.1002/avr8-gnu-toolchain/bin/../lib/gcc/avr/4.7.2/../../../../avr/lib/avrxmega7\libm.a(square.o)
                                 0x60 (size before relaxing)
 .stab          0x00003a68       0x60 c:/program files (x86)/atmel/atmel toolchain/avr8 gcc/native/3.4.2.1002/avr8-gnu-toolchain/bin/../lib/gcc/avr/4.7.2/../../../../avr/lib/avrxmega7\libm.a(unordsf2.o)
                                 0x6c (size before relaxing)
 .stab          0x00003ac8       0xe4 c:/program files (x86)/atmel/atmel toolchain/avr8 gcc/native/3.4.2.1002/avr8-gnu-toolchain/bin/../lib/gcc/avr/4.7.2/../../../../avr/lib/avrxmega7\libm.a(fp_mpack.o)
                                 0xf0 (size before relaxing)
 .stab          0x00003bac       0x84 c:/program files (x86)/atmel/atmel toolchain/avr8 gcc/native/3.4.2.1002/avr8-gnu-toolchain/bin/../lib/gcc/avr/4.7.2/../../../../avr/lib/avrxmega7\libm.a(fp_norm2.o)
                                 0x90 (size before relaxing)
 .stab          0x00003c30      0xa38 c:/program files (x86)/atmel/atmel toolchain/avr8 gcc/native/3.4.2.1002/avr8-gnu-toolchain/bin/../lib/gcc/avr/4.7.2/../../../../avr/lib/avrxmega7\libc.a(ftoa_engine.o)
                                0xa44 (size before relaxing)
 .stab          0x00004668       0x9c c:/program files (x86)/atmel/atmel toolchain/avr8 gcc/native/3.4.2.1002/avr8-gnu-toolchain/bin/../lib/gcc/avr/4.7.2/../../../../avr/lib/avrxmega7\libc.a(strnlen_P.o)
                                 0xa8 (size before relaxing)
 .stab          0x00004704       0xb4 c:/program files (x86)/atmel/atmel toolchain/avr8 gcc/native/3.4.2.1002/avr8-gnu-toolchain/bin/../lib/gcc/avr/4.7.2/../../../../avr/lib/avrxmega7\libc.a(memcmp.o)
                                 0xc0 (size before relaxing)
 .stab          0x000047b8       0x84 c:/program files (x86)/atmel/atmel toolchain/avr8 gcc/native/3.4.2.1002/avr8-gnu-toolchain/bin/../lib/gcc/avr/4.7.2/../../../../avr/lib/avrxmega7\libc.a(memcpy.o)
                                 0x90 (size before relaxing)
 .stab          0x0000483c       0x9c c:/program files (x86)/atmel/atmel toolchain/avr8 gcc/native/3.4.2.1002/avr8-gnu-toolchain/bin/../lib/gcc/avr/4.7.2/../../../../avr/lib/avrxmega7\libc.a(strnlen.o)
                                 0xa8 (size before relaxing)
 .stab          0x000048d8      0x480 c:/program files (x86)/atmel/atmel toolchain/avr8 gcc/native/3.4.2.1002/avr8-gnu-toolchain/bin/../lib/gcc/avr/4.7.2/../../../../avr/lib/avrxmega7\libc.a(ultoa_invert.o)
                                0x48c (size before relaxing)
 .stab          0x00004d58       0x6c c:/program files (x86)/atmel/atmel toolchain/avr8 gcc/native/3.4.2.1002/avr8-gnu-toolchain/bin/../lib/gcc/avr/4.7.2/../../../../avr/lib/avrxmega7\libc.a(memset.o)
                                 0x78 (size before relaxing)

.stabstr        0x00000000     0x133d
 *(.stabstr)
 .stabstr       0x00000000     0x133d c:/program files (x86)/atmel/atmel toolchain/avr8 gcc/native/3.4.2.1002/avr8-gnu-toolchain/bin/../lib/gcc/avr/4.7.2/../../../../avr/lib/avrxmega7/crtx128a1.o

.stab.excl
 *(.stab.excl)

.stab.exclstr
 *(.stab.exclstr)

.stab.index
 *(.stab.index)

.stab.indexstr
 *(.stab.indexstr)

.comment        0x00000000       0x2f
 *(.comment)
 .comment       0x00000000       0x2f src/ASF/common/boards/sensors_xplained/sensors_xplained.o
                                 0x30 (size before relaxing)
 .comment       0x00000000       0x30 src/ASF/common/services/clock/xmega/sysclk.o
 .comment       0x00000000       0x30 src/ASF/common/services/ioport/xmega/ioport_compat.o
 .comment       0x00000000       0x30 src/ASF/common/services/sensors/drivers/akm/ak8975.o
 .comment       0x00000000       0x30 src/ASF/common/services/sensors/drivers/bosch/bma020.o
 .comment       0x00000000       0x30 src/ASF/common/services/sensors/drivers/bosch/bma150.o
 .comment       0x00000000       0x30 src/ASF/common/services/sensors/drivers/bosch/bma180.o
 .comment       0x00000000       0x30 src/ASF/common/services/sensors/drivers/bosch/bma220.o
 .comment       0x00000000       0x30 src/ASF/common/services/sensors/drivers/bosch/bma222.o
 .comment       0x00000000       0x30 src/ASF/common/services/sensors/drivers/bosch/bma250.o
 .comment       0x00000000       0x30 src/ASF/common/services/sensors/drivers/bosch/bma_axis.inc.o
 .comment       0x00000000       0x30 src/ASF/common/services/sensors/drivers/bosch/bmp.o
 .comment       0x00000000       0x30 src/ASF/common/services/sensors/drivers/honeywell/hmc5883l.o
 .comment       0x00000000       0x30 src/ASF/common/services/sensors/drivers/invensense/imu3000.o
 .comment       0x00000000       0x30 src/ASF/common/services/sensors/drivers/invensense/itg3200.o
 .comment       0x00000000       0x30 src/ASF/common/services/sensors/drivers/kionix/kxtf9.o
 .comment       0x00000000       0x30 src/ASF/common/services/sensors/drivers/osram/sfh5712.o
 .comment       0x00000000       0x30 src/ASF/common/services/sensors/drivers/osram/sfh7770.o
 .comment       0x00000000       0x30 src/ASF/common/services/sensors/physics/physics.o
 .comment       0x00000000       0x30 src/ASF/common/services/sensors/sensor.o
 .comment       0x00000000       0x30 src/ASF/common/services/sensors/sensor_bus.o
 .comment       0x00000000       0x30 src/ASF/common/services/sensors/sensor_nvram.o
 .comment       0x00000000       0x30 src/ASF/common/services/sensors/sensor_platform.o
 .comment       0x00000000       0x30 src/ASF/common/services/serial/usart_serial.o
 .comment       0x00000000       0x30 src/ASF/common/utils/stdio/read.o
 .comment       0x00000000       0x30 src/ASF/common/utils/stdio/write.o
 .comment       0x00000000       0x30 src/ASF/xmega/boards/xmega_a1_xplained/init.o
 .comment       0x00000000       0x30 src/ASF/xmega/drivers/nvm/nvm.o
 .comment       0x00000000       0x30 src/ASF/xmega/drivers/twi/twim.o
 .comment       0x00000000       0x30 src/ASF/xmega/drivers/twi/twis.o
 .comment       0x00000000       0x30 src/ASF/xmega/drivers/usart/usart.o
 .comment       0x00000000       0x30 src/main.o
 .comment       0x00000000       0x30 c:/program files (x86)/atmel/atmel toolchain/avr8 gcc/native/3.4.2.1002/avr8-gnu-toolchain/bin/../lib/gcc/avr/4.7.2/../../../../avr/lib/avrxmega7\libprintf_flt.a(vfprintf_flt.o)
 .comment       0x00000000       0x30 c:/program files (x86)/atmel/atmel toolchain/avr8 gcc/native/3.4.2.1002/avr8-gnu-toolchain/bin/../lib/gcc/avr/4.7.2/../../../../avr/lib/avrxmega7\libc.a(fdevopen.o)
 .comment       0x00000000       0x30 c:/program files (x86)/atmel/atmel toolchain/avr8 gcc/native/3.4.2.1002/avr8-gnu-toolchain/bin/../lib/gcc/avr/4.7.2/../../../../avr/lib/avrxmega7\libc.a(fputc.o)
 .comment       0x00000000       0x30 c:/program files (x86)/atmel/atmel toolchain/avr8 gcc/native/3.4.2.1002/avr8-gnu-toolchain/bin/../lib/gcc/avr/4.7.2/../../../../avr/lib/avrxmega7\libc.a(iob.o)
 .comment       0x00000000       0x30 c:/program files (x86)/atmel/atmel toolchain/avr8 gcc/native/3.4.2.1002/avr8-gnu-toolchain/bin/../lib/gcc/avr/4.7.2/../../../../avr/lib/avrxmega7\libc.a(printf.o)
 .comment       0x00000000       0x30 c:/program files (x86)/atmel/atmel toolchain/avr8 gcc/native/3.4.2.1002/avr8-gnu-toolchain/bin/../lib/gcc/avr/4.7.2/../../../../avr/lib/avrxmega7\libc.a(puts.o)
 .comment       0x00000000       0x30 c:/program files (x86)/atmel/atmel toolchain/avr8 gcc/native/3.4.2.1002/avr8-gnu-toolchain/bin/../lib/gcc/avr/4.7.2/../../../../avr/lib/avrxmega7\libc.a(calloc.o)
 .comment       0x00000000       0x30 c:/program files (x86)/atmel/atmel toolchain/avr8 gcc/native/3.4.2.1002/avr8-gnu-toolchain/bin/../lib/gcc/avr/4.7.2/../../../../avr/lib/avrxmega7\libc.a(malloc.o)

.debug
 *(.debug)

.line
 *(.line)

.debug_srcinfo
 *(.debug_srcinfo)

.debug_sfnames
 *(.debug_sfnames)

.debug_aranges  0x00000000      0xa68
 *(.debug_aranges)
 .debug_aranges
                0x00000000       0x30 src/ASF/common/boards/sensors_xplained/sensors_xplained.o
 .debug_aranges
                0x00000030       0x30 src/ASF/common/services/clock/xmega/sysclk.o
 .debug_aranges
                0x00000060       0x20 src/ASF/common/services/ioport/xmega/ioport_compat.o
 .debug_aranges
                0x00000080       0x48 src/ASF/common/services/sensors/drivers/akm/ak8975.o
 .debug_aranges
                0x000000c8       0x48 src/ASF/common/services/sensors/drivers/bosch/bma020.o
 .debug_aranges
                0x00000110       0x58 src/ASF/common/services/sensors/drivers/bosch/bma150.o
 .debug_aranges
                0x00000168       0x48 src/ASF/common/services/sensors/drivers/bosch/bma180.o
 .debug_aranges
                0x000001b0       0x68 src/ASF/common/services/sensors/drivers/bosch/bma220.o
 .debug_aranges
                0x00000218       0x60 src/ASF/common/services/sensors/drivers/bosch/bma222.o
 .debug_aranges
                0x00000278       0x60 src/ASF/common/services/sensors/drivers/bosch/bma250.o
 .debug_aranges
                0x000002d8       0x18 src/ASF/common/services/sensors/drivers/bosch/bma_axis.inc.o
 .debug_aranges
                0x000002f0       0x48 src/ASF/common/services/sensors/drivers/bosch/bmp.o
 .debug_aranges
                0x00000338       0x70 src/ASF/common/services/sensors/drivers/honeywell/hmc5883l.o
 .debug_aranges
                0x000003a8       0x50 src/ASF/common/services/sensors/drivers/invensense/imu3000.o
 .debug_aranges
                0x000003f8       0x50 src/ASF/common/services/sensors/drivers/invensense/itg3200.o
 .debug_aranges
                0x00000448       0x60 src/ASF/common/services/sensors/drivers/kionix/kxtf9.o
 .debug_aranges
                0x000004a8       0x30 src/ASF/common/services/sensors/drivers/osram/sfh5712.o
 .debug_aranges
                0x000004d8       0x48 src/ASF/common/services/sensors/drivers/osram/sfh7770.o
 .debug_aranges
                0x00000520       0x20 src/ASF/common/services/sensors/physics/physics.o
 .debug_aranges
                0x00000540       0xb0 src/ASF/common/services/sensors/sensor.o
 .debug_aranges
                0x000005f0       0x48 src/ASF/common/services/sensors/sensor_bus.o
 .debug_aranges
                0x00000638       0x28 src/ASF/common/services/sensors/sensor_nvram.o
 .debug_aranges
                0x00000660       0x50 src/ASF/common/services/sensors/sensor_platform.o
 .debug_aranges
                0x000006b0       0x28 src/ASF/common/services/serial/usart_serial.o
 .debug_aranges
                0x000006d8       0x20 src/ASF/common/utils/stdio/read.o
 .debug_aranges
                0x000006f8       0x20 src/ASF/common/utils/stdio/write.o
 .debug_aranges
                0x00000718       0x20 src/ASF/xmega/boards/xmega_a1_xplained/init.o
 .debug_aranges
                0x00000738       0x20 src/ASF/xmega/drivers/cpu/ccp.o
 .debug_aranges
                0x00000758       0xc0 src/ASF/xmega/drivers/nvm/nvm.o
 .debug_aranges
                0x00000818       0x28 src/ASF/xmega/drivers/nvm/nvm_asm.o
 .debug_aranges
                0x00000840       0x50 src/ASF/xmega/drivers/twi/twim.o
 .debug_aranges
                0x00000890       0x60 src/ASF/xmega/drivers/twi/twis.o
 .debug_aranges
                0x000008f0       0x58 src/ASF/xmega/drivers/usart/usart.o
 .debug_aranges
                0x00000948       0x20 src/main.o
 .debug_aranges
                0x00000968       0x20 c:/program files (x86)/atmel/atmel toolchain/avr8 gcc/native/3.4.2.1002/avr8-gnu-toolchain/bin/../lib/gcc/avr/4.7.2/../../../../avr/lib/avrxmega7\libprintf_flt.a(vfprintf_flt.o)
 .debug_aranges
                0x00000988       0x20 c:/program files (x86)/atmel/atmel toolchain/avr8 gcc/native/3.4.2.1002/avr8-gnu-toolchain/bin/../lib/gcc/avr/4.7.2/../../../../avr/lib/avrxmega7\libc.a(fdevopen.o)
 .debug_aranges
                0x000009a8       0x20 c:/program files (x86)/atmel/atmel toolchain/avr8 gcc/native/3.4.2.1002/avr8-gnu-toolchain/bin/../lib/gcc/avr/4.7.2/../../../../avr/lib/avrxmega7\libc.a(fputc.o)
 .debug_aranges
                0x000009c8       0x18 c:/program files (x86)/atmel/atmel toolchain/avr8 gcc/native/3.4.2.1002/avr8-gnu-toolchain/bin/../lib/gcc/avr/4.7.2/../../../../avr/lib/avrxmega7\libc.a(iob.o)
 .debug_aranges
                0x000009e0       0x20 c:/program files (x86)/atmel/atmel toolchain/avr8 gcc/native/3.4.2.1002/avr8-gnu-toolchain/bin/../lib/gcc/avr/4.7.2/../../../../avr/lib/avrxmega7\libc.a(printf.o)
 .debug_aranges
                0x00000a00       0x20 c:/program files (x86)/atmel/atmel toolchain/avr8 gcc/native/3.4.2.1002/avr8-gnu-toolchain/bin/../lib/gcc/avr/4.7.2/../../../../avr/lib/avrxmega7\libc.a(puts.o)
 .debug_aranges
                0x00000a20       0x20 c:/program files (x86)/atmel/atmel toolchain/avr8 gcc/native/3.4.2.1002/avr8-gnu-toolchain/bin/../lib/gcc/avr/4.7.2/../../../../avr/lib/avrxmega7\libc.a(calloc.o)
 .debug_aranges
                0x00000a40       0x28 c:/program files (x86)/atmel/atmel toolchain/avr8 gcc/native/3.4.2.1002/avr8-gnu-toolchain/bin/../lib/gcc/avr/4.7.2/../../../../avr/lib/avrxmega7\libc.a(malloc.o)

.debug_pubnames
 *(.debug_pubnames)

.debug_info     0x00000000    0x2eef8
 *(.debug_info)
 .debug_info    0x00000000      0x93f src/ASF/common/boards/sensors_xplained/sensors_xplained.o
 .debug_info    0x0000093f      0x94f src/ASF/common/services/clock/xmega/sysclk.o
 .debug_info    0x0000128e      0x11d src/ASF/common/services/ioport/xmega/ioport_compat.o
 .debug_info    0x000013ab     0x1dee src/ASF/common/services/sensors/drivers/akm/ak8975.o
 .debug_info    0x00003199     0x17eb src/ASF/common/services/sensors/drivers/bosch/bma020.o
 .debug_info    0x00004984     0x2cda src/ASF/common/services/sensors/drivers/bosch/bma150.o
 .debug_info    0x0000765e     0x190b src/ASF/common/services/sensors/drivers/bosch/bma180.o
 .debug_info    0x00008f69     0x28cc src/ASF/common/services/sensors/drivers/bosch/bma220.o
 .debug_info    0x0000b835     0x2a19 src/ASF/common/services/sensors/drivers/bosch/bma222.o
 .debug_info    0x0000e24e     0x2a51 src/ASF/common/services/sensors/drivers/bosch/bma250.o
 .debug_info    0x00010c9f      0x123 src/ASF/common/services/sensors/drivers/bosch/bma_axis.inc.o
 .debug_info    0x00010dc2     0x1bb5 src/ASF/common/services/sensors/drivers/bosch/bmp.o
 .debug_info    0x00012977     0x24d4 src/ASF/common/services/sensors/drivers/honeywell/hmc5883l.o
 .debug_info    0x00014e4b     0x24d9 src/ASF/common/services/sensors/drivers/invensense/imu3000.o
 .debug_info    0x00017324     0x221b src/ASF/common/services/sensors/drivers/invensense/itg3200.o
 .debug_info    0x0001953f     0x2adf src/ASF/common/services/sensors/drivers/kionix/kxtf9.o
 .debug_info    0x0001c01e     0x13a2 src/ASF/common/services/sensors/drivers/osram/sfh5712.o
 .debug_info    0x0001d3c0     0x281e src/ASF/common/services/sensors/drivers/osram/sfh7770.o
 .debug_info    0x0001fbde      0x284 src/ASF/common/services/sensors/physics/physics.o
 .debug_info    0x0001fe62     0x1be7 src/ASF/common/services/sensors/sensor.o
 .debug_info    0x00021a49     0x29c7 src/ASF/common/services/sensors/sensor_bus.o
 .debug_info    0x00024410      0x31f src/ASF/common/services/sensors/sensor_nvram.o
 .debug_info    0x0002472f     0x188f src/ASF/common/services/sensors/sensor_platform.o
 .debug_info    0x00025fbe      0x393 src/ASF/common/services/serial/usart_serial.o
 .debug_info    0x00026351      0x119 src/ASF/common/utils/stdio/read.o
 .debug_info    0x0002646a      0x119 src/ASF/common/utils/stdio/write.o
 .debug_info    0x00026583      0x8f5 src/ASF/xmega/boards/xmega_a1_xplained/init.o
 .debug_info    0x00026e78       0xa3 src/ASF/xmega/drivers/cpu/ccp.o
 .debug_info    0x00026f1b     0x138d src/ASF/xmega/drivers/nvm/nvm.o
 .debug_info    0x000282a8       0xa3 src/ASF/xmega/drivers/nvm/nvm_asm.o
 .debug_info    0x0002834b      0x888 src/ASF/xmega/drivers/twi/twim.o
 .debug_info    0x00028bd3      0x6c8 src/ASF/xmega/drivers/twi/twis.o
 .debug_info    0x0002929b     0x3323 src/ASF/xmega/drivers/usart/usart.o
 .debug_info    0x0002c5be     0x15e5 src/main.o
 .debug_info    0x0002dba3      0x7d1 c:/program files (x86)/atmel/atmel toolchain/avr8 gcc/native/3.4.2.1002/avr8-gnu-toolchain/bin/../lib/gcc/avr/4.7.2/../../../../avr/lib/avrxmega7\libprintf_flt.a(vfprintf_flt.o)
 .debug_info    0x0002e374      0x1d7 c:/program files (x86)/atmel/atmel toolchain/avr8 gcc/native/3.4.2.1002/avr8-gnu-toolchain/bin/../lib/gcc/avr/4.7.2/../../../../avr/lib/avrxmega7\libc.a(fdevopen.o)
 .debug_info    0x0002e54b      0x174 c:/program files (x86)/atmel/atmel toolchain/avr8 gcc/native/3.4.2.1002/avr8-gnu-toolchain/bin/../lib/gcc/avr/4.7.2/../../../../avr/lib/avrxmega7\libc.a(fputc.o)
 .debug_info    0x0002e6bf      0x14e c:/program files (x86)/atmel/atmel toolchain/avr8 gcc/native/3.4.2.1002/avr8-gnu-toolchain/bin/../lib/gcc/avr/4.7.2/../../../../avr/lib/avrxmega7\libc.a(iob.o)
 .debug_info    0x0002e80d      0x1fa c:/program files (x86)/atmel/atmel toolchain/avr8 gcc/native/3.4.2.1002/avr8-gnu-toolchain/bin/../lib/gcc/avr/4.7.2/../../../../avr/lib/avrxmega7\libc.a(printf.o)
 .debug_info    0x0002ea07      0x1a9 c:/program files (x86)/atmel/atmel toolchain/avr8 gcc/native/3.4.2.1002/avr8-gnu-toolchain/bin/../lib/gcc/avr/4.7.2/../../../../avr/lib/avrxmega7\libc.a(puts.o)
 .debug_info    0x0002ebb0      0x10b c:/program files (x86)/atmel/atmel toolchain/avr8 gcc/native/3.4.2.1002/avr8-gnu-toolchain/bin/../lib/gcc/avr/4.7.2/../../../../avr/lib/avrxmega7\libc.a(calloc.o)
 .debug_info    0x0002ecbb      0x23d c:/program files (x86)/atmel/atmel toolchain/avr8 gcc/native/3.4.2.1002/avr8-gnu-toolchain/bin/../lib/gcc/avr/4.7.2/../../../../avr/lib/avrxmega7\libc.a(malloc.o)
 *(.gnu.linkonce.wi.*)

.debug_abbrev   0x00000000     0x6c6c
 *(.debug_abbrev)
 .debug_abbrev  0x00000000      0x27d src/ASF/common/boards/sensors_xplained/sensors_xplained.o
 .debug_abbrev  0x0000027d      0x273 src/ASF/common/services/clock/xmega/sysclk.o
 .debug_abbrev  0x000004f0       0x93 src/ASF/common/services/ioport/xmega/ioport_compat.o
 .debug_abbrev  0x00000583      0x406 src/ASF/common/services/sensors/drivers/akm/ak8975.o
 .debug_abbrev  0x00000989      0x3b3 src/ASF/common/services/sensors/drivers/bosch/bma020.o
 .debug_abbrev  0x00000d3c      0x435 src/ASF/common/services/sensors/drivers/bosch/bma150.o
 .debug_abbrev  0x00001171      0x403 src/ASF/common/services/sensors/drivers/bosch/bma180.o
 .debug_abbrev  0x00001574      0x4e3 src/ASF/common/services/sensors/drivers/bosch/bma220.o
 .debug_abbrev  0x00001a57      0x4a7 src/ASF/common/services/sensors/drivers/bosch/bma222.o
 .debug_abbrev  0x00001efe      0x4a7 src/ASF/common/services/sensors/drivers/bosch/bma250.o
 .debug_abbrev  0x000023a5       0x9d src/ASF/common/services/sensors/drivers/bosch/bma_axis.inc.o
 .debug_abbrev  0x00002442      0x413 src/ASF/common/services/sensors/drivers/bosch/bmp.o
 .debug_abbrev  0x00002855      0x46b src/ASF/common/services/sensors/drivers/honeywell/hmc5883l.o
 .debug_abbrev  0x00002cc0      0x466 src/ASF/common/services/sensors/drivers/invensense/imu3000.o
 .debug_abbrev  0x00003126      0x45a src/ASF/common/services/sensors/drivers/invensense/itg3200.o
 .debug_abbrev  0x00003580      0x45c src/ASF/common/services/sensors/drivers/kionix/kxtf9.o
 .debug_abbrev  0x000039dc      0x2f6 src/ASF/common/services/sensors/drivers/osram/sfh5712.o
 .debug_abbrev  0x00003cd2      0x44c src/ASF/common/services/sensors/drivers/osram/sfh7770.o
 .debug_abbrev  0x0000411e      0x13a src/ASF/common/services/sensors/physics/physics.o
 .debug_abbrev  0x00004258      0x3c9 src/ASF/common/services/sensors/sensor.o
 .debug_abbrev  0x00004621      0x3e3 src/ASF/common/services/sensors/sensor_bus.o
 .debug_abbrev  0x00004a04      0x144 src/ASF/common/services/sensors/sensor_nvram.o
 .debug_abbrev  0x00004b48      0x3e5 src/ASF/common/services/sensors/sensor_platform.o
 .debug_abbrev  0x00004f2d      0x18b src/ASF/common/services/serial/usart_serial.o
 .debug_abbrev  0x000050b8       0xc5 src/ASF/common/utils/stdio/read.o
 .debug_abbrev  0x0000517d       0xa7 src/ASF/common/utils/stdio/write.o
 .debug_abbrev  0x00005224      0x16d src/ASF/xmega/boards/xmega_a1_xplained/init.o
 .debug_abbrev  0x00005391       0x14 src/ASF/xmega/drivers/cpu/ccp.o
 .debug_abbrev  0x000053a5      0x3f4 src/ASF/xmega/drivers/nvm/nvm.o
 .debug_abbrev  0x00005799       0x12 src/ASF/xmega/drivers/nvm/nvm_asm.o
 .debug_abbrev  0x000057ab      0x2a3 src/ASF/xmega/drivers/twi/twim.o
 .debug_abbrev  0x00005a4e      0x216 src/ASF/xmega/drivers/twi/twis.o
 .debug_abbrev  0x00005c64      0x3e8 src/ASF/xmega/drivers/usart/usart.o
 .debug_abbrev  0x0000604c      0x34d src/main.o
 .debug_abbrev  0x00006399      0x1d4 c:/program files (x86)/atmel/atmel toolchain/avr8 gcc/native/3.4.2.1002/avr8-gnu-toolchain/bin/../lib/gcc/avr/4.7.2/../../../../avr/lib/avrxmega7\libprintf_flt.a(vfprintf_flt.o)
 .debug_abbrev  0x0000656d      0x127 c:/program files (x86)/atmel/atmel toolchain/avr8 gcc/native/3.4.2.1002/avr8-gnu-toolchain/bin/../lib/gcc/avr/4.7.2/../../../../avr/lib/avrxmega7\libc.a(fdevopen.o)
 .debug_abbrev  0x00006694       0xf1 c:/program files (x86)/atmel/atmel toolchain/avr8 gcc/native/3.4.2.1002/avr8-gnu-toolchain/bin/../lib/gcc/avr/4.7.2/../../../../avr/lib/avrxmega7\libc.a(fputc.o)
 .debug_abbrev  0x00006785       0xc1 c:/program files (x86)/atmel/atmel toolchain/avr8 gcc/native/3.4.2.1002/avr8-gnu-toolchain/bin/../lib/gcc/avr/4.7.2/../../../../avr/lib/avrxmega7\libc.a(iob.o)
 .debug_abbrev  0x00006846      0x149 c:/program files (x86)/atmel/atmel toolchain/avr8 gcc/native/3.4.2.1002/avr8-gnu-toolchain/bin/../lib/gcc/avr/4.7.2/../../../../avr/lib/avrxmega7\libc.a(printf.o)
 .debug_abbrev  0x0000698f      0x119 c:/program files (x86)/atmel/atmel toolchain/avr8 gcc/native/3.4.2.1002/avr8-gnu-toolchain/bin/../lib/gcc/avr/4.7.2/../../../../avr/lib/avrxmega7\libc.a(puts.o)
 .debug_abbrev  0x00006aa8       0xcb c:/program files (x86)/atmel/atmel toolchain/avr8 gcc/native/3.4.2.1002/avr8-gnu-toolchain/bin/../lib/gcc/avr/4.7.2/../../../../avr/lib/avrxmega7\libc.a(calloc.o)
 .debug_abbrev  0x00006b73       0xf9 c:/program files (x86)/atmel/atmel toolchain/avr8 gcc/native/3.4.2.1002/avr8-gnu-toolchain/bin/../lib/gcc/avr/4.7.2/../../../../avr/lib/avrxmega7\libc.a(malloc.o)

.debug_line     0x00000000    0x186b9
 *(.debug_line)
 .debug_line    0x00000000      0x867 src/ASF/common/boards/sensors_xplained/sensors_xplained.o
 .debug_line    0x00000867      0x7be src/ASF/common/services/clock/xmega/sysclk.o
 .debug_line    0x00001025      0x4d5 src/ASF/common/services/ioport/xmega/ioport_compat.o
 .debug_line    0x000014fa      0xe82 src/ASF/common/services/sensors/drivers/akm/ak8975.o
 .debug_line    0x0000237c      0xd49 src/ASF/common/services/sensors/drivers/bosch/bma020.o
 .debug_line    0x000030c5     0x11e8 src/ASF/common/services/sensors/drivers/bosch/bma150.o
 .debug_line    0x000042ad      0xd92 src/ASF/common/services/sensors/drivers/bosch/bma180.o
 .debug_line    0x0000503f     0x123e src/ASF/common/services/sensors/drivers/bosch/bma220.o
 .debug_line    0x0000627d     0x1178 src/ASF/common/services/sensors/drivers/bosch/bma222.o
 .debug_line    0x000073f5     0x1194 src/ASF/common/services/sensors/drivers/bosch/bma250.o
 .debug_line    0x00008589      0xa91 src/ASF/common/services/sensors/drivers/bosch/bma_axis.inc.o
 .debug_line    0x0000901a      0xe0a src/ASF/common/services/sensors/drivers/bosch/bmp.o
 .debug_line    0x00009e24     0x1011 src/ASF/common/services/sensors/drivers/honeywell/hmc5883l.o
 .debug_line    0x0000ae35      0xf14 src/ASF/common/services/sensors/drivers/invensense/imu3000.o
 .debug_line    0x0000bd49      0xec4 src/ASF/common/services/sensors/drivers/invensense/itg3200.o
 .debug_line    0x0000cc0d     0x127e src/ASF/common/services/sensors/drivers/kionix/kxtf9.o
 .debug_line    0x0000de8b      0xbb5 src/ASF/common/services/sensors/drivers/osram/sfh5712.o
 .debug_line    0x0000ea40     0x1200 src/ASF/common/services/sensors/drivers/osram/sfh7770.o
 .debug_line    0x0000fc40      0x278 src/ASF/common/services/sensors/physics/physics.o
 .debug_line    0x0000feb8      0xfb4 src/ASF/common/services/sensors/sensor.o
 .debug_line    0x00010e6c      0xd93 src/ASF/common/services/sensors/sensor_bus.o
 .debug_line    0x00011bff      0x726 src/ASF/common/services/sensors/sensor_nvram.o
 .debug_line    0x00012325      0xbcd src/ASF/common/services/sensors/sensor_platform.o
 .debug_line    0x00012ef2      0x7c9 src/ASF/common/services/serial/usart_serial.o
 .debug_line    0x000136bb      0x3f9 src/ASF/common/utils/stdio/read.o
 .debug_line    0x00013ab4      0x400 src/ASF/common/utils/stdio/write.o
 .debug_line    0x00013eb4      0x5d6 src/ASF/xmega/boards/xmega_a1_xplained/init.o
 .debug_line    0x0001448a       0x6e src/ASF/xmega/drivers/cpu/ccp.o
 .debug_line    0x000144f8      0xbb3 src/ASF/xmega/drivers/nvm/nvm.o
 .debug_line    0x000150ab      0x11f src/ASF/xmega/drivers/nvm/nvm_asm.o
 .debug_line    0x000151ca      0x679 src/ASF/xmega/drivers/twi/twim.o
 .debug_line    0x00015843      0x65c src/ASF/xmega/drivers/twi/twis.o
 .debug_line    0x00015e9f      0xe68 src/ASF/xmega/drivers/usart/usart.o
 .debug_line    0x00016d07      0xade src/main.o
 .debug_line    0x000177e5      0x501 c:/program files (x86)/atmel/atmel toolchain/avr8 gcc/native/3.4.2.1002/avr8-gnu-toolchain/bin/../lib/gcc/avr/4.7.2/../../../../avr/lib/avrxmega7\libprintf_flt.a(vfprintf_flt.o)
 .debug_line    0x00017ce6      0x1b3 c:/program files (x86)/atmel/atmel toolchain/avr8 gcc/native/3.4.2.1002/avr8-gnu-toolchain/bin/../lib/gcc/avr/4.7.2/../../../../avr/lib/avrxmega7\libc.a(fdevopen.o)
 .debug_line    0x00017e99      0x104 c:/program files (x86)/atmel/atmel toolchain/avr8 gcc/native/3.4.2.1002/avr8-gnu-toolchain/bin/../lib/gcc/avr/4.7.2/../../../../avr/lib/avrxmega7\libc.a(fputc.o)
 .debug_line    0x00017f9d       0xeb c:/program files (x86)/atmel/atmel toolchain/avr8 gcc/native/3.4.2.1002/avr8-gnu-toolchain/bin/../lib/gcc/avr/4.7.2/../../../../avr/lib/avrxmega7\libc.a(iob.o)
 .debug_line    0x00018088      0x18e c:/program files (x86)/atmel/atmel toolchain/avr8 gcc/native/3.4.2.1002/avr8-gnu-toolchain/bin/../lib/gcc/avr/4.7.2/../../../../avr/lib/avrxmega7\libc.a(printf.o)
 .debug_line    0x00018216      0x110 c:/program files (x86)/atmel/atmel toolchain/avr8 gcc/native/3.4.2.1002/avr8-gnu-toolchain/bin/../lib/gcc/avr/4.7.2/../../../../avr/lib/avrxmega7\libc.a(puts.o)
 .debug_line    0x00018326      0x185 c:/program files (x86)/atmel/atmel toolchain/avr8 gcc/native/3.4.2.1002/avr8-gnu-toolchain/bin/../lib/gcc/avr/4.7.2/../../../../avr/lib/avrxmega7\libc.a(calloc.o)
 .debug_line    0x000184ab      0x20e c:/program files (x86)/atmel/atmel toolchain/avr8 gcc/native/3.4.2.1002/avr8-gnu-toolchain/bin/../lib/gcc/avr/4.7.2/../../../../avr/lib/avrxmega7\libc.a(malloc.o)

.debug_frame    0x00000000     0x28a8
 *(.debug_frame)
 .debug_frame   0x00000000       0x8c src/ASF/common/boards/sensors_xplained/sensors_xplained.o
 .debug_frame   0x0000008c       0x44 src/ASF/common/services/clock/xmega/sysclk.o
 .debug_frame   0x000000d0       0x30 src/ASF/common/services/ioport/xmega/ioport_compat.o
 .debug_frame   0x00000100      0x1ac src/ASF/common/services/sensors/drivers/akm/ak8975.o
 .debug_frame   0x000002ac      0x180 src/ASF/common/services/sensors/drivers/bosch/bma020.o
 .debug_frame   0x0000042c      0x1d8 src/ASF/common/services/sensors/drivers/bosch/bma150.o
 .debug_frame   0x00000604      0x180 src/ASF/common/services/sensors/drivers/bosch/bma180.o
 .debug_frame   0x00000784      0x210 src/ASF/common/services/sensors/drivers/bosch/bma220.o
 .debug_frame   0x00000994      0x214 src/ASF/common/services/sensors/drivers/bosch/bma222.o
 .debug_frame   0x00000ba8      0x214 src/ASF/common/services/sensors/drivers/bosch/bma250.o
 .debug_frame   0x00000dbc      0x174 src/ASF/common/services/sensors/drivers/bosch/bmp.o
 .debug_frame   0x00000f30      0x264 src/ASF/common/services/sensors/drivers/honeywell/hmc5883l.o
 .debug_frame   0x00001194      0x1e8 src/ASF/common/services/sensors/drivers/invensense/imu3000.o
 .debug_frame   0x0000137c      0x1d4 src/ASF/common/services/sensors/drivers/invensense/itg3200.o
 .debug_frame   0x00001550      0x240 src/ASF/common/services/sensors/drivers/kionix/kxtf9.o
 .debug_frame   0x00001790       0xa8 src/ASF/common/services/sensors/drivers/osram/sfh5712.o
 .debug_frame   0x00001838      0x170 src/ASF/common/services/sensors/drivers/osram/sfh7770.o
 .debug_frame   0x000019a8       0x84 src/ASF/common/services/sensors/physics/physics.o
 .debug_frame   0x00001a2c      0x23c src/ASF/common/services/sensors/sensor.o
 .debug_frame   0x00001c68      0x11c src/ASF/common/services/sensors/sensor_bus.o
 .debug_frame   0x00001d84       0x3c src/ASF/common/services/sensors/sensor_nvram.o
 .debug_frame   0x00001dc0       0xc4 src/ASF/common/services/sensors/sensor_platform.o
 .debug_frame   0x00001e84       0x74 src/ASF/common/services/serial/usart_serial.o
 .debug_frame   0x00001ef8       0x34 src/ASF/common/utils/stdio/read.o
 .debug_frame   0x00001f2c       0x24 src/ASF/common/utils/stdio/write.o
 .debug_frame   0x00001f50       0x24 src/ASF/xmega/boards/xmega_a1_xplained/init.o
 .debug_frame   0x00001f74      0x354 src/ASF/xmega/drivers/nvm/nvm.o
 .debug_frame   0x000022c8      0x1b0 src/ASF/xmega/drivers/twi/twim.o
 .debug_frame   0x00002478       0xbc src/ASF/xmega/drivers/twi/twis.o
 .debug_frame   0x00002534      0x140 src/ASF/xmega/drivers/usart/usart.o
 .debug_frame   0x00002674       0x34 src/main.o
 .debug_frame   0x000026a8       0x84 c:/program files (x86)/atmel/atmel toolchain/avr8 gcc/native/3.4.2.1002/avr8-gnu-toolchain/bin/../lib/gcc/avr/4.7.2/../../../../avr/lib/avrxmega7\libprintf_flt.a(vfprintf_flt.o)
 .debug_frame   0x0000272c       0x38 c:/program files (x86)/atmel/atmel toolchain/avr8 gcc/native/3.4.2.1002/avr8-gnu-toolchain/bin/../lib/gcc/avr/4.7.2/../../../../avr/lib/avrxmega7\libc.a(fdevopen.o)
 .debug_frame   0x00002764       0x38 c:/program files (x86)/atmel/atmel toolchain/avr8 gcc/native/3.4.2.1002/avr8-gnu-toolchain/bin/../lib/gcc/avr/4.7.2/../../../../avr/lib/avrxmega7\libc.a(fputc.o)
 .debug_frame   0x0000279c       0x34 c:/program files (x86)/atmel/atmel toolchain/avr8 gcc/native/3.4.2.1002/avr8-gnu-toolchain/bin/../lib/gcc/avr/4.7.2/../../../../avr/lib/avrxmega7\libc.a(printf.o)
 .debug_frame   0x000027d0       0x38 c:/program files (x86)/atmel/atmel toolchain/avr8 gcc/native/3.4.2.1002/avr8-gnu-toolchain/bin/../lib/gcc/avr/4.7.2/../../../../avr/lib/avrxmega7\libc.a(puts.o)
 .debug_frame   0x00002808       0x38 c:/program files (x86)/atmel/atmel toolchain/avr8 gcc/native/3.4.2.1002/avr8-gnu-toolchain/bin/../lib/gcc/avr/4.7.2/../../../../avr/lib/avrxmega7\libc.a(calloc.o)
 .debug_frame   0x00002840       0x68 c:/program files (x86)/atmel/atmel toolchain/avr8 gcc/native/3.4.2.1002/avr8-gnu-toolchain/bin/../lib/gcc/avr/4.7.2/../../../../avr/lib/avrxmega7\libc.a(malloc.o)

.debug_str      0x00000000    0x33545
 *(.debug_str)
 .debug_str     0x00000000    0x23f6e src/ASF/common/boards/sensors_xplained/sensors_xplained.o
                              0x24666 (size before relaxing)
 .debug_str     0x00023f6e      0x2f5 src/ASF/common/services/clock/xmega/sysclk.o
                              0x245f8 (size before relaxing)
 .debug_str     0x00024263       0x41 src/ASF/common/services/ioport/xmega/ioport_compat.o
                              0x21a17 (size before relaxing)
 .debug_str     0x000242a4     0x3054 src/ASF/common/services/sensors/drivers/akm/ak8975.o
                              0x27444 (size before relaxing)
 .debug_str     0x000272f8      0x754 src/ASF/common/services/sensors/drivers/bosch/bma020.o
                              0x272a4 (size before relaxing)
 .debug_str     0x00027a4c      0x987 src/ASF/common/services/sensors/drivers/bosch/bma150.o
                              0x27940 (size before relaxing)
 .debug_str     0x000283d3     0x13d4 src/ASF/common/services/sensors/drivers/bosch/bma180.o
                              0x27ffa (size before relaxing)
 .debug_str     0x000297a7      0xde3 src/ASF/common/services/sensors/drivers/bosch/bma220.o
                              0x27c49 (size before relaxing)
 .debug_str     0x0002a58a     0x1403 src/ASF/common/services/sensors/drivers/bosch/bma222.o
                              0x28356 (size before relaxing)
 .debug_str     0x0002b98d     0x1258 src/ASF/common/services/sensors/drivers/bosch/bma250.o
                              0x282e4 (size before relaxing)
 .debug_str     0x0002cbe5       0x40 src/ASF/common/services/sensors/drivers/bosch/bma_axis.inc.o
                              0x259c9 (size before relaxing)
 .debug_str     0x0002cc25      0x4ab src/ASF/common/services/sensors/drivers/bosch/bmp.o
                              0x271b3 (size before relaxing)
 .debug_str     0x0002d0d0      0x8ee src/ASF/common/services/sensors/drivers/honeywell/hmc5883l.o
                              0x27b54 (size before relaxing)
 .debug_str     0x0002d9be      0xc4c src/ASF/common/services/sensors/drivers/invensense/imu3000.o
                              0x27ab0 (size before relaxing)
 .debug_str     0x0002e60a      0x366 src/ASF/common/services/sensors/drivers/invensense/itg3200.o
                              0x274d0 (size before relaxing)
 .debug_str     0x0002e970     0x10ed src/ASF/common/services/sensors/drivers/kionix/kxtf9.o
                              0x28183 (size before relaxing)
 .debug_str     0x0002fa5d      0x250 src/ASF/common/services/sensors/drivers/osram/sfh5712.o
                              0x26d74 (size before relaxing)
 .debug_str     0x0002fcad      0xe67 src/ASF/common/services/sensors/drivers/osram/sfh7770.o
                              0x27dc5 (size before relaxing)
 .debug_str     0x00030b14       0x79 src/ASF/common/services/sensors/physics/physics.o
                               0x2864 (size before relaxing)
 .debug_str     0x00030b8d      0x2a0 src/ASF/common/services/sensors/sensor.o
                              0x26ff5 (size before relaxing)
 .debug_str     0x00030e2d      0xa61 src/ASF/common/services/sensors/sensor_bus.o
                              0x26988 (size before relaxing)
 .debug_str     0x0003188e       0xb3 src/ASF/common/services/sensors/sensor_nvram.o
                              0x24504 (size before relaxing)
 .debug_str     0x00031941      0x5b2 src/ASF/common/services/sensors/sensor_platform.o
                              0x276b5 (size before relaxing)
 .debug_str     0x00031ef3       0x64 src/ASF/common/services/serial/usart_serial.o
                              0x24465 (size before relaxing)
 .debug_str     0x00031f57       0x25 src/ASF/common/utils/stdio/read.o
                              0x2137e (size before relaxing)
 .debug_str     0x00031f7c       0x26 src/ASF/common/utils/stdio/write.o
                              0x21380 (size before relaxing)
 .debug_str     0x00031fa2       0x31 src/ASF/xmega/boards/xmega_a1_xplained/init.o
                              0x238df (size before relaxing)
 .debug_str     0x00031fd3      0x7bb src/ASF/xmega/drivers/nvm/nvm.o
                              0x21e77 (size before relaxing)
 .debug_str     0x0003278e      0x246 src/ASF/xmega/drivers/twi/twim.o
                              0x21966 (size before relaxing)
 .debug_str     0x000329d4      0x32a src/ASF/xmega/drivers/twi/twis.o
                              0x21822 (size before relaxing)
 .debug_str     0x00032cfe      0x32e src/ASF/xmega/drivers/usart/usart.o
                              0x254c0 (size before relaxing)
 .debug_str     0x0003302c       0xbd src/main.o
                              0x2701a (size before relaxing)
 .debug_str     0x000330e9      0x100 c:/program files (x86)/atmel/atmel toolchain/avr8 gcc/native/3.4.2.1002/avr8-gnu-toolchain/bin/../lib/gcc/avr/4.7.2/../../../../avr/lib/avrxmega7\libprintf_flt.a(vfprintf_flt.o)
                                0x1e8 (size before relaxing)
 .debug_str     0x000331e9       0x72 c:/program files (x86)/atmel/atmel toolchain/avr8 gcc/native/3.4.2.1002/avr8-gnu-toolchain/bin/../lib/gcc/avr/4.7.2/../../../../avr/lib/avrxmega7\libc.a(fdevopen.o)
                                0x120 (size before relaxing)
 .debug_str     0x0003325b       0x62 c:/program files (x86)/atmel/atmel toolchain/avr8 gcc/native/3.4.2.1002/avr8-gnu-toolchain/bin/../lib/gcc/avr/4.7.2/../../../../avr/lib/avrxmega7\libc.a(fputc.o)
                                0x10d (size before relaxing)
 .debug_str     0x000332bd       0x60 c:/program files (x86)/atmel/atmel toolchain/avr8 gcc/native/3.4.2.1002/avr8-gnu-toolchain/bin/../lib/gcc/avr/4.7.2/../../../../avr/lib/avrxmega7\libc.a(iob.o)
                                0x10d (size before relaxing)
 .debug_str     0x0003331d       0x63 c:/program files (x86)/atmel/atmel toolchain/avr8 gcc/native/3.4.2.1002/avr8-gnu-toolchain/bin/../lib/gcc/avr/4.7.2/../../../../avr/lib/avrxmega7\libc.a(printf.o)
                                0x140 (size before relaxing)
 .debug_str     0x00033380       0x61 c:/program files (x86)/atmel/atmel toolchain/avr8 gcc/native/3.4.2.1002/avr8-gnu-toolchain/bin/../lib/gcc/avr/4.7.2/../../../../avr/lib/avrxmega7\libc.a(puts.o)
                                0x10a (size before relaxing)
 .debug_str     0x000333e1       0x77 c:/program files (x86)/atmel/atmel toolchain/avr8 gcc/native/3.4.2.1002/avr8-gnu-toolchain/bin/../lib/gcc/avr/4.7.2/../../../../avr/lib/avrxmega7\libc.a(calloc.o)
                                 0xb5 (size before relaxing)
 .debug_str     0x00033458       0xed c:/program files (x86)/atmel/atmel toolchain/avr8 gcc/native/3.4.2.1002/avr8-gnu-toolchain/bin/../lib/gcc/avr/4.7.2/../../../../avr/lib/avrxmega7\libc.a(malloc.o)
                                0x17c (size before relaxing)

.debug_loc      0x00000000    0x18c98
 *(.debug_loc)
 .debug_loc     0x00000000      0x2ee src/ASF/common/boards/sensors_xplained/sensors_xplained.o
 .debug_loc     0x000002ee      0x2ba src/ASF/common/services/clock/xmega/sysclk.o
 .debug_loc     0x000005a8       0x43 src/ASF/common/services/ioport/xmega/ioport_compat.o